Archive member included to satisfy reference by file (symbol)

D:/programs/STM32Cube/STM32CUBEIDE/STM32CubeIDE_2.1.1/STM32CubeIDE/plugins/com.st.stm32cube.ide.mcu.externaltools.gnu-tools-for-stm32.14.3.rel1.win32_1.0.100.202602081740/tools/bin/../lib/gcc/arm-none-eabi/14.3.1/../../../../arm-none-eabi/lib/thumb/v7e-m+dp/hard\libc_nano.a(libc_a-exit.o)
                              D:/programs/STM32Cube/STM32CUBEIDE/STM32CubeIDE_2.1.1/STM32CubeIDE/plugins/com.st.stm32cube.ide.mcu.externaltools.gnu-tools-for-stm32.14.3.rel1.win32_1.0.100.202602081740/tools/bin/../lib/gcc/arm-none-eabi/14.3.1/../../../../arm-none-eabi/lib/thumb/v7e-m+dp/hard/crt0.o (exit)
D:/programs/STM32Cube/STM32CUBEIDE/STM32CubeIDE_2.1.1/STM32CubeIDE/plugins/com.st.stm32cube.ide.mcu.externaltools.gnu-tools-for-stm32.14.3.rel1.win32_1.0.100.202602081740/tools/bin/../lib/gcc/arm-none-eabi/14.3.1/../../../../arm-none-eabi/lib/thumb/v7e-m+dp/hard\libc_nano.a(libc_a-findfp.o)
                              D:/programs/STM32Cube/STM32CUBEIDE/STM32CubeIDE_2.1.1/STM32CubeIDE/plugins/com.st.stm32cube.ide.mcu.externaltools.gnu-tools-for-stm32.14.3.rel1.win32_1.0.100.202602081740/tools/bin/../lib/gcc/arm-none-eabi/14.3.1/../../../../arm-none-eabi/lib/thumb/v7e-m+dp/hard\libc_nano.a(libc_a-exit.o) (__stdio_exit_handler)
D:/programs/STM32Cube/STM32CUBEIDE/STM32CubeIDE_2.1.1/STM32CubeIDE/plugins/com.st.stm32cube.ide.mcu.externaltools.gnu-tools-for-stm32.14.3.rel1.win32_1.0.100.202602081740/tools/bin/../lib/gcc/arm-none-eabi/14.3.1/../../../../arm-none-eabi/lib/thumb/v7e-m+dp/hard\libc_nano.a(libc_a-fwalk.o)
                              D:/programs/STM32Cube/STM32CUBEIDE/STM32CubeIDE_2.1.1/STM32CubeIDE/plugins/com.st.stm32cube.ide.mcu.externaltools.gnu-tools-for-stm32.14.3.rel1.win32_1.0.100.202602081740/tools/bin/../lib/gcc/arm-none-eabi/14.3.1/../../../../arm-none-eabi/lib/thumb/v7e-m+dp/hard\libc_nano.a(libc_a-findfp.o) (_fwalk_sglue)
D:/programs/STM32Cube/STM32CUBEIDE/STM32CubeIDE_2.1.1/STM32CubeIDE/plugins/com.st.stm32cube.ide.mcu.externaltools.gnu-tools-for-stm32.14.3.rel1.win32_1.0.100.202602081740/tools/bin/../lib/gcc/arm-none-eabi/14.3.1/../../../../arm-none-eabi/lib/thumb/v7e-m+dp/hard\libc_nano.a(libc_a-stdio.o)
                              D:/programs/STM32Cube/STM32CUBEIDE/STM32CubeIDE_2.1.1/STM32CubeIDE/plugins/com.st.stm32cube.ide.mcu.externaltools.gnu-tools-for-stm32.14.3.rel1.win32_1.0.100.202602081740/tools/bin/../lib/gcc/arm-none-eabi/14.3.1/../../../../arm-none-eabi/lib/thumb/v7e-m+dp/hard\libc_nano.a(libc_a-findfp.o) (__sread)
D:/programs/STM32Cube/STM32CUBEIDE/STM32CubeIDE_2.1.1/STM32CubeIDE/plugins/com.st.stm32cube.ide.mcu.externaltools.gnu-tools-for-stm32.14.3.rel1.win32_1.0.100.202602081740/tools/bin/../lib/gcc/arm-none-eabi/14.3.1/../../../../arm-none-eabi/lib/thumb/v7e-m+dp/hard\libc_nano.a(libc_a-memset.o)
                              D:/programs/STM32Cube/STM32CUBEIDE/STM32CubeIDE_2.1.1/STM32CubeIDE/plugins/com.st.stm32cube.ide.mcu.externaltools.gnu-tools-for-stm32.14.3.rel1.win32_1.0.100.202602081740/tools/bin/../lib/gcc/arm-none-eabi/14.3.1/../../../../arm-none-eabi/lib/thumb/v7e-m+dp/hard/crt0.o (memset)
D:/programs/STM32Cube/STM32CUBEIDE/STM32CubeIDE_2.1.1/STM32CubeIDE/plugins/com.st.stm32cube.ide.mcu.externaltools.gnu-tools-for-stm32.14.3.rel1.win32_1.0.100.202602081740/tools/bin/../lib/gcc/arm-none-eabi/14.3.1/../../../../arm-none-eabi/lib/thumb/v7e-m+dp/hard\libc_nano.a(libc_a-closer.o)
                              D:/programs/STM32Cube/STM32CUBEIDE/STM32CubeIDE_2.1.1/STM32CubeIDE/plugins/com.st.stm32cube.ide.mcu.externaltools.gnu-tools-for-stm32.14.3.rel1.win32_1.0.100.202602081740/tools/bin/../lib/gcc/arm-none-eabi/14.3.1/../../../../arm-none-eabi/lib/thumb/v7e-m+dp/hard\libc_nano.a(libc_a-stdio.o) (_close_r)
D:/programs/STM32Cube/STM32CUBEIDE/STM32CubeIDE_2.1.1/STM32CubeIDE/plugins/com.st.stm32cube.ide.mcu.externaltools.gnu-tools-for-stm32.14.3.rel1.win32_1.0.100.202602081740/tools/bin/../lib/gcc/arm-none-eabi/14.3.1/../../../../arm-none-eabi/lib/thumb/v7e-m+dp/hard\libc_nano.a(libc_a-reent.o)
                              D:/programs/STM32Cube/STM32CUBEIDE/STM32CubeIDE_2.1.1/STM32CubeIDE/plugins/com.st.stm32cube.ide.mcu.externaltools.gnu-tools-for-stm32.14.3.rel1.win32_1.0.100.202602081740/tools/bin/../lib/gcc/arm-none-eabi/14.3.1/../../../../arm-none-eabi/lib/thumb/v7e-m+dp/hard\libc_nano.a(libc_a-closer.o) (errno)
D:/programs/STM32Cube/STM32CUBEIDE/STM32CubeIDE_2.1.1/STM32CubeIDE/plugins/com.st.stm32cube.ide.mcu.externaltools.gnu-tools-for-stm32.14.3.rel1.win32_1.0.100.202602081740/tools/bin/../lib/gcc/arm-none-eabi/14.3.1/../../../../arm-none-eabi/lib/thumb/v7e-m+dp/hard\libc_nano.a(libc_a-impure.o)
[...]
Memory Configuration

Name             Origin             Length             Attributes
DTCMRAM          0x20000000         0x00020000         xrw
RAM              0x24000000         0x00080000         xrw
RAM_D2           0x30000000         0x00048000         xrw
RAM_D3           0x38000000         0x00010000         xrw
ITCMRAM          0x00000000         0x00010000         xrw
FLASH            0x08000000         0x00020000         xr
*default*        0x00000000         0xffffffff

Linker script and memory map

LOAD D:/programs/STM32Cube/STM32CUBEIDE/STM32CubeIDE_2.1.1/STM32CubeIDE/plugins/com.st.stm32cube.ide.mcu.externaltools.gnu-tools-for-stm32.14.3.rel1.win32_1.0.100.202602081740/tools/bin/../lib/gcc/arm-none-eabi/14.3.1/thumb/v7e-m+dp/hard/crti.o
LOAD D:/programs/STM32Cube/STM32CUBEIDE/STM32CubeIDE_2.1.1/STM32CubeIDE/plugins/com.st.stm32cube.ide.mcu.externaltools.gnu-tools-for-stm32.14.3.rel1.win32_1.0.100.202602081740/tools/bin/../lib/gcc/arm-none-eabi/14.3.1/thumb/v7e-m+dp/hard/crtbegin.o
LOAD D:/programs/STM32Cube/STM32CUBEIDE/STM32CubeIDE_2.1.1/STM32CubeIDE/plugins/com.st.stm32cube.ide.mcu.externaltools.gnu-tools-for-stm32.14.3.rel1.win32_1.0.100.202602081740/tools/bin/../lib/gcc/arm-none-eabi/14.3.1/../../../../arm-none-eabi/lib/thumb/v7e-m+dp/hard/crt0.o
START GROUP
LOAD D:/programs/STM32Cube/STM32CUBEIDE/STM32CubeIDE_2.1.1/STM32CubeIDE/plugins/com.st.stm32cube.ide.mcu.externaltools.gnu-tools-for-stm32.14.3.rel1.win32_1.0.100.202602081740/tools/bin/../lib/gcc/arm-none-eabi/14.3.1/../../../../arm-none-eabi/lib/thumb/v7e-m+dp/hard\libc_nano.a
LOAD D:/programs/STM32Cube/STM32CUBEIDE/STM32CubeIDE_2.1.1/STM32CubeIDE/plugins/com.st.stm32cube.ide.mcu.externaltools.gnu-tools-for-stm32.14.3.rel1.win32_1.0.100.202602081740/tools/bin/../lib/gcc/arm-none-eabi/14.3.1/../../../../arm-none-eabi/lib/thumb/v7e-m+dp/hard\libm.a
END GROUP
LOAD CMakeFiles/Stability.dir/Core/Src/main.c.obj
LOAD CMakeFiles/Stability.dir/Core/Src/stm32h7xx_it.c.obj
LOAD CMakeFiles/Stability.dir/Core/Src/stm32h7xx_hal_msp.c.obj
LOAD CMakeFiles/Stability.dir/Core/Src/stm32h7xx_hal_timebase_tim.c.obj
LOAD CMakeFiles/Stability.dir/Drivers/STM32H7xx_HAL_Driver/Src/stm32h7xx_hal_cortex.c.obj
LOAD CMakeFiles/Stability.dir/Drivers/STM32H7xx_HAL_Driver/Src/stm32h7xx_hal_rcc.c.obj
LOAD CMakeFiles/Stability.dir/Drivers/STM32H7xx_HAL_Driver/Src/stm32h7xx_hal_rcc_ex.c.obj
LOAD CMakeFiles/Stability.dir/Drivers/STM32H7xx_HAL_Driver/Src/stm32h7xx_hal_flash.c.obj
LOAD CMakeFiles/Stability.dir/Drivers/STM32H7xx_HAL_Driver/Src/stm32h7xx_hal_flash_ex.c.obj
LOAD CMakeFiles/Stability.dir/Drivers/STM32H7xx_HAL_Driver/Src/stm32h7xx_hal_gpio.c.obj
LOAD CMakeFiles/Stability.dir/Drivers/STM32H7xx_HAL_Driver/Src/stm32h7xx_hal_hsem.c.obj
LOAD CMakeFiles/Stability.dir/Drivers/STM32H7xx_HAL_Driver/Src/stm32h7xx_hal_dma.c.obj
LOAD CMakeFiles/Stability.dir/Drivers/STM32H7xx_HAL_Driver/Src/stm32h7xx_hal_dma_ex.c.obj
LOAD CMakeFiles/Stability.dir/Drivers/STM32H7xx_HAL_Driver/Src/stm32h7xx_hal_mdma.c.obj
LOAD CMakeFiles/Stability.dir/Drivers/STM32H7xx_HAL_Driver/Src/stm32h7xx_hal_pwr.c.obj
LOAD CMakeFiles/Stability.dir/Drivers/STM32H7xx_HAL_Driver/Src/stm32h7xx_hal_pwr_ex.c.obj
LOAD CMakeFiles/Stability.dir/Drivers/STM32H7xx_HAL_Driver/Src/stm32h7xx_hal.c.obj
LOAD CMakeFiles/Stability.dir/Drivers/STM32H7xx_HAL_Driver/Src/stm32h7xx_hal_i2c.c.obj
LOAD CMakeFiles/Stability.dir/Drivers/STM32H7xx_HAL_Driver/Src/stm32h7xx_hal_i2c_ex.c.obj
LOAD CMakeFiles/Stability.dir/Drivers/STM32H7xx_HAL_Driver/Src/stm32h7xx_hal_exti.c.obj
LOAD CMakeFiles/Stability.dir/Drivers/STM32H7xx_HAL_Driver/Src/stm32h7xx_hal_tim.c.obj
LOAD CMakeFiles/Stability.dir/Drivers/STM32H7xx_HAL_Driver/Src/stm32h7xx_hal_tim_ex.c.obj
LOAD CMakeFiles/Stability.dir/Drivers/STM32H7xx_HAL_Driver/Src/stm32h7xx_hal_uart.c.obj
LOAD CMakeFiles/Stability.dir/Drivers/STM32H7xx_HAL_Driver/Src/stm32h7xx_hal_uart_ex.c.obj
LOAD CMakeFiles/Stability.dir/Core/Src/system_stm32h7xx.c.obj
LOAD CMakeFiles/Stability.dir/Core/Src/sysmem.c.obj
LOAD CMakeFiles/Stability.dir/Core/Src/syscalls.c.obj
LOAD CMakeFiles/Stability.dir/Core/Src/Simulink.c.obj
LOAD CMakeFiles/Stability.dir/startup_stm32h750xx.s.obj
START GROUP
LOAD D:/programs/STM32Cube/STM32CUBEIDE/STM32CubeIDE_2.1.1/STM32CubeIDE/plugins/com.st.stm32cube.ide.mcu.externaltools.gnu-tools-for-stm32.14.3.rel1.win32_1.0.100.202602081740/tools/bin/../lib/gcc/arm-none-eabi/14.3.1/thumb/v7e-m+dp/hard\libgcc.a
LOAD D:/programs/STM32Cube/STM32CUBEIDE/STM32CubeIDE_2.1.1/STM32CubeIDE/plugins/com.st.stm32cube.ide.mcu.externaltools.gnu-tools-for-stm32.14.3.rel1.win32_1.0.100.202602081740/tools/bin/../lib/gcc/arm-none-eabi/14.3.1/../../../../arm-none-eabi/lib/thumb/v7e-m+dp/hard\libg_nano.a
LOAD D:/programs/STM32Cube/STM32CUBEIDE/STM32CubeIDE_2.1.1/STM32CubeIDE/plugins/com.st.stm32cube.ide.mcu.externaltools.gnu-tools-for-stm32.14.3.rel1.win32_1.0.100.202602081740/tools/bin/../lib/gcc/arm-none-eabi/14.3.1/../../../../arm-none-eabi/lib/thumb/v7e-m+dp/hard\libc_nano.a
END GROUP
START GROUP
LOAD D:/programs/STM32Cube/STM32CUBEIDE/STM32CubeIDE_2.1.1/STM32CubeIDE/plugins/com.st.stm32cube.ide.mcu.externaltools.gnu-tools-for-stm32.14.3.rel1.win32_1.0.100.202602081740/tools/bin/../lib/gcc/arm-none-eabi/14.3.1/thumb/v7e-m+dp/hard\libgcc.a
LOAD D:/programs/STM32Cube/STM32CUBEIDE/STM32CubeIDE_2.1.1/STM32CubeIDE/plugins/com.st.stm32cube.ide.mcu.externaltools.gnu-tools-for-stm32.14.3.rel1.win32_1.0.100.202602081740/tools/bin/../lib/gcc/arm-none-eabi/14.3.1/../../../../arm-none-eabi/lib/thumb/v7e-m+dp/hard\libc_nano.a
END GROUP
LOAD D:/programs/STM32Cube/STM32CUBEIDE/STM32CubeIDE_2.1.1/STM32CubeIDE/plugins/com.st.stm32cube.ide.mcu.externaltools.gnu-tools-for-stm32.14.3.rel1.win32_1.0.100.202602081740/tools/bin/../lib/gcc/arm-none-eabi/14.3.1/thumb/v7e-m+dp/hard/crtend.o
LOAD D:/programs/STM32Cube/STM32CUBEIDE/STM32CubeIDE_2.1.1/STM32CubeIDE/plugins/com.st.stm32cube.ide.mcu.externaltools.gnu-tools-for-stm32.14.3.rel1.win32_1.0.100.202602081740/tools/bin/../lib/gcc/arm-none-eabi/14.3.1/thumb/v7e-m+dp/hard/crtn.o
                0x20020000                        _estack = (ORIGIN (DTCMRAM) + LENGTH (DTCMRAM))
                0x00000200                        _Min_Heap_Size = 0x200
                0x00000400                        _Min_Stack_Size = 0x400

.isr_vector     0x08000000      0x298
                0x08000000                        . = ALIGN (0x4)
 *(.isr_vector)
 .isr_vector    0x08000000      0x298 CMakeFiles/Stability.dir/startup_stm32h750xx.s.obj
                0x08000000                g_pfnVectors
                0x08000298                        . = ALIGN (0x4)

.text           0x08000298     0xb7f8
                0x08000298                        . = ALIGN (0x4)
 *(.text)
 .text          0x08000298       0x40 D:/programs/STM32Cube/STM32CUBEIDE/STM32CubeIDE_2.1.1/STM32CubeIDE/plugins/com.st.stm32cube.ide.mcu.externaltools.gnu-tools-for-stm32.14.3.rel1.win32_1.0.100.202602081740/tools/bin/../lib/gcc/arm-none-eabi/14.3.1/thumb/v7e-m+dp/hard/crtbegin.o
 .text          0x080002d8       0x30 D:/programs/STM32Cube/STM32CUBEIDE/STM32CubeIDE_2.1.1/STM32CubeIDE/plugins/com.st.stm32cube.ide.mcu.externaltools.gnu-tools-for-stm32.14.3.rel1.win32_1.0.100.202602081740/tools/bin/../lib/gcc/arm-none-eabi/14.3.1/thumb/v7e-m+dp/hard\libgcc.a(_aeabi_uldivmod.o)
                0x080002d8                __aeabi_uldivmod
 .text          0x08000308      0x2f8 D:/programs/STM32Cube/STM32CUBEIDE/STM32CubeIDE_2.1.1/STM32CubeIDE/plugins/com.st.stm32cube.ide.mcu.externaltools.gnu-tools-for-stm32.14.3.rel1.win32_1.0.100.202602081740/tools/bin/../lib/gcc/arm-none-eabi/14.3.1/thumb/v7e-m+dp/hard\libgcc.a(_udivmoddi4.o)
                0x08000308                __udivmoddi4
 .text          0x08000600        0x4 D:/programs/STM32Cube/STM32CUBEIDE/STM32CubeIDE_2.1.1/STM32CubeIDE/plugins/com.st.stm32cube.ide.mcu.externaltools.gnu-tools-for-stm32.14.3.rel1.win32_1.0.100.202602081740/tools/bin/../lib/gcc/arm-none-eabi/14.3.1/thumb/v7e-m+dp/hard\libgcc.a(_dvmd_tls.o)
                0x08000600                __aeabi_idiv0
                0x08000600                __aeabi_ldiv0
 *(.text*)
 .text.memset   0x08000604       0x10 D:/programs/STM32Cube/STM32CUBEIDE/STM32CubeIDE_2.1.1/STM32CubeIDE/plugins/com.st.stm32cube.ide.mcu.externaltools.gnu-tools-for-stm32.14.3.rel1.win32_1.0.100.202602081740/tools/bin/../lib/gcc/arm-none-eabi/14.3.1/../../../../arm-none-eabi/lib/thumb/v7e-m+dp/hard\libc_nano.a(libc_a-memset.o)
                0x08000604                memset
 .text.__libc_init_array
                0x08000614       0x48 D:/programs/STM32Cube/STM32CUBEIDE/STM32CubeIDE_2.1.1/STM32CubeIDE/plugins/com.st.stm32cube.ide.mcu.externaltools.gnu-tools-for-stm32.14.3.rel1.win32_1.0.100.202602081740/tools/bin/../lib/gcc/arm-none-eabi/14.3.1/../../../../arm-none-eabi/lib/thumb/v7e-m+dp/hard\libc_nano.a(libc_a-init.o)
                0x08000614                __libc_init_array
 .text.HAL_UART_ErrorCallback
                0x0800065c       0x40 CMakeFiles/Stability.dir/Core/Src/main.c.obj
                0x0800065c                HAL_UART_ErrorCallback
 *fill*         0x0800069c        0x4 
 .text.main     0x080006a0      0xa04 CMakeFiles/Stability.dir/Core/Src/main.c.obj
                0x080006a0                main
 .text.SystemClock_Config
                0x080010a4      0x160 CMakeFiles/Stability.dir/Core/Src/main.c.obj
                0x080010a4                SystemClock_Config
 .text.MX_TIM1_Init
                0x08001204      0x138 CMakeFiles/Stability.dir/Core/Src/main.c.obj
                0x08001204                MX_TIM1_Init
 .text.MX_TIM8_Init
                0x0800133c      0x138 CMakeFiles/Stability.dir/Core/Src/main.c.obj
                0x0800133c                MX_TIM8_Init
 .text.MX_USART1_UART_Init
                0x08001474       0x98 CMakeFiles/Stability.dir/Core/Src/main.c.obj
                0x08001474                MX_USART1_UART_Init
 .text.MX_DMA_Init
                0x0800150c       0x40 CMakeFiles/Stability.dir/Core/Src/main.c.obj
                0x0800150c                MX_DMA_Init
 .text.MX_GPIO_Init
                0x0800154c       0xe4 CMakeFiles/Stability.dir/Core/Src/main.c.obj
                0x0800154c                MX_GPIO_Init
 .text.MPU_Config
                0x08001630       0x5a CMakeFiles/Stability.dir/Core/Src/main.c.obj
                0x08001630                MPU_Config
 .text.HAL_TIM_PeriodElapsedCallback
                0x0800168a       0x1e CMakeFiles/Stability.dir/Core/Src/main.c.obj
                0x0800168a                HAL_TIM_PeriodElapsedCallback
 .text.Error_Handler
                0x080016a8        0xc CMakeFiles/Stability.dir/Core/Src/main.c.obj
                0x080016a8                Error_Handler
 .text.NMI_Handler
                0x080016b4        0xc CMakeFiles/Stability.dir/Core/Src/stm32h7xx_it.c.obj
                0x080016b4                NMI_Handler
 .text.HardFault_Handler
                0x080016c0        0x8 CMakeFiles/Stability.dir/Core/Src/stm32h7xx_it.c.obj
                0x080016c0                HardFault_Handler
 .text.MemManage_Handler
                0x080016c8        0x8 CMakeFiles/Stability.dir/Core/Src/stm32h7xx_it.c.obj
                0x080016c8                MemManage_Handler
 .text.BusFault_Handler
                0x080016d0        0x8 CMakeFiles/Stability.dir/Core/Src/stm32h7xx_it.c.obj
                0x080016d0                BusFault_Handler
 .text.UsageFault_Handler
                0x080016d8        0x8 CMakeFiles/Stability.dir/Core/Src/stm32h7xx_it.c.obj
                0x080016d8                UsageFault_Handler
 .text.SVC_Handler
                0x080016e0        0xe CMakeFiles/Stability.dir/Core/Src/stm32h7xx_it.c.obj
                0x080016e0                SVC_Handler
 .text.DebugMon_Handler
                0x080016ee        0xe CMakeFiles/Stability.dir/Core/Src/stm32h7xx_it.c.obj
                0x080016ee                DebugMon_Handler
 .text.PendSV_Handler
                0x080016fc        0xe CMakeFiles/Stability.dir/Core/Src/stm32h7xx_it.c.obj
                0x080016fc                PendSV_Handler
 .text.SysTick_Handler
                0x0800170a        0xe CMakeFiles/Stability.dir/Core/Src/stm32h7xx_it.c.obj
                0x0800170a                SysTick_Handler
 .text.DMA1_Stream0_IRQHandler
                0x08001718       0x14 CMakeFiles/Stability.dir/Core/Src/stm32h7xx_it.c.obj
                0x08001718                DMA1_Stream0_IRQHandler
 .text.TIM2_IRQHandler
                0x0800172c       0x14 CMakeFiles/Stability.dir/Core/Src/stm32h7xx_it.c.obj
                0x0800172c                TIM2_IRQHandler
 .text.USART1_IRQHandler
                0x08001740       0x14 CMakeFiles/Stability.dir/Core/Src/stm32h7xx_it.c.obj
                0x08001740                USART1_IRQHandler
 .text.HAL_MspInit
                0x08001754       0x34 CMakeFiles/Stability.dir/Core/Src/stm32h7xx_hal_msp.c.obj
                0x08001754                HAL_MspInit
 .text.HAL_TIM_PWM_MspInit
                0x08001788       0x74 CMakeFiles/Stability.dir/Core/Src/stm32h7xx_hal_msp.c.obj
                0x08001788                HAL_TIM_PWM_MspInit
 .text.HAL_TIM_MspPostInit
                0x080017fc       0xc8 CMakeFiles/Stability.dir/Core/Src/stm32h7xx_hal_msp.c.obj
                0x080017fc                HAL_TIM_MspPostInit
 .text.HAL_UART_MspInit
                0x080018c4      0x148 CMakeFiles/Stability.dir/Core/Src/stm32h7xx_hal_msp.c.obj
                0x080018c4                HAL_UART_MspInit
 .text.HAL_InitTick
                0x08001a0c       0xd4 CMakeFiles/Stability.dir/Core/Src/stm32h7xx_hal_timebase_tim.c.obj
                0x08001a0c                HAL_InitTick
 .text.__NVIC_SetPriorityGrouping
                0x08001ae0       0x48 CMakeFiles/Stability.dir/Drivers/STM32H7xx_HAL_Driver/Src/stm32h7xx_hal_cortex.c.obj
 .text.__NVIC_GetPriorityGrouping
                0x08001b28       0x1c CMakeFiles/Stability.dir/Drivers/STM32H7xx_HAL_Driver/Src/stm32h7xx_hal_cortex.c.obj
 .text.__NVIC_EnableIRQ
                0x08001b44       0x3c CMakeFiles/Stability.dir/Drivers/STM32H7xx_HAL_Driver/Src/stm32h7xx_hal_cortex.c.obj
 .text.__NVIC_SetPriority
                0x08001b80       0x54 CMakeFiles/Stability.dir/Drivers/STM32H7xx_HAL_Driver/Src/stm32h7xx_hal_cortex.c.obj
 .text.NVIC_EncodePriority
                0x08001bd4       0x66 CMakeFiles/Stability.dir/Drivers/STM32H7xx_HAL_Driver/Src/stm32h7xx_hal_cortex.c.obj
 .text.HAL_NVIC_SetPriorityGrouping
                0x08001c3a       0x16 CMakeFiles/Stability.dir/Drivers/STM32H7xx_HAL_Driver/Src/stm32h7xx_hal_cortex.c.obj
                0x08001c3a                HAL_NVIC_SetPriorityGrouping
 .text.HAL_NVIC_SetPriority
                0x08001c50       0x34 CMakeFiles/Stability.dir/Drivers/STM32H7xx_HAL_Driver/Src/stm32h7xx_hal_cortex.c.obj
                0x08001c50                HAL_NVIC_SetPriority
 .text.HAL_NVIC_EnableIRQ
                0x08001c84       0x1c CMakeFiles/Stability.dir/Drivers/STM32H7xx_HAL_Driver/Src/stm32h7xx_hal_cortex.c.obj
                0x08001c84                HAL_NVIC_EnableIRQ
 .text.HAL_MPU_Disable
                0x08001ca0       0x30 CMakeFiles/Stability.dir/Drivers/STM32H7xx_HAL_Driver/Src/stm32h7xx_hal_cortex.c.obj
                0x08001ca0                HAL_MPU_Disable
 .text.HAL_MPU_Enable
                0x08001cd0       0x40 CMakeFiles/Stability.dir/Drivers/STM32H7xx_HAL_Driver/Src/stm32h7xx_hal_cortex.c.obj
                0x08001cd0                HAL_MPU_Enable
 .text.HAL_MPU_ConfigRegion
                0x08001d10       0x80 CMakeFiles/Stability.dir/Drivers/STM32H7xx_HAL_Driver/Src/stm32h7xx_hal_cortex.c.obj
                0x08001d10                HAL_MPU_ConfigRegion
 .text.HAL_RCC_OscConfig
                0x08001d90      0x8b4 CMakeFiles/Stability.dir/Drivers/STM32H7xx_HAL_Driver/Src/stm32h7xx_hal_rcc.c.obj
                0x08001d90                HAL_RCC_OscConfig
 .text.HAL_RCC_ClockConfig
                0x08002644      0x36c CMakeFiles/Stability.dir/Drivers/STM32H7xx_HAL_Driver/Src/stm32h7xx_hal_rcc.c.obj
                0x08002644                HAL_RCC_ClockConfig
 .text.HAL_RCC_EnableCSS
                0x080029b0       0x20 CMakeFiles/Stability.dir/Drivers/STM32H7xx_HAL_Driver/Src/stm32h7xx_hal_rcc.c.obj
                0x080029b0                HAL_RCC_EnableCSS
 .text.HAL_RCC_GetSysClockFreq
                0x080029d0      0x2f4 CMakeFiles/Stability.dir/Drivers/STM32H7xx_HAL_Driver/Src/stm32h7xx_hal_rcc.c.obj
                0x080029d0                HAL_RCC_GetSysClockFreq
 .text.HAL_RCC_GetHCLKFreq
                0x08002cc4       0x60 CMakeFiles/Stability.dir/Drivers/STM32H7xx_HAL_Driver/Src/stm32h7xx_hal_rcc.c.obj
                0x08002cc4                HAL_RCC_GetHCLKFreq
 .text.HAL_RCC_GetPCLK1Freq
                0x08002d24       0x2c CMakeFiles/Stability.dir/Drivers/STM32H7xx_HAL_Driver/Src/stm32h7xx_hal_rcc.c.obj
                0x08002d24                HAL_RCC_GetPCLK1Freq
 .text.HAL_RCC_GetPCLK2Freq
                0x08002d50       0x2c CMakeFiles/Stability.dir/Drivers/STM32H7xx_HAL_Driver/Src/stm32h7xx_hal_rcc.c.obj
                0x08002d50                HAL_RCC_GetPCLK2Freq
 .text.HAL_RCC_GetClockConfig
                0x08002d7c       0x84 CMakeFiles/Stability.dir/Drivers/STM32H7xx_HAL_Driver/Src/stm32h7xx_hal_rcc.c.obj
                0x08002d7c                HAL_RCC_GetClockConfig
 .text.HAL_RCC_NMI_IRQHandler
                0x08002e00       0x28 CMakeFiles/Stability.dir/Drivers/STM32H7xx_HAL_Driver/Src/stm32h7xx_hal_rcc.c.obj
                0x08002e00                HAL_RCC_NMI_IRQHandler
 .text.HAL_RCC_CSSCallback
                0x08002e28        0xe CMakeFiles/Stability.dir/Drivers/STM32H7xx_HAL_Driver/Src/stm32h7xx_hal_rcc.c.obj
                0x08002e28                HAL_RCC_CSSCallback
 *fill*         0x08002e36        0x2 
 .text.HAL_RCCEx_PeriphCLKConfig
                0x08002e38     0x1414 CMakeFiles/Stability.dir/Drivers/STM32H7xx_HAL_Driver/Src/stm32h7xx_hal_rcc_ex.c.obj
                0x08002e38                HAL_RCCEx_PeriphCLKConfig
 .text.HAL_RCCEx_GetD3PCLK1Freq
                0x0800424c       0x2c CMakeFiles/Stability.dir/Drivers/STM32H7xx_HAL_Driver/Src/stm32h7xx_hal_rcc_ex.c.obj
                0x0800424c                HAL_RCCEx_GetD3PCLK1Freq
 .text.HAL_RCCEx_GetPLL2ClockFreq
                0x08004278      0x2a8 CMakeFiles/Stability.dir/Drivers/STM32H7xx_HAL_Driver/Src/stm32h7xx_hal_rcc_ex.c.obj
                0x08004278                HAL_RCCEx_GetPLL2ClockFreq
 .text.HAL_RCCEx_GetPLL3ClockFreq
                0x08004520      0x2a8 CMakeFiles/Stability.dir/Drivers/STM32H7xx_HAL_Driver/Src/stm32h7xx_hal_rcc_ex.c.obj
                0x08004520                HAL_RCCEx_GetPLL3ClockFreq
 .text.RCCEx_PLL2_Config
                0x080047c8      0x164 CMakeFiles/Stability.dir/Drivers/STM32H7xx_HAL_Driver/Src/stm32h7xx_hal_rcc_ex.c.obj
 .text.RCCEx_PLL3_Config
                0x0800492c      0x164 CMakeFiles/Stability.dir/Drivers/STM32H7xx_HAL_Driver/Src/stm32h7xx_hal_rcc_ex.c.obj
 .text.HAL_GPIO_Init
                0x08004a90      0x360 CMakeFiles/Stability.dir/Drivers/STM32H7xx_HAL_Driver/Src/stm32h7xx_hal_gpio.c.obj
                0x08004a90                HAL_GPIO_Init
 .text.HAL_GPIO_WritePin
                0x08004df0       0x32 CMakeFiles/Stability.dir/Drivers/STM32H7xx_HAL_Driver/Src/stm32h7xx_hal_gpio.c.obj
                0x08004df0                HAL_GPIO_WritePin
 *fill*         0x08004e22        0x2 
 .text.HAL_DMA_Init
                0x08004e24      0x6b8 CMakeFiles/Stability.dir/Drivers/STM32H7xx_HAL_Driver/Src/stm32h7xx_hal_dma.c.obj
                0x08004e24                HAL_DMA_Init
 .text.HAL_DMA_Start_IT
                0x080054dc      0x4d4 CMakeFiles/Stability.dir/Drivers/STM32H7xx_HAL_Driver/Src/stm32h7xx_hal_dma.c.obj
                0x080054dc                HAL_DMA_Start_IT
 .text.HAL_DMA_Abort
                0x080059b0      0x63c CMakeFiles/Stability.dir/Drivers/STM32H7xx_HAL_Driver/Src/stm32h7xx_hal_dma.c.obj
                0x080059b0                HAL_DMA_Abort
 .text.HAL_DMA_Abort_IT
                0x08005fec      0x48c CMakeFiles/Stability.dir/Drivers/STM32H7xx_HAL_Driver/Src/stm32h7xx_hal_dma.c.obj
                0x08005fec                HAL_DMA_Abort_IT
 .text.HAL_DMA_IRQHandler
                0x08006478      0xe54 CMakeFiles/Stability.dir/Drivers/STM32H7xx_HAL_Driver/Src/stm32h7xx_hal_dma.c.obj
                0x08006478                HAL_DMA_IRQHandler
 .text.HAL_DMA_GetError
                0x080072cc       0x18 CMakeFiles/Stability.dir/Drivers/STM32H7xx_HAL_Driver/Src/stm32h7xx_hal_dma.c.obj
                0x080072cc                HAL_DMA_GetError
 .text.DMA_SetConfig
                0x080072e4      0x358 CMakeFiles/Stability.dir/Drivers/STM32H7xx_HAL_Driver/Src/stm32h7xx_hal_dma.c.obj
 .text.DMA_CalcBaseAndBitshift
                0x0800763c      0x164 CMakeFiles/Stability.dir/Drivers/STM32H7xx_HAL_Driver/Src/stm32h7xx_hal_dma.c.obj
 .text.DMA_CheckFifoParam
                0x080077a0       0xf8 CMakeFiles/Stability.dir/Drivers/STM32H7xx_HAL_Driver/Src/stm32h7xx_hal_dma.c.obj
 .text.DMA_CalcDMAMUXChannelBaseAndMask
                0x08007898      0x134 CMakeFiles/Stability.dir/Drivers/STM32H7xx_HAL_Driver/Src/stm32h7xx_hal_dma.c.obj
 .text.DMA_CalcDMAMUXRequestGenBaseAndMask
                0x080079cc       0xe8 CMakeFiles/Stability.dir/Drivers/STM32H7xx_HAL_Driver/Src/stm32h7xx_hal_dma.c.obj
 .text.HAL_PWREx_ConfigSupply
                0x08007ab4       0x74 CMakeFiles/Stability.dir/Drivers/STM32H7xx_HAL_Driver/Src/stm32h7xx_hal_pwr_ex.c.obj
                0x08007ab4                HAL_PWREx_ConfigSupply
 .text.HAL_Init
                0x08007b28       0x78 CMakeFiles/Stability.dir/Drivers/STM32H7xx_HAL_Driver/Src/stm32h7xx_hal.c.obj
                0x08007b28                HAL_Init
 .text.HAL_IncTick
                0x08007ba0       0x28 CMakeFiles/Stability.dir/Drivers/STM32H7xx_HAL_Driver/Src/stm32h7xx_hal.c.obj
                0x08007ba0                HAL_IncTick
 .text.HAL_GetTick
                0x08007bc8       0x18 CMakeFiles/Stability.dir/Drivers/STM32H7xx_HAL_Driver/Src/stm32h7xx_hal.c.obj
                0x08007bc8                HAL_GetTick
 .text.HAL_Delay
                0x08007be0       0x48 CMakeFiles/Stability.dir/Drivers/STM32H7xx_HAL_Driver/Src/stm32h7xx_hal.c.obj
                0x08007be0                HAL_Delay
 .text.HAL_GetREVID
                0x08007c28       0x18 CMakeFiles/Stability.dir/Drivers/STM32H7xx_HAL_Driver/Src/stm32h7xx_hal.c.obj
                0x08007c28                HAL_GetREVID
 .text.HAL_TIM_Base_Init
                0x08007c40       0xae CMakeFiles/Stability.dir/Drivers/STM32H7xx_HAL_Driver/Src/stm32h7xx_hal_tim.c.obj
                0x08007c40                HAL_TIM_Base_Init
 .text.HAL_TIM_Base_MspInit
                0x08007cee       0x14 CMakeFiles/Stability.dir/Drivers/STM32H7xx_HAL_Driver/Src/stm32h7xx_hal_tim.c.obj
                0x08007cee                HAL_TIM_Base_MspInit
 *fill*         0x08007d02        0x2 
 .text.HAL_TIM_Base_Start_IT
                0x08007d04       0xf0 CMakeFiles/Stability.dir/Drivers/STM32H7xx_HAL_Driver/Src/stm32h7xx_hal_tim.c.obj
                0x08007d04                HAL_TIM_Base_Start_IT
 .text.HAL_TIM_PWM_Init
                0x08007df4       0xae CMakeFiles/Stability.dir/Drivers/STM32H7xx_HAL_Driver/Src/stm32h7xx_hal_tim.c.obj
                0x08007df4                HAL_TIM_PWM_Init
 *fill*         0x08007ea2        0x2 
 .text.HAL_TIM_PWM_Start
                0x08007ea4      0x21c CMakeFiles/Stability.dir/Drivers/STM32H7xx_HAL_Driver/Src/stm32h7xx_hal_tim.c.obj
                0x08007ea4                HAL_TIM_PWM_Start
 .text.HAL_TIM_IRQHandler
                0x080080c0      0x20e CMakeFiles/Stability.dir/Drivers/STM32H7xx_HAL_Driver/Src/stm32h7xx_hal_tim.c.obj
                0x080080c0                HAL_TIM_IRQHandler
 *fill*         0x080082ce        0x2 
 .text.HAL_TIM_PWM_ConfigChannel
                0x080082d0      0x228 CMakeFiles/Stability.dir/Drivers/STM32H7xx_HAL_Driver/Src/stm32h7xx_hal_tim.c.obj
                0x080082d0                HAL_TIM_PWM_ConfigChannel
 .text.HAL_TIM_OC_DelayElapsedCallback
                0x080084f8       0x14 CMakeFiles/Stability.dir/Drivers/STM32H7xx_HAL_Driver/Src/stm32h7xx_hal_tim.c.obj
                0x080084f8                HAL_TIM_OC_DelayElapsedCallback
 .text.HAL_TIM_IC_CaptureCallback
                0x0800850c       0x14 CMakeFiles/Stability.dir/Drivers/STM32H7xx_HAL_Driver/Src/stm32h7xx_hal_tim.c.obj
                0x0800850c                HAL_TIM_IC_CaptureCallback
 .text.HAL_TIM_PWM_PulseFinishedCallback
                0x08008520       0x14 CMakeFiles/Stability.dir/Drivers/STM32H7xx_HAL_Driver/Src/stm32h7xx_hal_tim.c.obj
                0x08008520                HAL_TIM_PWM_PulseFinishedCallback
 .text.HAL_TIM_TriggerCallback
                0x08008534       0x14 CMakeFiles/Stability.dir/Drivers/STM32H7xx_HAL_Driver/Src/stm32h7xx_hal_tim.c.obj
                0x08008534                HAL_TIM_TriggerCallback
 .text.TIM_Base_SetConfig
                0x08008548      0x14c CMakeFiles/Stability.dir/Drivers/STM32H7xx_HAL_Driver/Src/stm32h7xx_hal_tim.c.obj
                0x08008548                TIM_Base_SetConfig
 .text.TIM_OC1_SetConfig
                0x08008694      0x120 CMakeFiles/Stability.dir/Drivers/STM32H7xx_HAL_Driver/Src/stm32h7xx_hal_tim.c.obj
 .text.TIM_OC2_SetConfig
                0x080087b4      0x114 CMakeFiles/Stability.dir/Drivers/STM32H7xx_HAL_Driver/Src/stm32h7xx_hal_tim.c.obj
                0x080087b4                TIM_OC2_SetConfig
 .text.TIM_OC3_SetConfig
                0x080088c8      0x110 CMakeFiles/Stability.dir/Drivers/STM32H7xx_HAL_Driver/Src/stm32h7xx_hal_tim.c.obj
 .text.TIM_OC4_SetConfig
                0x080089d8       0xd4 CMakeFiles/Stability.dir/Drivers/STM32H7xx_HAL_Driver/Src/stm32h7xx_hal_tim.c.obj
 .text.TIM_OC5_SetConfig
                0x08008aac       0xc8 CMakeFiles/Stability.dir/Drivers/STM32H7xx_HAL_Driver/Src/stm32h7xx_hal_tim.c.obj
 .text.TIM_OC6_SetConfig
                0x08008b74       0xcc CMakeFiles/Stability.dir/Drivers/STM32H7xx_HAL_Driver/Src/stm32h7xx_hal_tim.c.obj
 .text.TIM_CCxChannelCmd
                0x08008c40       0x4a CMakeFiles/Stability.dir/Drivers/STM32H7xx_HAL_Driver/Src/stm32h7xx_hal_tim.c.obj
                0x08008c40                TIM_CCxChannelCmd
 *fill*         0x08008c8a        0x2 
 .text.HAL_TIMEx_MasterConfigSynchronization
                0x08008c8c      0x11c CMakeFiles/Stability.dir/Drivers/STM32H7xx_HAL_Driver/Src/stm32h7xx_hal_tim_ex.c.obj
                0x08008c8c                HAL_TIMEx_MasterConfigSynchronization
 .text.HAL_TIMEx_ConfigBreakDeadTime
                0x08008da8       0xfc CMakeFiles/Stability.dir/Drivers/STM32H7xx_HAL_Driver/Src/stm32h7xx_hal_tim_ex.c.obj
                0x08008da8                HAL_TIMEx_ConfigBreakDeadTime
 .text.HAL_TIMEx_CommutCallback
                0x08008ea4       0x14 CMakeFiles/Stability.dir/Drivers/STM32H7xx_HAL_Driver/Src/stm32h7xx_hal_tim_ex.c.obj
                0x08008ea4                HAL_TIMEx_CommutCallback
 .text.HAL_TIMEx_BreakCallback
                0x08008eb8       0x14 CMakeFiles/Stability.dir/Drivers/STM32H7xx_HAL_Driver/Src/stm32h7xx_hal_tim_ex.c.obj
                0x08008eb8                HAL_TIMEx_BreakCallback
 .text.HAL_TIMEx_Break2Callback
                0x08008ecc       0x14 CMakeFiles/Stability.dir/Drivers/STM32H7xx_HAL_Driver/Src/stm32h7xx_hal_tim_ex.c.obj
                0x08008ecc                HAL_TIMEx_Break2Callback
 .text.HAL_UART_Init
                0x08008ee0       0xa0 CMakeFiles/Stability.dir/Drivers/STM32H7xx_HAL_Driver/Src/stm32h7xx_hal_uart.c.obj
                0x08008ee0                HAL_UART_Init
 .text.HAL_UART_Transmit
                0x08008f80      0x11c CMakeFiles/Stability.dir/Drivers/STM32H7xx_HAL_Driver/Src/stm32h7xx_hal_uart.c.obj
                0x08008f80                HAL_UART_Transmit
 .text.HAL_UART_Receive_DMA
                0x0800909c       0x98 CMakeFiles/Stability.dir/Drivers/STM32H7xx_HAL_Driver/Src/stm32h7xx_hal_uart.c.obj
                0x0800909c                HAL_UART_Receive_DMA
 .text.HAL_UART_AbortReceive
                0x08009134      0x16c CMakeFiles/Stability.dir/Drivers/STM32H7xx_HAL_Driver/Src/stm32h7xx_hal_uart.c.obj
                0x08009134                HAL_UART_AbortReceive
 .text.HAL_UART_IRQHandler
                0x080092a0      0x774 CMakeFiles/Stability.dir/Drivers/STM32H7xx_HAL_Driver/Src/stm32h7xx_hal_uart.c.obj
                0x080092a0                HAL_UART_IRQHandler
 .text.HAL_UART_TxCpltCallback
                0x08009a14       0x14 CMakeFiles/Stability.dir/Drivers/STM32H7xx_HAL_Driver/Src/stm32h7xx_hal_uart.c.obj
                0x08009a14                HAL_UART_TxCpltCallback
 .text.HAL_UART_RxCpltCallback
                0x08009a28       0x14 CMakeFiles/Stability.dir/Drivers/STM32H7xx_HAL_Driver/Src/stm32h7xx_hal_uart.c.obj
                0x08009a28                HAL_UART_RxCpltCallback
 .text.HAL_UART_RxHalfCpltCallback
                0x08009a3c       0x14 CMakeFiles/Stability.dir/Drivers/STM32H7xx_HAL_Driver/Src/stm32h7xx_hal_uart.c.obj
                0x08009a3c                HAL_UART_RxHalfCpltCallback
 .text.HAL_UARTEx_RxEventCallback
                0x08009a50       0x18 CMakeFiles/Stability.dir/Drivers/STM32H7xx_HAL_Driver/Src/stm32h7xx_hal_uart.c.obj
                0x08009a50                HAL_UARTEx_RxEventCallback
 .text.UART_SetConfig
                0x08009a68      0xad0 CMakeFiles/Stability.dir/Drivers/STM32H7xx_HAL_Driver/Src/stm32h7xx_hal_uart.c.obj
                0x08009a68                UART_SetConfig
 .text.UART_AdvFeatureConfig
                0x0800a538      0x144 CMakeFiles/Stability.dir/Drivers/STM32H7xx_HAL_Driver/Src/stm32h7xx_hal_uart.c.obj
                0x0800a538                UART_AdvFeatureConfig
 .text.UART_CheckIdleState
                0x0800a67c      0x154 CMakeFiles/Stability.dir/Drivers/STM32H7xx_HAL_Driver/Src/stm32h7xx_hal_uart.c.obj
                0x0800a67c                UART_CheckIdleState
 .text.UART_WaitOnFlagUntilTimeout
                0x0800a7d0       0xda CMakeFiles/Stability.dir/Drivers/STM32H7xx_HAL_Driver/Src/stm32h7xx_hal_uart.c.obj
                0x0800a7d0                UART_WaitOnFlagUntilTimeout
 *fill*         0x0800a8aa        0x2 
 .text.UART_Start_Receive_DMA
                0x0800a8ac      0x14c CMakeFiles/Stability.dir/Drivers/STM32H7xx_HAL_Driver/Src/stm32h7xx_hal_uart.c.obj
                0x0800a8ac                UART_Start_Receive_DMA
 .text.UART_EndTxTransfer
                0x0800a9f8       0x82 CMakeFiles/Stability.dir/Drivers/STM32H7xx_HAL_Driver/Src/stm32h7xx_hal_uart.c.obj
 *fill*         0x0800aa7a        0x2 
 .text.UART_EndRxTransfer
                0x0800aa7c       0xcc CMakeFiles/Stability.dir/Drivers/STM32H7xx_HAL_Driver/Src/stm32h7xx_hal_uart.c.obj
 .text.UART_DMAReceiveCplt
                0x0800ab48      0x128 CMakeFiles/Stability.dir/Drivers/STM32H7xx_HAL_Driver/Src/stm32h7xx_hal_uart.c.obj
 .text.UART_DMARxHalfCplt
                0x0800ac70       0x3e CMakeFiles/Stability.dir/Drivers/STM32H7xx_HAL_Driver/Src/stm32h7xx_hal_uart.c.obj
 .text.UART_DMAError
                0x0800acae       0x80 CMakeFiles/Stability.dir/Drivers/STM32H7xx_HAL_Driver/Src/stm32h7xx_hal_uart.c.obj
 .text.UART_DMAAbortOnError
                0x0800ad2e       0x2c CMakeFiles/Stability.dir/Drivers/STM32H7xx_HAL_Driver/Src/stm32h7xx_hal_uart.c.obj
 .text.UART_EndTransmit_IT
                0x0800ad5a       0x56 CMakeFiles/Stability.dir/Drivers/STM32H7xx_HAL_Driver/Src/stm32h7xx_hal_uart.c.obj
 .text.HAL_UARTEx_WakeupCallback
                0x0800adb0       0x14 CMakeFiles/Stability.dir/Drivers/STM32H7xx_HAL_Driver/Src/stm32h7xx_hal_uart_ex.c.obj
                0x0800adb0                HAL_UARTEx_WakeupCallback
 .text.HAL_UARTEx_RxFifoFullCallback
                0x0800adc4       0x14 CMakeFiles/Stability.dir/Drivers/STM32H7xx_HAL_Driver/Src/stm32h7xx_hal_uart_ex.c.obj
                0x0800adc4                HAL_UARTEx_RxFifoFullCallback
 .text.HAL_UARTEx_TxFifoEmptyCallback
                0x0800add8       0x14 CMakeFiles/Stability.dir/Drivers/STM32H7xx_HAL_Driver/Src/stm32h7xx_hal_uart_ex.c.obj
                0x0800add8                HAL_UARTEx_TxFifoEmptyCallback
 .text.HAL_UARTEx_EnableFifoMode
                0x0800adec       0x76 CMakeFiles/Stability.dir/Drivers/STM32H7xx_HAL_Driver/Src/stm32h7xx_hal_uart_ex.c.obj
                0x0800adec                HAL_UARTEx_EnableFifoMode
 .text.HAL_UARTEx_SetTxFifoThreshold
                0x0800ae62       0x7c CMakeFiles/Stability.dir/Drivers/STM32H7xx_HAL_Driver/Src/stm32h7xx_hal_uart_ex.c.obj
                0x0800ae62                HAL_UARTEx_SetTxFifoThreshold
 .text.HAL_UARTEx_SetRxFifoThreshold
                0x0800aede       0x7c CMakeFiles/Stability.dir/Drivers/STM32H7xx_HAL_Driver/Src/stm32h7xx_hal_uart_ex.c.obj
                0x0800aede                HAL_UARTEx_SetRxFifoThreshold
 *fill*         0x0800af5a        0x2 
 .text.UARTEx_SetNbDataToProcess
                0x0800af5c       0x9c CMakeFiles/Stability.dir/Drivers/STM32H7xx_HAL_Driver/Src/stm32h7xx_hal_uart_ex.c.obj
 .text.SystemInit
                0x0800aff8      0x110 CMakeFiles/Stability.dir/Core/Src/system_stm32h7xx.c.obj
                0x0800aff8                SystemInit
 .text.rt_roundd_snf
                0x0800b108       0xb8 CMakeFiles/Stability.dir/Core/Src/Simulink.c.obj
                0x0800b108                rt_roundd_snf
 .text.Simulink_step
                0x0800b1c0      0x4f4 CMakeFiles/Stability.dir/Core/Src/Simulink.c.obj
                0x0800b1c0                Simulink_step
 .text.Simulink_initialize
                0x0800b6b4       0x28 CMakeFiles/Stability.dir/Core/Src/Simulink.c.obj
                0x0800b6b4                Simulink_initialize
 .text.Simulink_reset_integrator
                0x0800b6dc       0x20 CMakeFiles/Stability.dir/Core/Src/Simulink.c.obj
                0x0800b6dc                Simulink_reset_integrator
 .text.Reset_Handler
                0x0800b6fc       0x50 CMakeFiles/Stability.dir/startup_stm32h750xx.s.obj
                0x0800b6fc                Reset_Handler
 .text.Default_Handler
                0x0800b74c        0x2 CMakeFiles/Stability.dir/startup_stm32h750xx.s.obj
                0x0800b74c                RTC_Alarm_IRQHandler
                0x0800b74c                HASH_RNG_IRQHandler
                0x0800b74c                EXTI2_IRQHandler
                0x0800b74c                TIM8_CC_IRQHandler
                0x0800b74c                HRTIM1_Master_IRQHandler
                0x0800b74c                UART8_IRQHandler
                0x0800b74c                SPI4_IRQHandler
                0x0800b74c                TIM1_CC_IRQHandler
                0x0800b74c                BDMA_Channel6_IRQHandler
                0x0800b74c                DMA2_Stream5_IRQHandler
                0x0800b74c                HRTIM1_FLT_IRQHandler
                0x0800b74c                JPEG_IRQHandler
                0x0800b74c                DMA1_Stream5_IRQHandler
                0x0800b74c                BDMA_Channel1_IRQHandler
                0x0800b74c                HRTIM1_TIMD_IRQHandler
                0x0800b74c                TAMP_STAMP_IRQHandler
                0x0800b74c                EXTI3_IRQHandler
                0x0800b74c                LPTIM4_IRQHandler
                0x0800b74c                TIM8_TRG_COM_TIM14_IRQHandler
                0x0800b74c                LPTIM2_IRQHandler
                0x0800b74c                DFSDM1_FLT1_IRQHandler
                0x0800b74c                DMAMUX2_OVR_IRQHandler
                0x0800b74c                TIM8_UP_TIM13_IRQHandler
                0x0800b74c                I2C3_ER_IRQHandler
                0x0800b74c                DFSDM1_FLT2_IRQHandler
                0x0800b74c                MDMA_IRQHandler
                0x0800b74c                LPTIM3_IRQHandler
                0x0800b74c                HSEM1_IRQHandler
                0x0800b74c                EXTI0_IRQHandler
                0x0800b74c                I2C2_EV_IRQHandler
                0x0800b74c                DMA1_Stream2_IRQHandler
                0x0800b74c                FPU_IRQHandler
                0x0800b74c                OTG_HS_WKUP_IRQHandler
                0x0800b74c                FDCAN1_IT1_IRQHandler
                0x0800b74c                LTDC_ER_IRQHandler
                0x0800b74c                DMA2_Stream2_IRQHandler
                0x0800b74c                HRTIM1_TIME_IRQHandler
                0x0800b74c                SPI1_IRQHandler
                0x0800b74c                TIM6_DAC_IRQHandler
                0x0800b74c                DCMI_IRQHandler
                0x0800b74c                HRTIM1_TIMC_IRQHandler
                0x0800b74c                DMA2_Stream3_IRQHandler
                0x0800b74c                SAI2_IRQHandler
                0x0800b74c                DFSDM1_FLT3_IRQHandler
                0x0800b74c                USART6_IRQHandler
                0x0800b74c                TIM17_IRQHandler
                0x0800b74c                USART3_IRQHandler
                0x0800b74c                BDMA_Channel7_IRQHandler
                0x0800b74c                CRYP_IRQHandler
                0x0800b74c                LPTIM5_IRQHandler
                0x0800b74c                UART5_IRQHandler
                0x0800b74c                ADC3_IRQHandler
                0x0800b74c                DMA2_Stream0_IRQHandler
                0x0800b74c                TIM4_IRQHandler
                0x0800b74c                BDMA_Channel2_IRQHandler
                0x0800b74c                QUADSPI_IRQHandler
                0x0800b74c                I2C1_EV_IRQHandler
                0x0800b74c                DMA1_Stream6_IRQHandler
                0x0800b74c                DMAMUX1_OVR_IRQHandler
                0x0800b74c                DMA1_Stream1_IRQHandler
                0x0800b74c                TIM16_IRQHandler
                0x0800b74c                UART4_IRQHandler
                0x0800b74c                BDMA_Channel5_IRQHandler
                0x0800b74c                TIM3_IRQHandler
                0x0800b74c                RCC_IRQHandler
                0x0800b74c                TIM8_BRK_TIM12_IRQHandler
                0x0800b74c                TIM1_TRG_COM_IRQHandler
                0x0800b74c                Default_Handler
                0x0800b74c                ECC_IRQHandler
                0x0800b74c                CEC_IRQHandler
                0x0800b74c                EXTI15_10_IRQHandler
                0x0800b74c                BDMA_Channel0_IRQHandler
                0x0800b74c                ADC_IRQHandler
                0x0800b74c                DMA1_Stream7_IRQHandler
                0x0800b74c                HRTIM1_TIMA_IRQHandler
                0x0800b74c                SPI5_IRQHandler
                0x0800b74c                TIM7_IRQHandler
                0x0800b74c                SDMMC1_IRQHandler
                0x0800b74c                TIM5_IRQHandler
                0x0800b74c                DMA2_Stream7_IRQHandler
                0x0800b74c                TIM15_IRQHandler
                0x0800b74c                PVD_AVD_IRQHandler
                0x0800b74c                I2C3_EV_IRQHandler
                0x0800b74c                EXTI9_5_IRQHandler
                0x0800b74c                RTC_WKUP_IRQHandler
                0x0800b74c                LTDC_IRQHandler
                0x0800b74c                SAI3_IRQHandler
                0x0800b74c                ETH_WKUP_IRQHandler
                0x0800b74c                SPDIF_RX_IRQHandler
                0x0800b74c                SPI2_IRQHandler
                0x0800b74c                OTG_HS_EP1_IN_IRQHandler
                0x0800b74c                CRS_IRQHandler
                0x0800b74c                EXTI4_IRQHandler
                0x0800b74c                HRTIM1_TIMB_IRQHandler
                0x0800b74c                FDCAN2_IT1_IRQHandler
                0x0800b74c                ETH_IRQHandler
                0x0800b74c                TIM1_UP_IRQHandler
                0x0800b74c                BDMA_Channel4_IRQHandler
                0x0800b74c                OTG_HS_EP1_OUT_IRQHandler
                0x0800b74c                WWDG_IRQHandler
                0x0800b74c                SPI6_IRQHandler
                0x0800b74c                MDIOS_IRQHandler
                0x0800b74c                I2C4_EV_IRQHandler
                0x0800b74c                FDCAN2_IT0_IRQHandler
                0x0800b74c                LPUART1_IRQHandler
                0x0800b74c                FDCAN1_IT0_IRQHandler
                0x0800b74c                OTG_FS_WKUP_IRQHandler
                0x0800b74c                OTG_HS_IRQHandler
                0x0800b74c                DMA2D_IRQHandler
                0x0800b74c                TIM1_BRK_IRQHandler
                0x0800b74c                EXTI1_IRQHandler
                0x0800b74c                SDMMC2_IRQHandler
                0x0800b74c                OTG_FS_EP1_OUT_IRQHandler
                0x0800b74c                BDMA_Channel3_IRQHandler
                0x0800b74c                UART7_IRQHandler
                0x0800b74c                MDIOS_WKUP_IRQHandler
                0x0800b74c                USART2_IRQHandler
                0x0800b74c                DFSDM1_FLT0_IRQHandler
                0x0800b74c                SAI4_IRQHandler
                0x0800b74c                I2C2_ER_IRQHandler
                0x0800b74c                DMA2_Stream1_IRQHandler
                0x0800b74c                FLASH_IRQHandler
                0x0800b74c                DMA2_Stream4_IRQHandler
                0x0800b74c                OTG_FS_IRQHandler
                0x0800b74c                SPI3_IRQHandler
                0x0800b74c                WAKEUP_PIN_IRQHandler
                0x0800b74c                DMA1_Stream4_IRQHandler
                0x0800b74c                OTG_FS_EP1_IN_IRQHandler
                0x0800b74c                I2C1_ER_IRQHandler
                0x0800b74c                FMC_IRQHandler
                0x0800b74c                FDCAN_CAL_IRQHandler
                0x0800b74c                SWPMI1_IRQHandler
                0x0800b74c                COMP1_IRQHandler
                0x0800b74c                LPTIM1_IRQHandler
                0x0800b74c                I2C4_ER_IRQHandler
                0x0800b74c                DMA2_Stream6_IRQHandler
                0x0800b74c                SAI1_IRQHandler
                0x0800b74c                DMA1_Stream3_IRQHandler
 .text.memcpy   0x0800b74e       0x1c D:/programs/STM32Cube/STM32CUBEIDE/STM32CubeIDE_2.1.1/STM32CubeIDE/plugins/com.st.stm32cube.ide.mcu.externaltools.gnu-tools-for-stm32.14.3.rel1.win32_1.0.100.202602081740/tools/bin/../lib/gcc/arm-none-eabi/14.3.1/../../../../arm-none-eabi/lib/thumb/v7e-m+dp/hard\libg_nano.a(libc_a-memcpy-stub.o)
                0x0800b74e                memcpy
 *fill*         0x0800b76a        0x2 
 .text.fmax     0x0800b76c       0x4c D:/programs/STM32Cube/STM32CUBEIDE/STM32CubeIDE_2.1.1/STM32CubeIDE/plugins/com.st.stm32cube.ide.mcu.externaltools.gnu-tools-for-stm32.14.3.rel1.win32_1.0.100.202602081740/tools/bin/../lib/gcc/arm-none-eabi/14.3.1/../../../../arm-none-eabi/lib/thumb/v7e-m+dp/hard\libm.a(libm_a-s_fmax.o)
                0x0800b76c                fmax
 .text.fmin     0x0800b7b8       0x4c D:/programs/STM32Cube/STM32CUBEIDE/STM32CubeIDE_2.1.1/STM32CubeIDE/plugins/com.st.stm32cube.ide.mcu.externaltools.gnu-tools-for-stm32.14.3.rel1.win32_1.0.100.202602081740/tools/bin/../lib/gcc/arm-none-eabi/14.3.1/../../../../arm-none-eabi/lib/thumb/v7e-m+dp/hard\libm.a(libm_a-s_fmin.o)
                0x0800b7b8                fmin
 .text.__fpclassifyd
                0x0800b804       0x5c D:/programs/STM32Cube/STM32CUBEIDE/STM32CubeIDE_2.1.1/STM32CubeIDE/plugins/com.st.stm32cube.ide.mcu.externaltools.gnu-tools-for-stm32.14.3.rel1.win32_1.0.100.202602081740/tools/bin/../lib/gcc/arm-none-eabi/14.3.1/../../../../arm-none-eabi/lib/thumb/v7e-m+dp/hard\libm.a(libm_a-s_fpclassify.o)
                0x0800b804                __fpclassifyd
 .text.ceil     0x0800b860      0x108 D:/programs/STM32Cube/STM32CUBEIDE/STM32CubeIDE_2.1.1/STM32CubeIDE/plugins/com.st.stm32cube.ide.mcu.externaltools.gnu-tools-for-stm32.14.3.rel1.win32_1.0.100.202602081740/tools/bin/../lib/gcc/arm-none-eabi/14.3.1/../../../../arm-none-eabi/lib/thumb/v7e-m+dp/hard\libm.a(libm_a-s_ceil.o)
                0x0800b860                ceil
 .text.floor    0x0800b968      0x110 D:/programs/STM32Cube/STM32CUBEIDE/STM32CubeIDE_2.1.1/STM32CubeIDE/plugins/com.st.stm32cube.ide.mcu.externaltools.gnu-tools-for-stm32.14.3.rel1.win32_1.0.100.202602081740/tools/bin/../lib/gcc/arm-none-eabi/14.3.1/../../../../arm-none-eabi/lib/thumb/v7e-m+dp/hard\libm.a(libm_a-s_floor.o)
                0x0800b968                floor
 *(.glue_7)
 .glue_7        0x0800ba78        0x0 linker stubs
 *(.glue_7t)
 .glue_7t       0x0800ba78        0x0 linker stubs
 *(.eh_frame)
 .eh_frame      0x0800ba78        0x0 D:/programs/STM32Cube/STM32CUBEIDE/STM32CubeIDE_2.1.1/STM32CubeIDE/plugins/com.st.stm32cube.ide.mcu.externaltools.gnu-tools-for-stm32.14.3.rel1.win32_1.0.100.202602081740/tools/bin/../lib/gcc/arm-none-eabi/14.3.1/thumb/v7e-m+dp/hard/crtbegin.o
 *(.init)
 .init          0x0800ba78        0x4 D:/programs/STM32Cube/STM32CUBEIDE/STM32CubeIDE_2.1.1/STM32CubeIDE/plugins/com.st.stm32cube.ide.mcu.externaltools.gnu-tools-for-stm32.14.3.rel1.win32_1.0.100.202602081740/tools/bin/../lib/gcc/arm-none-eabi/14.3.1/thumb/v7e-m+dp/hard/crti.o
                0x0800ba78                _init
 .init          0x0800ba7c        0x8 D:/programs/STM32Cube/STM32CUBEIDE/STM32CubeIDE_2.1.1/STM32CubeIDE/plugins/com.st.stm32cube.ide.mcu.externaltools.gnu-tools-for-stm32.14.3.rel1.win32_1.0.100.202602081740/tools/bin/../lib/gcc/arm-none-eabi/14.3.1/thumb/v7e-m+dp/hard/crtn.o
 *(.fini)
 .fini          0x0800ba84        0x4 D:/programs/STM32Cube/STM32CUBEIDE/STM32CubeIDE_2.1.1/STM32CubeIDE/plugins/com.st.stm32cube.ide.mcu.externaltools.gnu-tools-for-stm32.14.3.rel1.win32_1.0.100.202602081740/tools/bin/../lib/gcc/arm-none-eabi/14.3.1/thumb/v7e-m+dp/hard/crti.o
                0x0800ba84                _fini
 .fini          0x0800ba88        0x8 D:/programs/STM32Cube/STM32CUBEIDE/STM32CubeIDE_2.1.1/STM32CubeIDE/plugins/com.st.stm32cube.ide.mcu.externaltools.gnu-tools-for-stm32.14.3.rel1.win32_1.0.100.202602081740/tools/bin/../lib/gcc/arm-none-eabi/14.3.1/thumb/v7e-m+dp/hard/crtn.o
                0x0800ba90                        . = ALIGN (0x4)
                0x0800ba90                        _etext = .

.vfp11_veneer   0x0800ba90        0x0
 .vfp11_veneer  0x0800ba90        0x0 linker stubs

.v4_bx          0x0800ba90        0x0
 .v4_bx         0x0800ba90        0x0 linker stubs

.iplt           0x0800ba90        0x0
 .iplt          0x0800ba90        0x0 D:/programs/STM32Cube/STM32CUBEIDE/STM32CubeIDE_2.1.1/STM32CubeIDE/plugins/com.st.stm32cube.ide.mcu.externaltools.gnu-tools-for-stm32.14.3.rel1.win32_1.0.100.202602081740/tools/bin/../lib/gcc/arm-none-eabi/14.3.1/thumb/v7e-m+dp/hard/crtbegin.o

.rodata         0x0800ba90       0x40
                0x0800ba90                        . = ALIGN (0x4)
 *(.rodata)
 *(.rodata*)
 .rodata.flagBitshiftOffset.0
                0x0800ba90        0x8 CMakeFiles/Stability.dir/Drivers/STM32H7xx_HAL_Driver/Src/stm32h7xx_hal_dma.c.obj
 .rodata.UARTPrescTable
                0x0800ba98       0x18 CMakeFiles/Stability.dir/Drivers/STM32H7xx_HAL_Driver/Src/stm32h7xx_hal_uart.c.obj
                0x0800ba98                UARTPrescTable
 .rodata.numerator.1
                0x0800bab0        0x8 CMakeFiles/Stability.dir/Drivers/STM32H7xx_HAL_Driver/Src/stm32h7xx_hal_uart_ex.c.obj
 .rodata.denominator.0
                0x0800bab8        0x8 CMakeFiles/Stability.dir/Drivers/STM32H7xx_HAL_Driver/Src/stm32h7xx_hal_uart_ex.c.obj
 .rodata.D1CorePrescTable
                0x0800bac0       0x10 CMakeFiles/Stability.dir/Core/Src/system_stm32h7xx.c.obj
                0x0800bac0                D1CorePrescTable
                0x0800bad0                        . = ALIGN (0x4)

.ARM.extab
 *(.ARM.extab* .gnu.linkonce.armextab.*)

.ARM            0x0800bad0        0x8
                0x0800bad0                        __exidx_start = .
 *(.ARM.exidx*)
 .ARM.exidx     0x0800bad0        0x8 D:/programs/STM32Cube/STM32CUBEIDE/STM32CubeIDE_2.1.1/STM32CubeIDE/plugins/com.st.stm32cube.ide.mcu.externaltools.gnu-tools-for-stm32.14.3.rel1.win32_1.0.100.202602081740/tools/bin/../lib/gcc/arm-none-eabi/14.3.1/thumb/v7e-m+dp/hard\libgcc.a(_udivmoddi4.o)
                0x0800bad8                        __exidx_end = .

.rel.dyn        0x0800bad8        0x0
 .rel.iplt      0x0800bad8        0x0 D:/programs/STM32Cube/STM32CUBEIDE/STM32CubeIDE_2.1.1/STM32CubeIDE/plugins/com.st.stm32cube.ide.mcu.externaltools.gnu-tools-for-stm32.14.3.rel1.win32_1.0.100.202602081740/tools/bin/../lib/gcc/arm-none-eabi/14.3.1/thumb/v7e-m+dp/hard/crtbegin.o

.preinit_array  0x0800bad8        0x0
                0x0800bad8                        PROVIDE (__preinit_array_start = .)
 *(.preinit_array*)
                0x0800bad8                        PROVIDE (__preinit_array_end = .)

.init_array     0x0800bad8        0x4
                0x0800bad8                        PROVIDE (__init_array_start = .)
 *(SORT_BY_NAME(.init_array.*))
 *(.init_array*)
 .init_array    0x0800bad8        0x4 D:/programs/STM32Cube/STM32CUBEIDE/STM32CubeIDE_2.1.1/STM32CubeIDE/plugins/com.st.stm32cube.ide.mcu.externaltools.gnu-tools-for-stm32.14.3.rel1.win32_1.0.100.202602081740/tools/bin/../lib/gcc/arm-none-eabi/14.3.1/thumb/v7e-m+dp/hard/crtbegin.o
                0x0800badc                        PROVIDE (__init_array_end = .)

.fini_array     0x0800badc        0x4
                [!provide]                        PROVIDE (__fini_array_start = .)
 *(SORT_BY_NAME(.fini_array.*))
 *(.fini_array*)
 .fini_array    0x0800badc        0x4 D:/programs/STM32Cube/STM32CUBEIDE/STM32CubeIDE_2.1.1/STM32CubeIDE/plugins/com.st.stm32cube.ide.mcu.externaltools.gnu-tools-for-stm32.14.3.rel1.win32_1.0.100.202602081740/tools/bin/../lib/gcc/arm-none-eabi/14.3.1/thumb/v7e-m+dp/hard/crtbegin.o
                [!provide]                        PROVIDE (__fini_array_end = .)
                0x0800bae0                        _sidata = LOADADDR (.data)

.data           0x20000000       0x10 load address 0x0800bae0
                0x20000000                        . = ALIGN (0x4)
                0x20000000                        _sdata = .
 *(.data)
 *(.data*)
 .data.uwTickPrio
                0x20000000        0x4 CMakeFiles/Stability.dir/Drivers/STM32H7xx_HAL_Driver/Src/stm32h7xx_hal.c.obj
                0x20000000                uwTickPrio
 .data.uwTickFreq
                0x20000004        0x1 CMakeFiles/Stability.dir/Drivers/STM32H7xx_HAL_Driver/Src/stm32h7xx_hal.c.obj
                0x20000004                uwTickFreq
 *fill*         0x20000005        0x3 
 .data.SystemCoreClock
                0x20000008        0x4 CMakeFiles/Stability.dir/Core/Src/system_stm32h7xx.c.obj
                0x20000008                SystemCoreClock
 .data.SystemD2Clock
                0x2000000c        0x4 CMakeFiles/Stability.dir/Core/Src/system_stm32h7xx.c.obj
                0x2000000c                SystemD2Clock
                0x20000010                        . = ALIGN (0x4)
                0x20000010                        _edata = .

.igot.plt       0x20000010        0x0 load address 0x0800baf0
 .igot.plt      0x20000010        0x0 D:/programs/STM32Cube/STM32CUBEIDE/STM32CubeIDE_2.1.1/STM32CubeIDE/plugins/com.st.stm32cube.ide.mcu.externaltools.gnu-tools-for-stm32.14.3.rel1.win32_1.0.100.202602081740/tools/bin/../lib/gcc/arm-none-eabi/14.3.1/thumb/v7e-m+dp/hard/crtbegin.o
                0x20000010                        . = ALIGN (0x4)

.bss            0x20000010      0x2ac load address 0x0800baf0
                0x20000010                        _sbss = .
                0x20000010                        __bss_start__ = _sbss
 *(.bss)
 .bss           0x20000010       0x1c D:/programs/STM32Cube/STM32CUBEIDE/STM32CubeIDE_2.1.1/STM32CubeIDE/plugins/com.st.stm32cube.ide.mcu.externaltools.gnu-tools-for-stm32.14.3.rel1.win32_1.0.100.202602081740/tools/bin/../lib/gcc/arm-none-eabi/14.3.1/thumb/v7e-m+dp/hard/crtbegin.o
 *(.bss*)
 .bss.htim1     0x2000002c       0x4c CMakeFiles/Stability.dir/Core/Src/main.c.obj
                0x2000002c                htim1
 .bss.htim8     0x20000078       0x4c CMakeFiles/Stability.dir/Core/Src/main.c.obj
                0x20000078                htim8
 .bss.huart1    0x200000c4       0x94 CMakeFiles/Stability.dir/Core/Src/main.c.obj
                0x200000c4                huart1
 .bss.hdma_usart1_rx
                0x20000158       0x78 CMakeFiles/Stability.dir/Core/Src/main.c.obj
                0x20000158                hdma_usart1_rx
 .bss.dma_tail  0x200001d0        0x2 CMakeFiles/Stability.dir/Core/Src/main.c.obj
                0x200001d0                dma_tail
 .bss.data_ready
                0x200001d2        0x1 CMakeFiles/Stability.dir/Core/Src/main.c.obj
                0x200001d2                data_ready
 *fill*         0x200001d3        0x1 
 .bss.last_packet_time
                0x200001d4        0x4 CMakeFiles/Stability.dir/Core/Src/main.c.obj
                0x200001d4                last_packet_time
 .bss.dynamic_K_gains
                0x200001d8       0x18 CMakeFiles/Stability.dir/Core/Src/main.c.obj
                0x200001d8                dynamic_K_gains
 .bss.dynamic_KI_PHI
                0x200001f0        0x4 CMakeFiles/Stability.dir/Core/Src/main.c.obj
                0x200001f0                dynamic_KI_PHI
 .bss.esp_wheel_speed_r
                0x200001f4        0x4 CMakeFiles/Stability.dir/Core/Src/main.c.obj
                0x200001f4                esp_wheel_speed_r
 .bss.esp_wheel_speed_l
                0x200001f8        0x4 CMakeFiles/Stability.dir/Core/Src/main.c.obj
                0x200001f8                esp_wheel_speed_l
 .bss.htim2     0x200001fc       0x4c CMakeFiles/Stability.dir/Core/Src/stm32h7xx_hal_timebase_tim.c.obj
                0x200001fc                htim2
 .bss.uwTick    0x20000248        0x4 CMakeFiles/Stability.dir/Drivers/STM32H7xx_HAL_Driver/Src/stm32h7xx_hal.c.obj
                0x20000248                uwTick
 *fill*         0x2000024c        0x4 
 .bss.rtU       0x20000250       0x30 CMakeFiles/Stability.dir/Core/Src/Simulink.c.obj
                0x20000250                rtU
 .bss.rtY       0x20000280       0x20 CMakeFiles/Stability.dir/Core/Src/Simulink.c.obj
                0x20000280                rtY
 .bss.export_tau_r
                0x200002a0        0x4 CMakeFiles/Stability.dir/Core/Src/Simulink.c.obj
                0x200002a0                export_tau_r
 .bss.export_tau_l
                0x200002a4        0x4 CMakeFiles/Stability.dir/Core/Src/Simulink.c.obj
                0x200002a4                export_tau_l
 .bss.export_pwm_r
                0x200002a8        0x4 CMakeFiles/Stability.dir/Core/Src/Simulink.c.obj
                0x200002a8                export_pwm_r
 .bss.export_pwm_l
                0x200002ac        0x4 CMakeFiles/Stability.dir/Core/Src/Simulink.c.obj
                0x200002ac                export_pwm_l
 .bss.phi_integral
                0x200002b0        0x8 CMakeFiles/Stability.dir/Core/Src/Simulink.c.obj
 .bss.last_step_tick
                0x200002b8        0x4 CMakeFiles/Stability.dir/Core/Src/Simulink.c.obj
 *(COMMON)
                0x200002bc                        . = ALIGN (0x4)
                0x200002bc                        _ebss = .
                0x200002bc                        __bss_end__ = _ebss

._user_heap_stack
                0x200002bc      0x604 load address 0x0800baf0
                0x200002c0                        . = ALIGN (0x8)
 *fill*         0x200002bc        0x4 
                [!provide]                        PROVIDE (end = .)
                0x200002c0                        PROVIDE (_end = .)
                0x200004c0                        . = (. + _Min_Heap_Size)
 *fill*         0x200002c0      0x200 
                0x200008c0                        . = (. + _Min_Stack_Size)
 *fill*         0x200004c0      0x400 
                0x200008c0                        . = ALIGN (0x8)

/DISCARD/
 libc.a(*)
 libm.a(*)
 libgcc.a(*)

.ARM.attributes
                0x00000000       0x2e
 *(.ARM.attributes)
 .ARM.attributes
                0x00000000       0x20 D:/programs/STM32Cube/STM32CUBEIDE/STM32CubeIDE_2.1.1/STM32CubeIDE/plugins/com.st.stm32cube.ide.mcu.externaltools.gnu-tools-for-stm32.14.3.rel1.win32_1.0.100.202602081740/tools/bin/../lib/gcc/arm-none-eabi/14.3.1/thumb/v7e-m+dp/hard/crti.o
 .ARM.attributes
                0x00000020       0x32 D:/programs/STM32Cube/STM32CUBEIDE/STM32CubeIDE_2.1.1/STM32CubeIDE/plugins/com.st.stm32cube.ide.mcu.externaltools.gnu-tools-for-stm32.14.3.rel1.win32_1.0.100.202602081740/tools/bin/../lib/gcc/arm-none-eabi/14.3.1/thumb/v7e-m+dp/hard/crtbegin.o
 .ARM.attributes
                0x00000052       0x32 D:/programs/STM32Cube/STM32CUBEIDE/STM32CubeIDE_2.1.1/STM32CubeIDE/plugins/com.st.stm32cube.ide.mcu.externaltools.gnu-tools-for-stm32.14.3.rel1.win32_1.0.100.202602081740/tools/bin/../lib/gcc/arm-none-eabi/14.3.1/../../../../arm-none-eabi/lib/thumb/v7e-m+dp/hard\libc_nano.a(libc_a-memset.o)
 .ARM.attributes
                0x00000084       0x32 D:/programs/STM32Cube/STM32CUBEIDE/STM32CubeIDE_2.1.1/STM32CubeIDE/plugins/com.st.stm32cube.ide.mcu.externaltools.gnu-tools-for-stm32.14.3.rel1.win32_1.0.100.202602081740/tools/bin/../lib/gcc/arm-none-eabi/14.3.1/../../../../arm-none-eabi/lib/thumb/v7e-m+dp/hard\libc_nano.a(libc_a-init.o)
 .ARM.attributes
                0x000000b6       0x32 CMakeFiles/Stability.dir/Core/Src/main.c.obj
 .ARM.attributes
                0x000000e8       0x32 CMakeFiles/Stability.dir/Core/Src/stm32h7xx_it.c.obj
 .ARM.attributes
                0x0000011a       0x32 CMakeFiles/Stability.dir/Core/Src/stm32h7xx_hal_msp.c.obj
 .ARM.attributes
                0x0000014c       0x32 CMakeFiles/Stability.dir/Core/Src/stm32h7xx_hal_timebase_tim.c.obj
 .ARM.attributes
                0x0000017e       0x32 CMakeFiles/Stability.dir/Drivers/STM32H7xx_HAL_Driver/Src/stm32h7xx_hal_cortex.c.obj
 .ARM.attributes
                0x000001b0       0x32 CMakeFiles/Stability.dir/Drivers/STM32H7xx_HAL_Driver/Src/stm32h7xx_hal_rcc.c.obj
 .ARM.attributes
                0x000001e2       0x32 CMakeFiles/Stability.dir/Drivers/STM32H7xx_HAL_Driver/Src/stm32h7xx_hal_rcc_ex.c.obj
 .ARM.attributes
                0x00000214       0x32 CMakeFiles/Stability.dir/Drivers/STM32H7xx_HAL_Driver/Src/stm32h7xx_hal_gpio.c.obj
 .ARM.attributes
                0x00000246       0x32 CMakeFiles/Stability.dir/Drivers/STM32H7xx_HAL_Driver/Src/stm32h7xx_hal_dma.c.obj
 .ARM.attributes
                0x00000278       0x32 CMakeFiles/Stability.dir/Drivers/STM32H7xx_HAL_Driver/Src/stm32h7xx_hal_pwr_ex.c.obj
 .ARM.attributes
                0x000002aa       0x32 CMakeFiles/Stability.dir/Drivers/STM32H7xx_HAL_Driver/Src/stm32h7xx_hal.c.obj
 .ARM.attributes
                0x000002dc       0x32 CMakeFiles/Stability.dir/Drivers/STM32H7xx_HAL_Driver/Src/stm32h7xx_hal_tim.c.obj
 .ARM.attributes
                0x0000030e       0x32 CMakeFiles/Stability.dir/Drivers/STM32H7xx_HAL_Driver/Src/stm32h7xx_hal_tim_ex.c.obj
 .ARM.attributes
                0x00000340       0x32 CMakeFiles/Stability.dir/Drivers/STM32H7xx_HAL_Driver/Src/stm32h7xx_hal_uart.c.obj
 .ARM.attributes
                0x00000372       0x32 CMakeFiles/Stability.dir/Drivers/STM32H7xx_HAL_Driver/Src/stm32h7xx_hal_uart_ex.c.obj
 .ARM.attributes
                0x000003a4       0x32 CMakeFiles/Stability.dir/Core/Src/system_stm32h7xx.c.obj
 .ARM.attributes
                0x000003d6       0x32 CMakeFiles/Stability.dir/Core/Src/Simulink.c.obj
 .ARM.attributes
                0x00000408       0x21 CMakeFiles/Stability.dir/startup_stm32h750xx.s.obj
 .ARM.attributes
                0x00000429       0x20 D:/programs/STM32Cube/STM32CUBEIDE/STM32CubeIDE_2.1.1/STM32CubeIDE/plugins/com.st.stm32cube.ide.mcu.externaltools.gnu-tools-for-stm32.14.3.rel1.win32_1.0.100.202602081740/tools/bin/../lib/gcc/arm-none-eabi/14.3.1/thumb/v7e-m+dp/hard\libgcc.a(_aeabi_uldivmod.o)
 .ARM.attributes
                0x00000449       0x32 D:/programs/STM32Cube/STM32CUBEIDE/STM32CubeIDE_2.1.1/STM32CubeIDE/plugins/com.st.stm32cube.ide.mcu.externaltools.gnu-tools-for-stm32.14.3.rel1.win32_1.0.100.202602081740/tools/bin/../lib/gcc/arm-none-eabi/14.3.1/thumb/v7e-m+dp/hard\libgcc.a(_udivmoddi4.o)
 .ARM.attributes
                0x0000047b       0x20 D:/programs/STM32Cube/STM32CUBEIDE/STM32CubeIDE_2.1.1/STM32CubeIDE/plugins/com.st.stm32cube.ide.mcu.externaltools.gnu-tools-for-stm32.14.3.rel1.win32_1.0.100.202602081740/tools/bin/../lib/gcc/arm-none-eabi/14.3.1/thumb/v7e-m+dp/hard\libgcc.a(_dvmd_tls.o)
 .ARM.attributes
                0x0000049b       0x32 D:/programs/STM32Cube/STM32CUBEIDE/STM32CubeIDE_2.1.1/STM32CubeIDE/plugins/com.st.stm32cube.ide.mcu.externaltools.gnu-tools-for-stm32.14.3.rel1.win32_1.0.100.202602081740/tools/bin/../lib/gcc/arm-none-eabi/14.3.1/../../../../arm-none-eabi/lib/thumb/v7e-m+dp/hard\libg_nano.a(libc_a-memcpy-stub.o)
 .ARM.attributes
                0x000004cd       0x20 D:/programs/STM32Cube/STM32CUBEIDE/STM32CubeIDE_2.1.1/STM32CubeIDE/plugins/com.st.stm32cube.ide.mcu.externaltools.gnu-tools-for-stm32.14.3.rel1.win32_1.0.100.202602081740/tools/bin/../lib/gcc/arm-none-eabi/14.3.1/thumb/v7e-m+dp/hard/crtn.o
OUTPUT(Stability.elf elf32-littlearm)
LOAD linker stubs
LOAD D:/programs/STM32Cube/STM32CUBEIDE/STM32CubeIDE_2.1.1/STM32CubeIDE/plugins/com.st.stm32cube.ide.mcu.externaltools.gnu-tools-for-stm32.14.3.rel1.win32_1.0.100.202602081740/tools/bin/../lib/gcc/arm-none-eabi/14.3.1/../../../../arm-none-eabi/lib/thumb/v7e-m+dp/hard\libc.a
LOAD D:/programs/STM32Cube/STM32CUBEIDE/STM32CubeIDE_2.1.1/STM32CubeIDE/plugins/com.st.stm32cube.ide.mcu.externaltools.gnu-tools-for-stm32.14.3.rel1.win32_1.0.100.202602081740/tools/bin/../lib/gcc/arm-none-eabi/14.3.1/../../../../arm-none-eabi/lib/thumb/v7e-m+dp/hard\libm.a
LOAD D:/programs/STM32Cube/STM32CUBEIDE/STM32CubeIDE_2.1.1/STM32CubeIDE/plugins/com.st.stm32cube.ide.mcu.externaltools.gnu-tools-for-stm32.14.3.rel1.win32_1.0.100.202602081740/tools/bin/../lib/gcc/arm-none-eabi/14.3.1/thumb/v7e-m+dp/hard\libgcc.a

.debug_frame    0x00000000     0x4388
 .debug_frame   0x00000000       0x20 D:/programs/STM32Cube/STM32CUBEIDE/STM32CubeIDE_2.1.1/STM32CubeIDE/plugins/com.st.stm32cube.ide.mcu.externaltools.gnu-tools-for-stm32.14.3.rel1.win32_1.0.100.202602081740/tools/bin/../lib/gcc/arm-none-eabi/14.3.1/../../../../arm-none-eabi/lib/thumb/v7e-m+dp/hard\libc_nano.a(libc_a-memset.o)
 .debug_frame   0x00000020       0x2c D:/programs/STM32Cube/STM32CUBEIDE/STM32CubeIDE_2.1.1/STM32CubeIDE/plugins/com.st.stm32cube.ide.mcu.externaltools.gnu-tools-for-stm32.14.3.rel1.win32_1.0.100.202602081740/tools/bin/../lib/gcc/arm-none-eabi/14.3.1/../../../../arm-none-eabi/lib/thumb/v7e-m+dp/hard\libc_nano.a(libc_a-init.o)
 .debug_frame   0x0000004c      0x188 CMakeFiles/Stability.dir/Core/Src/main.c.obj
 .debug_frame   0x000001d4      0x150 CMakeFiles/Stability.dir/Core/Src/stm32h7xx_it.c.obj
 .debug_frame   0x00000324       0xec CMakeFiles/Stability.dir/Core/Src/stm32h7xx_hal_msp.c.obj
 .debug_frame   0x00000410       0x6c CMakeFiles/Stability.dir/Core/Src/stm32h7xx_hal_timebase_tim.c.obj
 .debug_frame   0x0000047c      0x4b8 CMakeFiles/Stability.dir/Drivers/STM32H7xx_HAL_Driver/Src/stm32h7xx_hal_cortex.c.obj
 .debug_frame   0x00000934      0x1e4 CMakeFiles/Stability.dir/Drivers/STM32H7xx_HAL_Driver/Src/stm32h7xx_hal_rcc.c.obj
 .debug_frame   0x00000b18      0x3d4 CMakeFiles/Stability.dir/Drivers/STM32H7xx_HAL_Driver/Src/stm32h7xx_hal_rcc_ex.c.obj
 .debug_frame   0x00000eec      0x130 CMakeFiles/Stability.dir/Drivers/STM32H7xx_HAL_Driver/Src/stm32h7xx_hal_gpio.c.obj
 .debug_frame   0x0000101c      0x290 CMakeFiles/Stability.dir/Drivers/STM32H7xx_HAL_Driver/Src/stm32h7xx_hal_dma.c.obj
 .debug_frame   0x000012ac      0x500 CMakeFiles/Stability.dir/Drivers/STM32H7xx_HAL_Driver/Src/stm32h7xx_hal_pwr_ex.c.obj
 .debug_frame   0x000017ac      0x5e8 CMakeFiles/Stability.dir/Drivers/STM32H7xx_HAL_Driver/Src/stm32h7xx_hal.c.obj
 .debug_frame   0x00001d94     0x1144 CMakeFiles/Stability.dir/Drivers/STM32H7xx_HAL_Driver/Src/stm32h7xx_hal_tim.c.obj
 .debug_frame   0x00002ed8      0x690 CMakeFiles/Stability.dir/Drivers/STM32H7xx_HAL_Driver/Src/stm32h7xx_hal_tim_ex.c.obj
 .debug_frame   0x00003568      0xa18 CMakeFiles/Stability.dir/Drivers/STM32H7xx_HAL_Driver/Src/stm32h7xx_hal_uart.c.obj
 .debug_frame   0x00003f80      0x29c CMakeFiles/Stability.dir/Drivers/STM32H7xx_HAL_Driver/Src/stm32h7xx_hal_uart_ex.c.obj
 .debug_frame   0x0000421c       0x50 CMakeFiles/Stability.dir/Core/Src/system_stm32h7xx.c.obj
 .debug_frame   0x0000426c       0x94 CMakeFiles/Stability.dir/Core/Src/Simulink.c.obj
 .debug_frame   0x00004300       0x2c D:/programs/STM32Cube/STM32CUBEIDE/STM32CubeIDE_2.1.1/STM32CubeIDE/plugins/com.st.stm32cube.ide.mcu.externaltools.gnu-tools-for-stm32.14.3.rel1.win32_1.0.100.202602081740/tools/bin/../lib/gcc/arm-none-eabi/14.3.1/thumb/v7e-m+dp/hard\libgcc.a(_aeabi_uldivmod.o)
 .debug_frame   0x0000432c       0x34 D:/programs/STM32Cube/STM32CUBEIDE/STM32CubeIDE_2.1.1/STM32CubeIDE/plugins/com.st.stm32cube.ide.mcu.externaltools.gnu-tools-for-stm32.14.3.rel1.win32_1.0.100.202602081740/tools/bin/../lib/gcc/arm-none-eabi/14.3.1/thumb/v7e-m+dp/hard\libgcc.a(_udivmoddi4.o)
 .debug_frame   0x00004360       0x28 D:/programs/STM32Cube/STM32CUBEIDE/STM32CubeIDE_2.1.1/STM32CubeIDE/plugins/com.st.stm32cube.ide.mcu.externaltools.gnu-tools-for-stm32.14.3.rel1.win32_1.0.100.202602081740/tools/bin/../lib/gcc/arm-none-eabi/14.3.1/../../../../arm-none-eabi/lib/thumb/v7e-m+dp/hard\libg_nano.a(libc_a-memcpy-stub.o)

.debug_info     0x00000000    0x17fdf
 .debug_info    0x00000000     0x2967 CMakeFiles/Stability.dir/Core/Src/main.c.obj
 .debug_info    0x00002967      0xc30 CMakeFiles/Stability.dir/Core/Src/stm32h7xx_it.c.obj
 .debug_info    0x00003597     0x1958 CMakeFiles/Stability.dir/Core/Src/stm32h7xx_hal_msp.c.obj
 .debug_info    0x00004eef     0x10af CMakeFiles/Stability.dir/Core/Src/stm32h7xx_hal_timebase_tim.c.obj
 .debug_info    0x00005f9e     0x10b2 CMakeFiles/Stability.dir/Drivers/STM32H7xx_HAL_Driver/Src/stm32h7xx_hal_cortex.c.obj
 .debug_info    0x00007050      0xe5b CMakeFiles/Stability.dir/Drivers/STM32H7xx_HAL_Driver/Src/stm32h7xx_hal_rcc.c.obj
 .debug_info    0x00007eab     0x1216 CMakeFiles/Stability.dir/Drivers/STM32H7xx_HAL_Driver/Src/stm32h7xx_hal_rcc_ex.c.obj
 .debug_info    0x000090c1      0xc4b CMakeFiles/Stability.dir/Drivers/STM32H7xx_HAL_Driver/Src/stm32h7xx_hal_gpio.c.obj
 .debug_info    0x00009d0c      0xc27 CMakeFiles/Stability.dir/Drivers/STM32H7xx_HAL_Driver/Src/stm32h7xx_hal_dma.c.obj
 .debug_info    0x0000a933     0x1008 CMakeFiles/Stability.dir/Drivers/STM32H7xx_HAL_Driver/Src/stm32h7xx_hal_pwr_ex.c.obj
 .debug_info    0x0000b93b     0x1541 CMakeFiles/Stability.dir/Drivers/STM32H7xx_HAL_Driver/Src/stm32h7xx_hal.c.obj
 .debug_info    0x0000ce7c     0x2bae CMakeFiles/Stability.dir/Drivers/STM32H7xx_HAL_Driver/Src/stm32h7xx_hal_tim.c.obj
 .debug_info    0x0000fa2a     0x17eb CMakeFiles/Stability.dir/Drivers/STM32H7xx_HAL_Driver/Src/stm32h7xx_hal_tim_ex.c.obj
 .debug_info    0x00011215     0x4b13 CMakeFiles/Stability.dir/Drivers/STM32H7xx_HAL_Driver/Src/stm32h7xx_hal_uart.c.obj
 .debug_info    0x00015d28      0xfbf CMakeFiles/Stability.dir/Drivers/STM32H7xx_HAL_Driver/Src/stm32h7xx_hal_uart_ex.c.obj
 .debug_info    0x00016ce7      0xcef CMakeFiles/Stability.dir/Core/Src/system_stm32h7xx.c.obj
 .debug_info    0x000179d6      0x4b8 CMakeFiles/Stability.dir/Core/Src/Simulink.c.obj
 .debug_info    0x00017e8e       0x30 CMakeFiles/Stability.dir/startup_stm32h750xx.s.obj
 .debug_info    0x00017ebe      0x121 D:/programs/STM32Cube/STM32CUBEIDE/STM32CubeIDE_2.1.1/STM32CubeIDE/plugins/com.st.stm32cube.ide.mcu.externaltools.gnu-tools-for-stm32.14.3.rel1.win32_1.0.100.202602081740/tools/bin/../lib/gcc/arm-none-eabi/14.3.1/../../../../arm-none-eabi/lib/thumb/v7e-m+dp/hard\libg_nano.a(libc_a-memcpy-stub.o)

.debug_abbrev   0x00000000     0x2acc
 .debug_abbrev  0x00000000      0x3d9 CMakeFiles/Stability.dir/Core/Src/main.c.obj
 .debug_abbrev  0x000003d9      0x199 CMakeFiles/Stability.dir/Core/Src/stm32h7xx_it.c.obj
 .debug_abbrev  0x00000572      0x253 CMakeFiles/Stability.dir/Core/Src/stm32h7xx_hal_msp.c.obj
 .debug_abbrev  0x000007c5      0x212 CMakeFiles/Stability.dir/Core/Src/stm32h7xx_hal_timebase_tim.c.obj
 .debug_abbrev  0x000009d7      0x339 CMakeFiles/Stability.dir/Drivers/STM32H7xx_HAL_Driver/Src/stm32h7xx_hal_cortex.c.obj
 .debug_abbrev  0x00000d10      0x2c8 CMakeFiles/Stability.dir/Drivers/STM32H7xx_HAL_Driver/Src/stm32h7xx_hal_rcc.c.obj
 .debug_abbrev  0x00000fd8      0x269 CMakeFiles/Stability.dir/Drivers/STM32H7xx_HAL_Driver/Src/stm32h7xx_hal_rcc_ex.c.obj
 .debug_abbrev  0x00001241      0x1fe CMakeFiles/Stability.dir/Drivers/STM32H7xx_HAL_Driver/Src/stm32h7xx_hal_gpio.c.obj
 .debug_abbrev  0x0000143f      0x248 CMakeFiles/Stability.dir/Drivers/STM32H7xx_HAL_Driver/Src/stm32h7xx_hal_dma.c.obj
 .debug_abbrev  0x00001687      0x2a7 CMakeFiles/Stability.dir/Drivers/STM32H7xx_HAL_Driver/Src/stm32h7xx_hal_pwr_ex.c.obj
 .debug_abbrev  0x0000192e      0x295 CMakeFiles/Stability.dir/Drivers/STM32H7xx_HAL_Driver/Src/stm32h7xx_hal.c.obj
 .debug_abbrev  0x00001bc3      0x276 CMakeFiles/Stability.dir/Drivers/STM32H7xx_HAL_Driver/Src/stm32h7xx_hal_tim.c.obj
 .debug_abbrev  0x00001e39      0x281 CMakeFiles/Stability.dir/Drivers/STM32H7xx_HAL_Driver/Src/stm32h7xx_hal_tim_ex.c.obj
 .debug_abbrev  0x000020ba      0x33d CMakeFiles/Stability.dir/Drivers/STM32H7xx_HAL_Driver/Src/stm32h7xx_hal_uart.c.obj
 .debug_abbrev  0x000023f7      0x2d2 CMakeFiles/Stability.dir/Drivers/STM32H7xx_HAL_Driver/Src/stm32h7xx_hal_uart_ex.c.obj
 .debug_abbrev  0x000026c9      0x14c CMakeFiles/Stability.dir/Core/Src/system_stm32h7xx.c.obj
 .debug_abbrev  0x00002815      0x1d2 CMakeFiles/Stability.dir/Core/Src/Simulink.c.obj
 .debug_abbrev  0x000029e7       0x24 CMakeFiles/Stability.dir/startup_stm32h750xx.s.obj
 .debug_abbrev  0x00002a0b       0xc1 D:/programs/STM32Cube/STM32CUBEIDE/STM32CubeIDE_2.1.1/STM32CubeIDE/plugins/com.st.stm32cube.ide.mcu.externaltools.gnu-tools-for-stm32.14.3.rel1.win32_1.0.100.202602081740/tools/bin/../lib/gcc/arm-none-eabi/14.3.1/../../../../arm-none-eabi/lib/thumb/v7e-m+dp/hard\libg_nano.a(libc_a-memcpy-stub.o)

.debug_aranges  0x00000000     0x10f8
 .debug_aranges
                0x00000000       0x70 CMakeFiles/Stability.dir/Core/Src/main.c.obj
 .debug_aranges
                0x00000070       0x78 CMakeFiles/Stability.dir/Core/Src/stm32h7xx_it.c.obj
 .debug_aranges
                0x000000e8       0x48 CMakeFiles/Stability.dir/Core/Src/stm32h7xx_hal_msp.c.obj
 .debug_aranges
                0x00000130       0x30 CMakeFiles/Stability.dir/Core/Src/stm32h7xx_hal_timebase_tim.c.obj
 .debug_aranges
                0x00000160      0x130 CMakeFiles/Stability.dir/Drivers/STM32H7xx_HAL_Driver/Src/stm32h7xx_hal_cortex.c.obj
 .debug_aranges
                0x00000290       0x88 CMakeFiles/Stability.dir/Drivers/STM32H7xx_HAL_Driver/Src/stm32h7xx_hal_rcc.c.obj
 .debug_aranges
                0x00000318       0xf8 CMakeFiles/Stability.dir/Drivers/STM32H7xx_HAL_Driver/Src/stm32h7xx_hal_rcc_ex.c.obj
 .debug_aranges
                0x00000410       0x58 CMakeFiles/Stability.dir/Drivers/STM32H7xx_HAL_Driver/Src/stm32h7xx_hal_gpio.c.obj
 .debug_aranges
                0x00000468       0xa0 CMakeFiles/Stability.dir/Drivers/STM32H7xx_HAL_Driver/Src/stm32h7xx_hal_dma.c.obj
 .debug_aranges
                0x00000508      0x158 CMakeFiles/Stability.dir/Drivers/STM32H7xx_HAL_Driver/Src/stm32h7xx_hal_pwr_ex.c.obj
 .debug_aranges
                0x00000660      0x198 CMakeFiles/Stability.dir/Drivers/STM32H7xx_HAL_Driver/Src/stm32h7xx_hal.c.obj
 .debug_aranges
                0x000007f8      0x3e0 CMakeFiles/Stability.dir/Drivers/STM32H7xx_HAL_Driver/Src/stm32h7xx_hal_tim.c.obj
 .debug_aranges
                0x00000bd8      0x188 CMakeFiles/Stability.dir/Drivers/STM32H7xx_HAL_Driver/Src/stm32h7xx_hal_tim_ex.c.obj
 .debug_aranges
                0x00000d60      0x248 CMakeFiles/Stability.dir/Drivers/STM32H7xx_HAL_Driver/Src/stm32h7xx_hal_uart.c.obj
 .debug_aranges
                0x00000fa8       0xa8 CMakeFiles/Stability.dir/Drivers/STM32H7xx_HAL_Driver/Src/stm32h7xx_hal_uart_ex.c.obj
 .debug_aranges
                0x00001050       0x28 CMakeFiles/Stability.dir/Core/Src/system_stm32h7xx.c.obj
 .debug_aranges
                0x00001078       0x38 CMakeFiles/Stability.dir/Core/Src/Simulink.c.obj
 .debug_aranges
                0x000010b0       0x28 CMakeFiles/Stability.dir/startup_stm32h750xx.s.obj
 .debug_aranges
                0x000010d8       0x20 D:/programs/STM32Cube/STM32CUBEIDE/STM32CubeIDE_2.1.1/STM32CubeIDE/plugins/com.st.stm32cube.ide.mcu.externaltools.gnu-tools-for-stm32.14.3.rel1.win32_1.0.100.202602081740/tools/bin/../lib/gcc/arm-none-eabi/14.3.1/../../../../arm-none-eabi/lib/thumb/v7e-m+dp/hard\libg_nano.a(libc_a-memcpy-stub.o)

.debug_rnglists
                0x00000000      0xd48
 .debug_rnglists
                0x00000000       0x55 CMakeFiles/Stability.dir/Core/Src/main.c.obj
 .debug_rnglists
                0x00000055       0x55 CMakeFiles/Stability.dir/Core/Src/stm32h7xx_it.c.obj
 .debug_rnglists
                0x000000aa       0x33 CMakeFiles/Stability.dir/Core/Src/stm32h7xx_hal_msp.c.obj
 .debug_rnglists
                0x000000dd       0x20 CMakeFiles/Stability.dir/Core/Src/stm32h7xx_hal_timebase_tim.c.obj
 .debug_rnglists
                0x000000fd       0xe0 CMakeFiles/Stability.dir/Drivers/STM32H7xx_HAL_Driver/Src/stm32h7xx_hal_cortex.c.obj
 .debug_rnglists
                0x000001dd       0x68 CMakeFiles/Stability.dir/Drivers/STM32H7xx_HAL_Driver/Src/stm32h7xx_hal_rcc.c.obj
 .debug_rnglists
                0x00000245       0xc0 CMakeFiles/Stability.dir/Drivers/STM32H7xx_HAL_Driver/Src/stm32h7xx_hal_rcc_ex.c.obj
 .debug_rnglists
                0x00000305       0x3f CMakeFiles/Stability.dir/Drivers/STM32H7xx_HAL_Driver/Src/stm32h7xx_hal_gpio.c.obj
 .debug_rnglists
                0x00000344       0x82 CMakeFiles/Stability.dir/Drivers/STM32H7xx_HAL_Driver/Src/stm32h7xx_hal_dma.c.obj
 .debug_rnglists
                0x000003c6      0x103 CMakeFiles/Stability.dir/Drivers/STM32H7xx_HAL_Driver/Src/stm32h7xx_hal_pwr_ex.c.obj
 .debug_rnglists
                0x000004c9      0x131 CMakeFiles/Stability.dir/Drivers/STM32H7xx_HAL_Driver/Src/stm32h7xx_hal.c.obj
 .debug_rnglists
                0x000005fa      0x328 CMakeFiles/Stability.dir/Drivers/STM32H7xx_HAL_Driver/Src/stm32h7xx_hal_tim.c.obj
 .debug_rnglists
                0x00000922      0x13f CMakeFiles/Stability.dir/Drivers/STM32H7xx_HAL_Driver/Src/stm32h7xx_hal_tim_ex.c.obj
 .debug_rnglists
                0x00000a61      0x1fa CMakeFiles/Stability.dir/Drivers/STM32H7xx_HAL_Driver/Src/stm32h7xx_hal_uart.c.obj
 .debug_rnglists
                0x00000c5b       0x7f CMakeFiles/Stability.dir/Drivers/STM32H7xx_HAL_Driver/Src/stm32h7xx_hal_uart_ex.c.obj
 .debug_rnglists
                0x00000cda       0x1b CMakeFiles/Stability.dir/Core/Src/system_stm32h7xx.c.obj
 .debug_rnglists
                0x00000cf5       0x27 CMakeFiles/Stability.dir/Core/Src/Simulink.c.obj
 .debug_rnglists
                0x00000d1c       0x19 CMakeFiles/Stability.dir/startup_stm32h750xx.s.obj
 .debug_rnglists
                0x00000d35       0x13 D:/programs/STM32Cube/STM32CUBEIDE/STM32CubeIDE_2.1.1/STM32CubeIDE/plugins/com.st.stm32cube.ide.mcu.externaltools.gnu-tools-for-stm32.14.3.rel1.win32_1.0.100.202602081740/tools/bin/../lib/gcc/arm-none-eabi/14.3.1/../../../../arm-none-eabi/lib/thumb/v7e-m+dp/hard\libg_nano.a(libc_a-memcpy-stub.o)

.debug_macro    0x00000000    0x3771c
 .debug_macro   0x00000000      0x2fa CMakeFiles/Stability.dir/Core/Src/main.c.obj
 .debug_macro   0x000002fa      0xaf0 CMakeFiles/Stability.dir/Core/Src/main.c.obj
 .debug_macro   0x00000dea      0x238 CMakeFiles/Stability.dir/Core/Src/main.c.obj
 .debug_macro   0x00001022       0x2e CMakeFiles/Stability.dir/Core/Src/main.c.obj
 .debug_macro   0x00001050       0x3b CMakeFiles/Stability.dir/Core/Src/main.c.obj
 .debug_macro   0x0000108b       0x22 CMakeFiles/Stability.dir/Core/Src/main.c.obj
 .debug_macro   0x000010ad       0x8e CMakeFiles/Stability.dir/Core/Src/main.c.obj
 .debug_macro   0x0000113b       0x51 CMakeFiles/Stability.dir/Core/Src/main.c.obj
 .debug_macro   0x0000118c      0x103 CMakeFiles/Stability.dir/Core/Src/main.c.obj
 .debug_macro   0x0000128f       0x6a CMakeFiles/Stability.dir/Core/Src/main.c.obj
 .debug_macro   0x000012f9      0x1df CMakeFiles/Stability.dir/Core/Src/main.c.obj
 .debug_macro   0x000014d8       0x1c CMakeFiles/Stability.dir/Core/Src/main.c.obj
 .debug_macro   0x000014f4       0x22 CMakeFiles/Stability.dir/Core/Src/main.c.obj
 .debug_macro   0x00001516       0xfb CMakeFiles/Stability.dir/Core/Src/main.c.obj
 .debug_macro   0x00001611     0x1305 CMakeFiles/Stability.dir/Core/Src/main.c.obj
 .debug_macro   0x00002916      0x11f CMakeFiles/Stability.dir/Core/Src/main.c.obj
 .debug_macro   0x00002a35       0x27 CMakeFiles/Stability.dir/Core/Src/main.c.obj
 .debug_macro   0x00002a5c    0x25eee CMakeFiles/Stability.dir/Core/Src/main.c.obj
 .debug_macro   0x0002894a       0x6d CMakeFiles/Stability.dir/Core/Src/main.c.obj
 .debug_macro   0x000289b7     0x3d79 CMakeFiles/Stability.dir/Core/Src/main.c.obj
 .debug_macro   0x0002c730      0x190 CMakeFiles/Stability.dir/Core/Src/main.c.obj
 .debug_macro   0x0002c8c0       0x74 CMakeFiles/Stability.dir/Core/Src/main.c.obj
 .debug_macro   0x0002c934       0x29 CMakeFiles/Stability.dir/Core/Src/main.c.obj
 .debug_macro   0x0002c95d       0x3c CMakeFiles/Stability.dir/Core/Src/main.c.obj
 .debug_macro   0x0002c999       0x34 CMakeFiles/Stability.dir/Core/Src/main.c.obj
 .debug_macro   0x0002c9cd      0x364 CMakeFiles/Stability.dir/Core/Src/main.c.obj
 .debug_macro   0x0002cd31       0x16 CMakeFiles/Stability.dir/Core/Src/main.c.obj
 .debug_macro   0x0002cd47       0x4a CMakeFiles/Stability.dir/Core/Src/main.c.obj
 .debug_macro   0x0002cd91       0x34 CMakeFiles/Stability.dir/Core/Src/main.c.obj
 .debug_macro   0x0002cdc5       0x10 CMakeFiles/Stability.dir/Core/Src/main.c.obj
 .debug_macro   0x0002cdd5       0x58 CMakeFiles/Stability.dir/Core/Src/main.c.obj
 .debug_macro   0x0002ce2d      0x1de CMakeFiles/Stability.dir/Core/Src/main.c.obj
 .debug_macro   0x0002d00b      0x19b CMakeFiles/Stability.dir/Core/Src/main.c.obj
 .debug_macro   0x0002d1a6       0x5d CMakeFiles/Stability.dir/Core/Src/main.c.obj
 .debug_macro   0x0002d203     0x240e CMakeFiles/Stability.dir/Core/Src/main.c.obj
 .debug_macro   0x0002f611     0x102c CMakeFiles/Stability.dir/Core/Src/main.c.obj
 .debug_macro   0x0003063d      0x154 CMakeFiles/Stability.dir/Core/Src/main.c.obj
 .debug_macro   0x00030791      0x114 CMakeFiles/Stability.dir/Core/Src/main.c.obj
 .debug_macro   0x000308a5      0x3b6 CMakeFiles/Stability.dir/Core/Src/main.c.obj
 .debug_macro   0x00030c5b       0xac CMakeFiles/Stability.dir/Core/Src/main.c.obj
 .debug_macro   0x00030d07      0x72d CMakeFiles/Stability.dir/Core/Src/main.c.obj
 .debug_macro   0x00031434      0x228 CMakeFiles/Stability.dir/Core/Src/main.c.obj
 .debug_macro   0x0003165c       0x66 CMakeFiles/Stability.dir/Core/Src/main.c.obj
 .debug_macro   0x000316c2      0x3bb CMakeFiles/Stability.dir/Core/Src/main.c.obj
 .debug_macro   0x00031a7d      0x3e4 CMakeFiles/Stability.dir/Core/Src/main.c.obj
 .debug_macro   0x00031e61      0x275 CMakeFiles/Stability.dir/Core/Src/main.c.obj
 .debug_macro   0x000320d6      0x3ca CMakeFiles/Stability.dir/Core/Src/main.c.obj
 .debug_macro   0x000324a0      0x3de CMakeFiles/Stability.dir/Core/Src/main.c.obj
 .debug_macro   0x0003287e       0x3c CMakeFiles/Stability.dir/Core/Src/main.c.obj
 .debug_macro   0x000328ba       0x4a CMakeFiles/Stability.dir/Core/Src/main.c.obj
 .debug_macro   0x00032904      0x22c CMakeFiles/Stability.dir/Core/Src/main.c.obj
 .debug_macro   0x00032b30       0x67 CMakeFiles/Stability.dir/Core/Src/main.c.obj
 .debug_macro   0x00032b97       0xa5 CMakeFiles/Stability.dir/Core/Src/main.c.obj
 .debug_macro   0x00032c3c      0x1c4 CMakeFiles/Stability.dir/Core/Src/main.c.obj
 .debug_macro   0x00032e00      0x25e CMakeFiles/Stability.dir/Core/Src/main.c.obj
 .debug_macro   0x0003305e       0x35 CMakeFiles/Stability.dir/Core/Src/main.c.obj
 .debug_macro   0x00033093      0xafa CMakeFiles/Stability.dir/Core/Src/main.c.obj
 .debug_macro   0x00033b8d      0x29f CMakeFiles/Stability.dir/Core/Src/main.c.obj
 .debug_macro   0x00033e2c      0x693 CMakeFiles/Stability.dir/Core/Src/main.c.obj
 .debug_macro   0x000344bf       0xa6 CMakeFiles/Stability.dir/Core/Src/main.c.obj
 .debug_macro   0x00034565      0x5a0 CMakeFiles/Stability.dir/Core/Src/main.c.obj
 .debug_macro   0x00034b05       0x10 CMakeFiles/Stability.dir/Core/Src/main.c.obj
 .debug_macro   0x00034b15       0x5e CMakeFiles/Stability.dir/Core/Src/main.c.obj
 .debug_macro   0x00034b73       0x16 CMakeFiles/Stability.dir/Core/Src/main.c.obj
 .debug_macro   0x00034b89       0x16 CMakeFiles/Stability.dir/Core/Src/main.c.obj
 .debug_macro   0x00034b9f       0x3c CMakeFiles/Stability.dir/Core/Src/main.c.obj
 .debug_macro   0x00034bdb       0x20 CMakeFiles/Stability.dir/Core/Src/main.c.obj
 .debug_macro   0x00034bfb      0x2ad CMakeFiles/Stability.dir/Core/Src/stm32h7xx_it.c.obj
 .debug_macro   0x00034ea8      0x2a3 CMakeFiles/Stability.dir/Core/Src/stm32h7xx_hal_msp.c.obj
 .debug_macro   0x0003514b      0x299 CMakeFiles/Stability.dir/Core/Src/stm32h7xx_hal_timebase_tim.c.obj
 .debug_macro   0x000353e4      0x299 CMakeFiles/Stability.dir/Drivers/STM32H7xx_HAL_Driver/Src/stm32h7xx_hal_cortex.c.obj
 .debug_macro   0x0003567d      0x2bd CMakeFiles/Stability.dir/Drivers/STM32H7xx_HAL_Driver/Src/stm32h7xx_hal_rcc.c.obj
 .debug_macro   0x0003593a      0x2b7 CMakeFiles/Stability.dir/Drivers/STM32H7xx_HAL_Driver/Src/stm32h7xx_hal_rcc_ex.c.obj
 .debug_macro   0x00035bf1      0x2a0 CMakeFiles/Stability.dir/Drivers/STM32H7xx_HAL_Driver/Src/stm32h7xx_hal_gpio.c.obj
 .debug_macro   0x00035e91      0x2ed CMakeFiles/Stability.dir/Drivers/STM32H7xx_HAL_Driver/Src/stm32h7xx_hal_dma.c.obj
 .debug_macro   0x0003617e      0x2d2 CMakeFiles/Stability.dir/Drivers/STM32H7xx_HAL_Driver/Src/stm32h7xx_hal_pwr_ex.c.obj
 .debug_macro   0x00036450      0x2c3 CMakeFiles/Stability.dir/Drivers/STM32H7xx_HAL_Driver/Src/stm32h7xx_hal.c.obj
 .debug_macro   0x00036713      0x29a CMakeFiles/Stability.dir/Drivers/STM32H7xx_HAL_Driver/Src/stm32h7xx_hal_tim.c.obj
 .debug_macro   0x000369ad      0x299 CMakeFiles/Stability.dir/Drivers/STM32H7xx_HAL_Driver/Src/stm32h7xx_hal_tim_ex.c.obj
 .debug_macro   0x00036c46      0x2c4 CMakeFiles/Stability.dir/Drivers/STM32H7xx_HAL_Driver/Src/stm32h7xx_hal_uart.c.obj
 .debug_macro   0x00036f0a      0x2a5 CMakeFiles/Stability.dir/Drivers/STM32H7xx_HAL_Driver/Src/stm32h7xx_hal_uart_ex.c.obj
 .debug_macro   0x000371af      0x299 CMakeFiles/Stability.dir/Core/Src/system_stm32h7xx.c.obj
 .debug_macro   0x00037448      0x2d4 CMakeFiles/Stability.dir/Core/Src/Simulink.c.obj

.debug_line     0x00000000    0x19f4f
 .debug_line    0x00000000     0x12d5 CMakeFiles/Stability.dir/Core/Src/main.c.obj
 .debug_line    0x000012d5      0xb95 CMakeFiles/Stability.dir/Core/Src/stm32h7xx_it.c.obj
 .debug_line    0x00001e6a      0xbce CMakeFiles/Stability.dir/Core/Src/stm32h7xx_hal_msp.c.obj
 .debug_line    0x00002a38      0xb18 CMakeFiles/Stability.dir/Core/Src/stm32h7xx_hal_timebase_tim.c.obj
 .debug_line    0x00003550     0x1062 CMakeFiles/Stability.dir/Drivers/STM32H7xx_HAL_Driver/Src/stm32h7xx_hal_cortex.c.obj
 .debug_line    0x000045b2     0x171f CMakeFiles/Stability.dir/Drivers/STM32H7xx_HAL_Driver/Src/stm32h7xx_hal_rcc.c.obj
 .debug_line    0x00005cd1     0x1fa7 CMakeFiles/Stability.dir/Drivers/STM32H7xx_HAL_Driver/Src/stm32h7xx_hal_rcc_ex.c.obj
 .debug_line    0x00007c78      0xefe CMakeFiles/Stability.dir/Drivers/STM32H7xx_HAL_Driver/Src/stm32h7xx_hal_gpio.c.obj
 .debug_line    0x00008b76     0x29f6 CMakeFiles/Stability.dir/Drivers/STM32H7xx_HAL_Driver/Src/stm32h7xx_hal_dma.c.obj
 .debug_line    0x0000b56c     0x11fc CMakeFiles/Stability.dir/Drivers/STM32H7xx_HAL_Driver/Src/stm32h7xx_hal_pwr_ex.c.obj
 .debug_line    0x0000c768     0x107b CMakeFiles/Stability.dir/Drivers/STM32H7xx_HAL_Driver/Src/stm32h7xx_hal.c.obj
 .debug_line    0x0000d7e3     0x41da CMakeFiles/Stability.dir/Drivers/STM32H7xx_HAL_Driver/Src/stm32h7xx_hal_tim.c.obj
 .debug_line    0x000119bd     0x1f3e CMakeFiles/Stability.dir/Drivers/STM32H7xx_HAL_Driver/Src/stm32h7xx_hal_tim_ex.c.obj
 .debug_line    0x000138fb     0x3ac0 CMakeFiles/Stability.dir/Drivers/STM32H7xx_HAL_Driver/Src/stm32h7xx_hal_uart.c.obj
 .debug_line    0x000173bb     0x100e CMakeFiles/Stability.dir/Drivers/STM32H7xx_HAL_Driver/Src/stm32h7xx_hal_uart_ex.c.obj
 .debug_line    0x000183c9      0xc5e CMakeFiles/Stability.dir/Core/Src/system_stm32h7xx.c.obj
 .debug_line    0x00019027      0xcac CMakeFiles/Stability.dir/Core/Src/Simulink.c.obj
 .debug_line    0x00019cd3       0x7a CMakeFiles/Stability.dir/startup_stm32h750xx.s.obj
 .debug_line    0x00019d4d      0x202 D:/programs/STM32Cube/STM32CUBEIDE/STM32CubeIDE_2.1.1/STM32CubeIDE/plugins/com.st.stm32cube.ide.mcu.externaltools.gnu-tools-for-stm32.14.3.rel1.win32_1.0.100.202602081740/tools/bin/../lib/gcc/arm-none-eabi/14.3.1/../../../../arm-none-eabi/lib/thumb/v7e-m+dp/hard\libg_nano.a(libc_a-memcpy-stub.o)

.debug_str      0x00000000   0x1648bb
 .debug_str     0x00000000   0x1648bb CMakeFiles/Stability.dir/Core/Src/main.c.obj
                             0x15fd05 (size before relaxing)
 .debug_str     0x001648bb   0x15e59b CMakeFiles/Stability.dir/Core/Src/stm32h7xx_it.c.obj
 .debug_str     0x001648bb   0x15f3f7 CMakeFiles/Stability.dir/Core/Src/stm32h7xx_hal_msp.c.obj
 .debug_str     0x001648bb   0x15eddb CMakeFiles/Stability.dir/Core/Src/stm32h7xx_hal_timebase_tim.c.obj
 .debug_str     0x001648bb   0x15ea51 CMakeFiles/Stability.dir/Drivers/STM32H7xx_HAL_Driver/Src/stm32h7xx_hal_cortex.c.obj
 .debug_str     0x001648bb   0x15e48c CMakeFiles/Stability.dir/Drivers/STM32H7xx_HAL_Driver/Src/stm32h7xx_hal_rcc.c.obj
 .debug_str     0x001648bb   0x15e96d CMakeFiles/Stability.dir/Drivers/STM32H7xx_HAL_Driver/Src/stm32h7xx_hal_rcc_ex.c.obj
 .debug_str     0x001648bb   0x15e0a8 CMakeFiles/Stability.dir/Drivers/STM32H7xx_HAL_Driver/Src/stm32h7xx_hal_gpio.c.obj
 .debug_str     0x001648bb   0x15e82b CMakeFiles/Stability.dir/Drivers/STM32H7xx_HAL_Driver/Src/stm32h7xx_hal_dma.c.obj
 .debug_str     0x001648bb   0x15e569 CMakeFiles/Stability.dir/Drivers/STM32H7xx_HAL_Driver/Src/stm32h7xx_hal_pwr_ex.c.obj
 .debug_str     0x001648bb   0x15f016 CMakeFiles/Stability.dir/Drivers/STM32H7xx_HAL_Driver/Src/stm32h7xx_hal.c.obj
 .debug_str     0x001648bb   0x15f22b CMakeFiles/Stability.dir/Drivers/STM32H7xx_HAL_Driver/Src/stm32h7xx_hal_tim.c.obj
 .debug_str     0x001648bb   0x15eb53 CMakeFiles/Stability.dir/Drivers/STM32H7xx_HAL_Driver/Src/stm32h7xx_hal_tim_ex.c.obj
 .debug_str     0x001648bb   0x15efcd CMakeFiles/Stability.dir/Drivers/STM32H7xx_HAL_Driver/Src/stm32h7xx_hal_uart.c.obj
 .debug_str     0x001648bb   0x15e58d CMakeFiles/Stability.dir/Drivers/STM32H7xx_HAL_Driver/Src/stm32h7xx_hal_uart_ex.c.obj
 .debug_str     0x001648bb   0x15e0f1 CMakeFiles/Stability.dir/Core/Src/system_stm32h7xx.c.obj
 .debug_str     0x001648bb   0x15e027 CMakeFiles/Stability.dir/Core/Src/Simulink.c.obj
 .debug_str     0x001648bb       0xfe CMakeFiles/Stability.dir/startup_stm32h750xx.s.obj
 .debug_str     0x001648bb      0x232 D:/programs/STM32Cube/STM32CUBEIDE/STM32CubeIDE_2.1.1/STM32CubeIDE/plugins/com.st.stm32cube.ide.mcu.externaltools.gnu-tools-for-stm32.14.3.rel1.win32_1.0.100.202602081740/tools/bin/../lib/gcc/arm-none-eabi/14.3.1/../../../../arm-none-eabi/lib/thumb/v7e-m+dp/hard\libg_nano.a(libc_a-memcpy-stub.o)

.comment        0x00000000       0x43
 .comment       0x00000000       0x43 CMakeFiles/Stability.dir/Core/Src/main.c.obj
                                 0x44 (size before relaxing)
 .comment       0x00000043       0x44 CMakeFiles/Stability.dir/Core/Src/stm32h7xx_it.c.obj
 .comment       0x00000043       0x44 CMakeFiles/Stability.dir/Core/Src/stm32h7xx_hal_msp.c.obj
 .comment       0x00000043       0x44 CMakeFiles/Stability.dir/Core/Src/stm32h7xx_hal_timebase_tim.c.obj
 .comment       0x00000043       0x44 CMakeFiles/Stability.dir/Drivers/STM32H7xx_HAL_Driver/Src/stm32h7xx_hal_cortex.c.obj
 .comment       0x00000043       0x44 CMakeFiles/Stability.dir/Drivers/STM32H7xx_HAL_Driver/Src/stm32h7xx_hal_rcc.c.obj
 .comment       0x00000043       0x44 CMakeFiles/Stability.dir/Drivers/STM32H7xx_HAL_Driver/Src/stm32h7xx_hal_rcc_ex.c.obj
 .comment       0x00000043       0x44 CMakeFiles/Stability.dir/Drivers/STM32H7xx_HAL_Driver/Src/stm32h7xx_hal_gpio.c.obj
 .comment       0x00000043       0x44 CMakeFiles/Stability.dir/Drivers/STM32H7xx_HAL_Driver/Src/stm32h7xx_hal_dma.c.obj
 .comment       0x00000043       0x44 CMakeFiles/Stability.dir/Drivers/STM32H7xx_HAL_Driver/Src/stm32h7xx_hal_pwr_ex.c.obj
 .comment       0x00000043       0x44 CMakeFiles/Stability.dir/Drivers/STM32H7xx_HAL_Driver/Src/stm32h7xx_hal.c.obj
 .comment       0x00000043       0x44 CMakeFiles/Stability.dir/Drivers/STM32H7xx_HAL_Driver/Src/stm32h7xx_hal_tim.c.obj
 .comment       0x00000043       0x44 CMakeFiles/Stability.dir/Drivers/STM32H7xx_HAL_Driver/Src/stm32h7xx_hal_tim_ex.c.obj
 .comment       0x00000043       0x44 CMakeFiles/Stability.dir/Drivers/STM32H7xx_HAL_Driver/Src/stm32h7xx_hal_uart.c.obj
 .comment       0x00000043       0x44 CMakeFiles/Stability.dir/Drivers/STM32H7xx_HAL_Driver/Src/stm32h7xx_hal_uart_ex.c.obj
 .comment       0x00000043       0x44 CMakeFiles/Stability.dir/Core/Src/system_stm32h7xx.c.obj
 .comment       0x00000043       0x44 CMakeFiles/Stability.dir/Core/Src/Simulink.c.obj
 .comment       0x00000043       0x44 D:/programs/STM32Cube/STM32CUBEIDE/STM32CubeIDE_2.1.1/STM32CubeIDE/plugins/com.st.stm32cube.ide.mcu.externaltools.gnu-tools-for-stm32.14.3.rel1.win32_1.0.100.202602081740/tools/bin/../lib/gcc/arm-none-eabi/14.3.1/../../../../arm-none-eabi/lib/thumb/v7e-m+dp/hard\libg_nano.a(libc_a-memcpy-stub.o)

.debug_line_str
                0x00000000       0xe2
 .debug_line_str
                0x00000000       0xe2 CMakeFiles/Stability.dir/startup_stm32h750xx.s.obj

.debug_loclists
                0x00000000       0xad
 .debug_loclists
                0x00000000       0xad D:/programs/STM32Cube/STM32CUBEIDE/STM32CubeIDE_2.1.1/STM32CubeIDE/plugins/com.st.stm32cube.ide.mcu.externaltools.gnu-tools-for-stm32.14.3.rel1.win32_1.0.100.202602081740/tools/bin/../lib/gcc/arm-none-eabi/14.3.1/../../../../arm-none-eabi/lib/thumb/v7e-m+dp/hard\libg_nano.a(libc_a-memcpy-stub.o)
