Archive member included to satisfy reference by file (symbol)

D:/programs/STM32Cube/STM32CUBEIDE/STM32CubeIDE_2.1.1/STM32CubeIDE/plugins/com.st.stm32cube.ide.mcu.externaltools.gnu-tools-for-stm32.14.3.rel1.win32_1.0.100.202602081740/tools/bin/../lib/gcc/arm-none-eabi/14.3.1/../../../../arm-none-eabi/lib/thumb/v7e-m+dp/hard\libc_nano.a(libc_a-exit.o)
                              D:/programs/STM32Cube/STM32CUBEIDE/STM32CubeIDE_2.1.1/STM32CubeIDE/plugins/com.st.stm32cube.ide.mcu.externaltools.gnu-tools-for-stm32.14.3.rel1.win32_1.0.100.202602081740/tools/bin/../lib/gcc/arm-none-eabi/14.3.1/../../../../arm-none-eabi/lib/thumb/v7e-m+dp/hard/crt0.o (exit)
D:/programs/STM32Cube/STM32CUBEIDE/STM32CubeIDE_2.1.1/STM32CubeIDE/plugins/com.st.stm32cube.ide.mcu.externaltools.gnu-tools-for-stm32.14.3.rel1.win32_1.0.100.202602081740/tools/bin/../lib/gcc/arm-none-eabi/14.3.1/../../../../arm-none-eabi/lib/thumb/v7e-m+dp/hard\libc_nano.a(libc_a-findfp.o)
                              D:/programs/STM32Cube/STM32CUBEIDE/STM32CubeIDE_2.1.1/STM32CubeIDE/plugins/com.st.stm32cube.ide.mcu.externaltools.gnu-tools-for-stm32.14.3.rel1.win32_1.0.100.202602081740/tools/bin/../lib/gcc/arm-none-eabi/14.3.1/../../../../arm-none-eabi/lib/thumb/v7e-m+dp/hard\libc_nano.a(libc_a-exit.o) (__stdio_exit_handler)
D:/programs/STM32Cube/STM32CUBEIDE/STM32CubeIDE_2.1.1/STM32CubeIDE/plugins/com.st.stm32cube.ide.mcu.externaltools.gnu-tools-for-stm32.14.3.rel1.win32_1.0.100.202602081740/tools/bin/../lib/gcc/arm-none-eabi/14.3.1/../../../../arm-none-eabi/lib/thumb/v7e-m+dp/hard\libc_nano.a(libc_a-fwalk.o)
                              D:/programs/STM32Cube/STM32CUBEIDE/STM32CubeIDE_2.1.1/STM32CubeIDE/plugins/com.st.stm32cube.ide.mcu.externaltools.gnu-tools-for-stm32.14.3.rel1.win32_1.0.100.202602081740/tools/bin/../lib/gcc/arm-none-eabi/14.3.1/../../../../arm-none-eabi/lib/thumb/v7e-m+dp/hard\libc_nano.a(libc_a-findfp.o) (_fwalk_sglue)
D:/programs/STM32Cube/STM32CUBEIDE/STM32CubeIDE_2.1.1/STM32CubeIDE/plugins/com.st.stm32cube.ide.mcu.externaltools.gnu-tools-for-stm32.14.3.rel1.win32_1.0.100.202602081740/tools/bin/../lib/gcc/arm-none-eabi/14.3.1/../../../../arm-none-eabi/lib/thumb/v7e-m+dp/hard\libc_nano.a(libc_a-stdio.o)
                              D:/programs/STM32Cube/STM32CUBEIDE/STM32CubeIDE_2.1.1/STM32CubeIDE/plugins/com.st.stm32cube.ide.mcu.externaltools.gnu-tools-for-stm32.14.3.rel1.win32_1.0.100.202602081740/tools/bin/../lib/gcc/arm-none-eabi/14.3.1/../../../../arm-none-eabi/lib/thumb/v7e-m+dp/hard\libc_nano.a(libc_a-findfp.o) (__sread)
D:/programs/STM32Cube/STM32CUBEIDE/STM32CubeIDE_2.1.1/STM32CubeIDE/plugins/com.st.stm32cube.ide.mcu.externaltools.gnu-tools-for-stm32.14.3.rel1.win32_1.0.100.202602081740/tools/bin/../lib/gcc/arm-none-eabi/14.3.1/../../../../arm-none-eabi/lib/thumb/v7e-m+dp/hard\libc_nano.a(libc_a-memset.o)
                              D:/programs/STM32Cube/STM32CUBEIDE/STM32CubeIDE_2.1.1/STM32CubeIDE/plugins/com.st.stm32cube.ide.mcu.externaltools.gnu-tools-for-stm32.14.3.rel1.win32_1.0.100.202602081740/tools/bin/../lib/gcc/arm-none-eabi/14.3.1/../../../../arm-none-eabi/lib/thumb/v7e-m+dp/hard/crt0.o (memset)
D:/programs/STM32Cube/STM32CUBEIDE/STM32CubeIDE_2.1.1/STM32CubeIDE/plugins/com.st.stm32cube.ide.mcu.externaltools.gnu-tools-for-stm32.14.3.rel1.win32_1.0.100.202602081740/tools/bin/../lib/gcc/arm-none-eabi/14.3.1/../../../../arm-none-eabi/lib/thumb/v7e-m+dp/hard\libc_nano.a(libc_a-closer.o)
                              D:/programs/STM32Cube/STM32CUBEIDE/STM32CubeIDE_2.1.1/STM32CubeIDE/plugins/com.st.stm32cube.ide.mcu.externaltools.gnu-tools-for-stm32.14.3.rel1.win32_1.0.100.202602081740/tools/bin/../lib/gcc/arm-none-eabi/14.3.1/../../../../arm-none-eabi/lib/thumb/v7e-m+dp/hard\libc_nano.a(libc_a-stdio.o) (_close_r)
D:/programs/STM32Cube/STM32CUBEIDE/STM32CubeIDE_2.1.1/STM32CubeIDE/plugins/com.st.stm32cube.ide.mcu.externaltools.gnu-tools-for-stm32.14.3.rel1.win32_1.0.100.202602081740/tools/bin/../lib/gcc/arm-none-eabi/14.3.1/../../../../arm-none-eabi/lib/thumb/v7e-m+dp/hard\libc_nano.a(libc_a-reent.o)
                              D:/programs/STM32Cube/STM32CUBEIDE/STM32CubeIDE_2.1.1/STM32CubeIDE/plugins/com.st.stm32cube.ide.mcu.externaltools.gnu-tools-for-stm32.14.3.rel1.win32_1.0.100.202602081740/tools/bin/../lib/gcc/arm-none-eabi/14.3.1/../../../../arm-none-eabi/lib/thumb/v7e-m+dp/hard\libc_nano.a(libc_a-closer.o) (errno)
D:/programs/STM32Cube/STM32CUBEIDE/STM32CubeIDE_2.1.1/STM32CubeIDE/plugins/com.st.stm32cube.ide.mcu.externaltools.gnu-tools-for-stm32.14.3.rel1.win32_1.0.100.202602081740/tools/bin/../lib/gcc/arm-none-eabi/14.3.1/../../../../arm-none-eabi/lib/thumb/v7e-m+dp/hard\libc_nano.a(libc_a-impure.o)
[...]
Memory Configuration

Name             Origin             Length             Attributes
DTCMRAM          0x20000000         0x00020000         xrw
RAM              0x24000000         0x00080000         xrw
RAM_D2           0x30000000         0x00048000         xrw
RAM_D3           0x38000000         0x00010000         xrw
ITCMRAM          0x00000000         0x00010000         xrw
FLASH            0x08000000         0x00020000         xr
*default*        0x00000000         0xffffffff

Linker script and memory map

LOAD D:/programs/STM32Cube/STM32CUBEIDE/STM32CubeIDE_2.1.1/STM32CubeIDE/plugins/com.st.stm32cube.ide.mcu.externaltools.gnu-tools-for-stm32.14.3.rel1.win32_1.0.100.202602081740/tools/bin/../lib/gcc/arm-none-eabi/14.3.1/thumb/v7e-m+dp/hard/crti.o
LOAD D:/programs/STM32Cube/STM32CUBEIDE/STM32CubeIDE_2.1.1/STM32CubeIDE/plugins/com.st.stm32cube.ide.mcu.externaltools.gnu-tools-for-stm32.14.3.rel1.win32_1.0.100.202602081740/tools/bin/../lib/gcc/arm-none-eabi/14.3.1/thumb/v7e-m+dp/hard/crtbegin.o
LOAD D:/programs/STM32Cube/STM32CUBEIDE/STM32CubeIDE_2.1.1/STM32CubeIDE/plugins/com.st.stm32cube.ide.mcu.externaltools.gnu-tools-for-stm32.14.3.rel1.win32_1.0.100.202602081740/tools/bin/../lib/gcc/arm-none-eabi/14.3.1/../../../../arm-none-eabi/lib/thumb/v7e-m+dp/hard/crt0.o
START GROUP
LOAD D:/programs/STM32Cube/STM32CUBEIDE/STM32CubeIDE_2.1.1/STM32CubeIDE/plugins/com.st.stm32cube.ide.mcu.externaltools.gnu-tools-for-stm32.14.3.rel1.win32_1.0.100.202602081740/tools/bin/../lib/gcc/arm-none-eabi/14.3.1/../../../../arm-none-eabi/lib/thumb/v7e-m+dp/hard\libc_nano.a
LOAD D:/programs/STM32Cube/STM32CUBEIDE/STM32CubeIDE_2.1.1/STM32CubeIDE/plugins/com.st.stm32cube.ide.mcu.externaltools.gnu-tools-for-stm32.14.3.rel1.win32_1.0.100.202602081740/tools/bin/../lib/gcc/arm-none-eabi/14.3.1/../../../../arm-none-eabi/lib/thumb/v7e-m+dp/hard\libm.a
END GROUP
LOAD CMakeFiles/DriveControlxLocalisationxStabilityxSTM.dir/Core/Src/main.c.obj
LOAD CMakeFiles/DriveControlxLocalisationxStabilityxSTM.dir/Core/Src/stm32h7xx_it.c.obj
LOAD CMakeFiles/DriveControlxLocalisationxStabilityxSTM.dir/Core/Src/stm32h7xx_hal_msp.c.obj
LOAD CMakeFiles/DriveControlxLocalisationxStabilityxSTM.dir/Core/Src/stm32h7xx_hal_timebase_tim.c.obj
LOAD CMakeFiles/DriveControlxLocalisationxStabilityxSTM.dir/Drivers/STM32H7xx_HAL_Driver/Src/stm32h7xx_hal_cortex.c.obj
LOAD CMakeFiles/DriveControlxLocalisationxStabilityxSTM.dir/Drivers/STM32H7xx_HAL_Driver/Src/stm32h7xx_hal_rcc.c.obj
LOAD CMakeFiles/DriveControlxLocalisationxStabilityxSTM.dir/Drivers/STM32H7xx_HAL_Driver/Src/stm32h7xx_hal_rcc_ex.c.obj
LOAD CMakeFiles/DriveControlxLocalisationxStabilityxSTM.dir/Drivers/STM32H7xx_HAL_Driver/Src/stm32h7xx_hal_flash.c.obj
LOAD CMakeFiles/DriveControlxLocalisationxStabilityxSTM.dir/Drivers/STM32H7xx_HAL_Driver/Src/stm32h7xx_hal_flash_ex.c.obj
LOAD CMakeFiles/DriveControlxLocalisationxStabilityxSTM.dir/Drivers/STM32H7xx_HAL_Driver/Src/stm32h7xx_hal_gpio.c.obj
LOAD CMakeFiles/DriveControlxLocalisationxStabilityxSTM.dir/Drivers/STM32H7xx_HAL_Driver/Src/stm32h7xx_hal_hsem.c.obj
LOAD CMakeFiles/DriveControlxLocalisationxStabilityxSTM.dir/Drivers/STM32H7xx_HAL_Driver/Src/stm32h7xx_hal_dma.c.obj
LOAD CMakeFiles/DriveControlxLocalisationxStabilityxSTM.dir/Drivers/STM32H7xx_HAL_Driver/Src/stm32h7xx_hal_dma_ex.c.obj
LOAD CMakeFiles/DriveControlxLocalisationxStabilityxSTM.dir/Drivers/STM32H7xx_HAL_Driver/Src/stm32h7xx_hal_mdma.c.obj
LOAD CMakeFiles/DriveControlxLocalisationxStabilityxSTM.dir/Drivers/STM32H7xx_HAL_Driver/Src/stm32h7xx_hal_pwr.c.obj
LOAD CMakeFiles/DriveControlxLocalisationxStabilityxSTM.dir/Drivers/STM32H7xx_HAL_Driver/Src/stm32h7xx_hal_pwr_ex.c.obj
LOAD CMakeFiles/DriveControlxLocalisationxStabilityxSTM.dir/Drivers/STM32H7xx_HAL_Driver/Src/stm32h7xx_hal.c.obj
LOAD CMakeFiles/DriveControlxLocalisationxStabilityxSTM.dir/Drivers/STM32H7xx_HAL_Driver/Src/stm32h7xx_hal_i2c.c.obj
LOAD CMakeFiles/DriveControlxLocalisationxStabilityxSTM.dir/Drivers/STM32H7xx_HAL_Driver/Src/stm32h7xx_hal_i2c_ex.c.obj
LOAD CMakeFiles/DriveControlxLocalisationxStabilityxSTM.dir/Drivers/STM32H7xx_HAL_Driver/Src/stm32h7xx_hal_exti.c.obj
LOAD CMakeFiles/DriveControlxLocalisationxStabilityxSTM.dir/Drivers/STM32H7xx_HAL_Driver/Src/stm32h7xx_hal_tim.c.obj
LOAD CMakeFiles/DriveControlxLocalisationxStabilityxSTM.dir/Drivers/STM32H7xx_HAL_Driver/Src/stm32h7xx_hal_tim_ex.c.obj
LOAD CMakeFiles/DriveControlxLocalisationxStabilityxSTM.dir/Drivers/STM32H7xx_HAL_Driver/Src/stm32h7xx_hal_uart.c.obj
LOAD CMakeFiles/DriveControlxLocalisationxStabilityxSTM.dir/Drivers/STM32H7xx_HAL_Driver/Src/stm32h7xx_hal_uart_ex.c.obj
LOAD CMakeFiles/DriveControlxLocalisationxStabilityxSTM.dir/Core/Src/system_stm32h7xx.c.obj
LOAD CMakeFiles/DriveControlxLocalisationxStabilityxSTM.dir/Core/Src/sysmem.c.obj
LOAD CMakeFiles/DriveControlxLocalisationxStabilityxSTM.dir/Core/Src/syscalls.c.obj
LOAD CMakeFiles/DriveControlxLocalisationxStabilityxSTM.dir/Core/Src/ReferenceGeneratorxLQRCombinedxPWMGenerator.c.obj
LOAD CMakeFiles/DriveControlxLocalisationxStabilityxSTM.dir/startup_stm32h750xx.s.obj
START GROUP
LOAD D:/programs/STM32Cube/STM32CUBEIDE/STM32CubeIDE_2.1.1/STM32CubeIDE/plugins/com.st.stm32cube.ide.mcu.externaltools.gnu-tools-for-stm32.14.3.rel1.win32_1.0.100.202602081740/tools/bin/../lib/gcc/arm-none-eabi/14.3.1/thumb/v7e-m+dp/hard\libgcc.a
LOAD D:/programs/STM32Cube/STM32CUBEIDE/STM32CubeIDE_2.1.1/STM32CubeIDE/plugins/com.st.stm32cube.ide.mcu.externaltools.gnu-tools-for-stm32.14.3.rel1.win32_1.0.100.202602081740/tools/bin/../lib/gcc/arm-none-eabi/14.3.1/../../../../arm-none-eabi/lib/thumb/v7e-m+dp/hard\libg_nano.a
LOAD D:/programs/STM32Cube/STM32CUBEIDE/STM32CubeIDE_2.1.1/STM32CubeIDE/plugins/com.st.stm32cube.ide.mcu.externaltools.gnu-tools-for-stm32.14.3.rel1.win32_1.0.100.202602081740/tools/bin/../lib/gcc/arm-none-eabi/14.3.1/../../../../arm-none-eabi/lib/thumb/v7e-m+dp/hard\libc_nano.a
END GROUP
START GROUP
LOAD D:/programs/STM32Cube/STM32CUBEIDE/STM32CubeIDE_2.1.1/STM32CubeIDE/plugins/com.st.stm32cube.ide.mcu.externaltools.gnu-tools-for-stm32.14.3.rel1.win32_1.0.100.202602081740/tools/bin/../lib/gcc/arm-none-eabi/14.3.1/thumb/v7e-m+dp/hard\libgcc.a
LOAD D:/programs/STM32Cube/STM32CUBEIDE/STM32CubeIDE_2.1.1/STM32CubeIDE/plugins/com.st.stm32cube.ide.mcu.externaltools.gnu-tools-for-stm32.14.3.rel1.win32_1.0.100.202602081740/tools/bin/../lib/gcc/arm-none-eabi/14.3.1/../../../../arm-none-eabi/lib/thumb/v7e-m+dp/hard\libc_nano.a
END GROUP
LOAD D:/programs/STM32Cube/STM32CUBEIDE/STM32CubeIDE_2.1.1/STM32CubeIDE/plugins/com.st.stm32cube.ide.mcu.externaltools.gnu-tools-for-stm32.14.3.rel1.win32_1.0.100.202602081740/tools/bin/../lib/gcc/arm-none-eabi/14.3.1/thumb/v7e-m+dp/hard/crtend.o
LOAD D:/programs/STM32Cube/STM32CUBEIDE/STM32CubeIDE_2.1.1/STM32CubeIDE/plugins/com.st.stm32cube.ide.mcu.externaltools.gnu-tools-for-stm32.14.3.rel1.win32_1.0.100.202602081740/tools/bin/../lib/gcc/arm-none-eabi/14.3.1/thumb/v7e-m+dp/hard/crtn.o
                0x20020000                        _estack = (ORIGIN (DTCMRAM) + LENGTH (DTCMRAM))
                0x00000200                        _Min_Heap_Size = 0x200
                0x00000400                        _Min_Stack_Size = 0x400

.isr_vector     0x08000000      0x298
                0x08000000                        . = ALIGN (0x4)
 *(.isr_vector)
 .isr_vector    0x08000000      0x298 CMakeFiles/DriveControlxLocalisationxStabilityxSTM.dir/startup_stm32h750xx.s.obj
                0x08000000                g_pfnVectors
                0x08000298                        . = ALIGN (0x4)

.text           0x08000298     0xc48c
                0x08000298                        . = ALIGN (0x4)
 *(.text)
 .text          0x08000298       0x40 D:/programs/STM32Cube/STM32CUBEIDE/STM32CubeIDE_2.1.1/STM32CubeIDE/plugins/com.st.stm32cube.ide.mcu.externaltools.gnu-tools-for-stm32.14.3.rel1.win32_1.0.100.202602081740/tools/bin/../lib/gcc/arm-none-eabi/14.3.1/thumb/v7e-m+dp/hard/crtbegin.o
 .text          0x080002d8       0x30 D:/programs/STM32Cube/STM32CUBEIDE/STM32CubeIDE_2.1.1/STM32CubeIDE/plugins/com.st.stm32cube.ide.mcu.externaltools.gnu-tools-for-stm32.14.3.rel1.win32_1.0.100.202602081740/tools/bin/../lib/gcc/arm-none-eabi/14.3.1/thumb/v7e-m+dp/hard\libgcc.a(_aeabi_uldivmod.o)
                0x080002d8                __aeabi_uldivmod
 .text          0x08000308      0x2f8 D:/programs/STM32Cube/STM32CUBEIDE/STM32CubeIDE_2.1.1/STM32CubeIDE/plugins/com.st.stm32cube.ide.mcu.externaltools.gnu-tools-for-stm32.14.3.rel1.win32_1.0.100.202602081740/tools/bin/../lib/gcc/arm-none-eabi/14.3.1/thumb/v7e-m+dp/hard\libgcc.a(_udivmoddi4.o)
                0x08000308                __udivmoddi4
 .text          0x08000600        0x4 D:/programs/STM32Cube/STM32CUBEIDE/STM32CubeIDE_2.1.1/STM32CubeIDE/plugins/com.st.stm32cube.ide.mcu.externaltools.gnu-tools-for-stm32.14.3.rel1.win32_1.0.100.202602081740/tools/bin/../lib/gcc/arm-none-eabi/14.3.1/thumb/v7e-m+dp/hard\libgcc.a(_dvmd_tls.o)
                0x08000600                __aeabi_idiv0
                0x08000600                __aeabi_ldiv0
 *(.text*)
 .text.memset   0x08000604       0x10 D:/programs/STM32Cube/STM32CUBEIDE/STM32CubeIDE_2.1.1/STM32CubeIDE/plugins/com.st.stm32cube.ide.mcu.externaltools.gnu-tools-for-stm32.14.3.rel1.win32_1.0.100.202602081740/tools/bin/../lib/gcc/arm-none-eabi/14.3.1/../../../../arm-none-eabi/lib/thumb/v7e-m+dp/hard\libc_nano.a(libc_a-memset.o)
                0x08000604                memset
 .text.__libc_init_array
                0x08000614       0x48 D:/programs/STM32Cube/STM32CUBEIDE/STM32CubeIDE_2.1.1/STM32CubeIDE/plugins/com.st.stm32cube.ide.mcu.externaltools.gnu-tools-for-stm32.14.3.rel1.win32_1.0.100.202602081740/tools/bin/../lib/gcc/arm-none-eabi/14.3.1/../../../../arm-none-eabi/lib/thumb/v7e-m+dp/hard\libc_nano.a(libc_a-init.o)
                0x08000614                __libc_init_array
 .text.HAL_UART_ErrorCallback
                0x0800065c       0x34 CMakeFiles/DriveControlxLocalisationxStabilityxSTM.dir/Core/Src/main.c.obj
                0x0800065c                HAL_UART_ErrorCallback
 .text.HAL_UART_RxCpltCallback
                0x08000690      0x1e8 CMakeFiles/DriveControlxLocalisationxStabilityxSTM.dir/Core/Src/main.c.obj
                0x08000690                HAL_UART_RxCpltCallback
 .text.main     0x08000878      0x1b0 CMakeFiles/DriveControlxLocalisationxStabilityxSTM.dir/Core/Src/main.c.obj
                0x08000878                main
 .text.SystemClock_Config
                0x08000a28      0x160 CMakeFiles/DriveControlxLocalisationxStabilityxSTM.dir/Core/Src/main.c.obj
                0x08000a28                SystemClock_Config
 .text.MX_TIM1_Init
                0x08000b88      0x138 CMakeFiles/DriveControlxLocalisationxStabilityxSTM.dir/Core/Src/main.c.obj
                0x08000b88                MX_TIM1_Init
 .text.MX_TIM8_Init
                0x08000cc0      0x138 CMakeFiles/DriveControlxLocalisationxStabilityxSTM.dir/Core/Src/main.c.obj
                0x08000cc0                MX_TIM8_Init
 .text.MX_USART1_UART_Init
                0x08000df8       0x98 CMakeFiles/DriveControlxLocalisationxStabilityxSTM.dir/Core/Src/main.c.obj
                0x08000df8                MX_USART1_UART_Init
 .text.MX_DMA_Init
                0x08000e90       0x40 CMakeFiles/DriveControlxLocalisationxStabilityxSTM.dir/Core/Src/main.c.obj
                0x08000e90                MX_DMA_Init
 .text.MX_GPIO_Init
                0x08000ed0       0xe4 CMakeFiles/DriveControlxLocalisationxStabilityxSTM.dir/Core/Src/main.c.obj
                0x08000ed0                MX_GPIO_Init
 .text.MPU_Config
                0x08000fb4       0x58 CMakeFiles/DriveControlxLocalisationxStabilityxSTM.dir/Core/Src/main.c.obj
                0x08000fb4                MPU_Config
 .text.HAL_TIM_PeriodElapsedCallback
                0x0800100c       0x1e CMakeFiles/DriveControlxLocalisationxStabilityxSTM.dir/Core/Src/main.c.obj
                0x0800100c                HAL_TIM_PeriodElapsedCallback
 .text.Error_Handler
                0x0800102a        0xc CMakeFiles/DriveControlxLocalisationxStabilityxSTM.dir/Core/Src/main.c.obj
                0x0800102a                Error_Handler
 .text.NMI_Handler
                0x08001036        0xc CMakeFiles/DriveControlxLocalisationxStabilityxSTM.dir/Core/Src/stm32h7xx_it.c.obj
                0x08001036                NMI_Handler
 .text.HardFault_Handler
                0x08001042        0x8 CMakeFiles/DriveControlxLocalisationxStabilityxSTM.dir/Core/Src/stm32h7xx_it.c.obj
                0x08001042                HardFault_Handler
 .text.MemManage_Handler
                0x0800104a        0x8 CMakeFiles/DriveControlxLocalisationxStabilityxSTM.dir/Core/Src/stm32h7xx_it.c.obj
                0x0800104a                MemManage_Handler
 .text.BusFault_Handler
                0x08001052        0x8 CMakeFiles/DriveControlxLocalisationxStabilityxSTM.dir/Core/Src/stm32h7xx_it.c.obj
                0x08001052                BusFault_Handler
 .text.UsageFault_Handler
                0x0800105a        0x8 CMakeFiles/DriveControlxLocalisationxStabilityxSTM.dir/Core/Src/stm32h7xx_it.c.obj
                0x0800105a                UsageFault_Handler
 .text.SVC_Handler
                0x08001062        0xe CMakeFiles/DriveControlxLocalisationxStabilityxSTM.dir/Core/Src/stm32h7xx_it.c.obj
                0x08001062                SVC_Handler
 .text.DebugMon_Handler
                0x08001070        0xe CMakeFiles/DriveControlxLocalisationxStabilityxSTM.dir/Core/Src/stm32h7xx_it.c.obj
                0x08001070                DebugMon_Handler
 .text.PendSV_Handler
                0x0800107e        0xe CMakeFiles/DriveControlxLocalisationxStabilityxSTM.dir/Core/Src/stm32h7xx_it.c.obj
                0x0800107e                PendSV_Handler
 .text.SysTick_Handler
                0x0800108c        0xe CMakeFiles/DriveControlxLocalisationxStabilityxSTM.dir/Core/Src/stm32h7xx_it.c.obj
                0x0800108c                SysTick_Handler
 *fill*         0x0800109a        0x2 
 .text.DMA1_Stream0_IRQHandler
                0x0800109c       0x14 CMakeFiles/DriveControlxLocalisationxStabilityxSTM.dir/Core/Src/stm32h7xx_it.c.obj
                0x0800109c                DMA1_Stream0_IRQHandler
 .text.TIM2_IRQHandler
                0x080010b0       0x14 CMakeFiles/DriveControlxLocalisationxStabilityxSTM.dir/Core/Src/stm32h7xx_it.c.obj
                0x080010b0                TIM2_IRQHandler
 .text.USART1_IRQHandler
                0x080010c4       0x14 CMakeFiles/DriveControlxLocalisationxStabilityxSTM.dir/Core/Src/stm32h7xx_it.c.obj
                0x080010c4                USART1_IRQHandler
 .text.HAL_MspInit
                0x080010d8       0x34 CMakeFiles/DriveControlxLocalisationxStabilityxSTM.dir/Core/Src/stm32h7xx_hal_msp.c.obj
                0x080010d8                HAL_MspInit
 .text.HAL_TIM_PWM_MspInit
                0x0800110c       0x74 CMakeFiles/DriveControlxLocalisationxStabilityxSTM.dir/Core/Src/stm32h7xx_hal_msp.c.obj
                0x0800110c                HAL_TIM_PWM_MspInit
 .text.HAL_TIM_MspPostInit
                0x08001180       0xc8 CMakeFiles/DriveControlxLocalisationxStabilityxSTM.dir/Core/Src/stm32h7xx_hal_msp.c.obj
                0x08001180                HAL_TIM_MspPostInit
 .text.HAL_UART_MspInit
                0x08001248      0x148 CMakeFiles/DriveControlxLocalisationxStabilityxSTM.dir/Core/Src/stm32h7xx_hal_msp.c.obj
                0x08001248                HAL_UART_MspInit
 .text.HAL_InitTick
                0x08001390       0xd4 CMakeFiles/DriveControlxLocalisationxStabilityxSTM.dir/Core/Src/stm32h7xx_hal_timebase_tim.c.obj
                0x08001390                HAL_InitTick
 .text.__NVIC_SetPriorityGrouping
                0x08001464       0x48 CMakeFiles/DriveControlxLocalisationxStabilityxSTM.dir/Drivers/STM32H7xx_HAL_Driver/Src/stm32h7xx_hal_cortex.c.obj
 .text.__NVIC_GetPriorityGrouping
                0x080014ac       0x1c CMakeFiles/DriveControlxLocalisationxStabilityxSTM.dir/Drivers/STM32H7xx_HAL_Driver/Src/stm32h7xx_hal_cortex.c.obj
 .text.__NVIC_EnableIRQ
                0x080014c8       0x3c CMakeFiles/DriveControlxLocalisationxStabilityxSTM.dir/Drivers/STM32H7xx_HAL_Driver/Src/stm32h7xx_hal_cortex.c.obj
 .text.__NVIC_SetPriority
                0x08001504       0x54 CMakeFiles/DriveControlxLocalisationxStabilityxSTM.dir/Drivers/STM32H7xx_HAL_Driver/Src/stm32h7xx_hal_cortex.c.obj
 .text.NVIC_EncodePriority
                0x08001558       0x66 CMakeFiles/DriveControlxLocalisationxStabilityxSTM.dir/Drivers/STM32H7xx_HAL_Driver/Src/stm32h7xx_hal_cortex.c.obj
 .text.HAL_NVIC_SetPriorityGrouping
                0x080015be       0x16 CMakeFiles/DriveControlxLocalisationxStabilityxSTM.dir/Drivers/STM32H7xx_HAL_Driver/Src/stm32h7xx_hal_cortex.c.obj
                0x080015be                HAL_NVIC_SetPriorityGrouping
 .text.HAL_NVIC_SetPriority
                0x080015d4       0x34 CMakeFiles/DriveControlxLocalisationxStabilityxSTM.dir/Drivers/STM32H7xx_HAL_Driver/Src/stm32h7xx_hal_cortex.c.obj
                0x080015d4                HAL_NVIC_SetPriority
 .text.HAL_NVIC_EnableIRQ
                0x08001608       0x1c CMakeFiles/DriveControlxLocalisationxStabilityxSTM.dir/Drivers/STM32H7xx_HAL_Driver/Src/stm32h7xx_hal_cortex.c.obj
                0x08001608                HAL_NVIC_EnableIRQ
 .text.HAL_MPU_Disable
                0x08001624       0x30 CMakeFiles/DriveControlxLocalisationxStabilityxSTM.dir/Drivers/STM32H7xx_HAL_Driver/Src/stm32h7xx_hal_cortex.c.obj
                0x08001624                HAL_MPU_Disable
 .text.HAL_MPU_Enable
                0x08001654       0x40 CMakeFiles/DriveControlxLocalisationxStabilityxSTM.dir/Drivers/STM32H7xx_HAL_Driver/Src/stm32h7xx_hal_cortex.c.obj
                0x08001654                HAL_MPU_Enable
 .text.HAL_MPU_ConfigRegion
                0x08001694       0x80 CMakeFiles/DriveControlxLocalisationxStabilityxSTM.dir/Drivers/STM32H7xx_HAL_Driver/Src/stm32h7xx_hal_cortex.c.obj
                0x08001694                HAL_MPU_ConfigRegion
 .text.HAL_RCC_OscConfig
                0x08001714      0x8b4 CMakeFiles/DriveControlxLocalisationxStabilityxSTM.dir/Drivers/STM32H7xx_HAL_Driver/Src/stm32h7xx_hal_rcc.c.obj
                0x08001714                HAL_RCC_OscConfig
 .text.HAL_RCC_ClockConfig
                0x08001fc8      0x36c CMakeFiles/DriveControlxLocalisationxStabilityxSTM.dir/Drivers/STM32H7xx_HAL_Driver/Src/stm32h7xx_hal_rcc.c.obj
                0x08001fc8                HAL_RCC_ClockConfig
 .text.HAL_RCC_EnableCSS
                0x08002334       0x20 CMakeFiles/DriveControlxLocalisationxStabilityxSTM.dir/Drivers/STM32H7xx_HAL_Driver/Src/stm32h7xx_hal_rcc.c.obj
                0x08002334                HAL_RCC_EnableCSS
 .text.HAL_RCC_GetSysClockFreq
                0x08002354      0x2f4 CMakeFiles/DriveControlxLocalisationxStabilityxSTM.dir/Drivers/STM32H7xx_HAL_Driver/Src/stm32h7xx_hal_rcc.c.obj
                0x08002354                HAL_RCC_GetSysClockFreq
 .text.HAL_RCC_GetHCLKFreq
                0x08002648       0x60 CMakeFiles/DriveControlxLocalisationxStabilityxSTM.dir/Drivers/STM32H7xx_HAL_Driver/Src/stm32h7xx_hal_rcc.c.obj
                0x08002648                HAL_RCC_GetHCLKFreq
 .text.HAL_RCC_GetPCLK1Freq
                0x080026a8       0x2c CMakeFiles/DriveControlxLocalisationxStabilityxSTM.dir/Drivers/STM32H7xx_HAL_Driver/Src/stm32h7xx_hal_rcc.c.obj
                0x080026a8                HAL_RCC_GetPCLK1Freq
 .text.HAL_RCC_GetPCLK2Freq
                0x080026d4       0x2c CMakeFiles/DriveControlxLocalisationxStabilityxSTM.dir/Drivers/STM32H7xx_HAL_Driver/Src/stm32h7xx_hal_rcc.c.obj
                0x080026d4                HAL_RCC_GetPCLK2Freq
 .text.HAL_RCC_GetClockConfig
                0x08002700       0x84 CMakeFiles/DriveControlxLocalisationxStabilityxSTM.dir/Drivers/STM32H7xx_HAL_Driver/Src/stm32h7xx_hal_rcc.c.obj
                0x08002700                HAL_RCC_GetClockConfig
 .text.HAL_RCC_NMI_IRQHandler
                0x08002784       0x28 CMakeFiles/DriveControlxLocalisationxStabilityxSTM.dir/Drivers/STM32H7xx_HAL_Driver/Src/stm32h7xx_hal_rcc.c.obj
                0x08002784                HAL_RCC_NMI_IRQHandler
 .text.HAL_RCC_CSSCallback
                0x080027ac        0xe CMakeFiles/DriveControlxLocalisationxStabilityxSTM.dir/Drivers/STM32H7xx_HAL_Driver/Src/stm32h7xx_hal_rcc.c.obj
                0x080027ac                HAL_RCC_CSSCallback
 *fill*         0x080027ba        0x2 
 .text.HAL_RCCEx_PeriphCLKConfig
                0x080027bc     0x1414 CMakeFiles/DriveControlxLocalisationxStabilityxSTM.dir/Drivers/STM32H7xx_HAL_Driver/Src/stm32h7xx_hal_rcc_ex.c.obj
                0x080027bc                HAL_RCCEx_PeriphCLKConfig
 .text.HAL_RCCEx_GetD3PCLK1Freq
                0x08003bd0       0x2c CMakeFiles/DriveControlxLocalisationxStabilityxSTM.dir/Drivers/STM32H7xx_HAL_Driver/Src/stm32h7xx_hal_rcc_ex.c.obj
                0x08003bd0                HAL_RCCEx_GetD3PCLK1Freq
 .text.HAL_RCCEx_GetPLL2ClockFreq
                0x08003bfc      0x2a8 CMakeFiles/DriveControlxLocalisationxStabilityxSTM.dir/Drivers/STM32H7xx_HAL_Driver/Src/stm32h7xx_hal_rcc_ex.c.obj
                0x08003bfc                HAL_RCCEx_GetPLL2ClockFreq
 .text.HAL_RCCEx_GetPLL3ClockFreq
                0x08003ea4      0x2a8 CMakeFiles/DriveControlxLocalisationxStabilityxSTM.dir/Drivers/STM32H7xx_HAL_Driver/Src/stm32h7xx_hal_rcc_ex.c.obj
                0x08003ea4                HAL_RCCEx_GetPLL3ClockFreq
 .text.RCCEx_PLL2_Config
                0x0800414c      0x164 CMakeFiles/DriveControlxLocalisationxStabilityxSTM.dir/Drivers/STM32H7xx_HAL_Driver/Src/stm32h7xx_hal_rcc_ex.c.obj
 .text.RCCEx_PLL3_Config
                0x080042b0      0x164 CMakeFiles/DriveControlxLocalisationxStabilityxSTM.dir/Drivers/STM32H7xx_HAL_Driver/Src/stm32h7xx_hal_rcc_ex.c.obj
 .text.HAL_GPIO_Init
                0x08004414      0x360 CMakeFiles/DriveControlxLocalisationxStabilityxSTM.dir/Drivers/STM32H7xx_HAL_Driver/Src/stm32h7xx_hal_gpio.c.obj
                0x08004414                HAL_GPIO_Init
 .text.HAL_GPIO_WritePin
                0x08004774       0x32 CMakeFiles/DriveControlxLocalisationxStabilityxSTM.dir/Drivers/STM32H7xx_HAL_Driver/Src/stm32h7xx_hal_gpio.c.obj
                0x08004774                HAL_GPIO_WritePin
 *fill*         0x080047a6        0x2 
 .text.HAL_DMA_Init
                0x080047a8      0x6b8 CMakeFiles/DriveControlxLocalisationxStabilityxSTM.dir/Drivers/STM32H7xx_HAL_Driver/Src/stm32h7xx_hal_dma.c.obj
                0x080047a8                HAL_DMA_Init
 .text.HAL_DMA_Start_IT
                0x08004e60      0x4d4 CMakeFiles/DriveControlxLocalisationxStabilityxSTM.dir/Drivers/STM32H7xx_HAL_Driver/Src/stm32h7xx_hal_dma.c.obj
                0x08004e60                HAL_DMA_Start_IT
 .text.HAL_DMA_Abort
                0x08005334      0x63c CMakeFiles/DriveControlxLocalisationxStabilityxSTM.dir/Drivers/STM32H7xx_HAL_Driver/Src/stm32h7xx_hal_dma.c.obj
                0x08005334                HAL_DMA_Abort
 .text.HAL_DMA_Abort_IT
                0x08005970      0x48c CMakeFiles/DriveControlxLocalisationxStabilityxSTM.dir/Drivers/STM32H7xx_HAL_Driver/Src/stm32h7xx_hal_dma.c.obj
                0x08005970                HAL_DMA_Abort_IT
 .text.HAL_DMA_IRQHandler
                0x08005dfc      0xe54 CMakeFiles/DriveControlxLocalisationxStabilityxSTM.dir/Drivers/STM32H7xx_HAL_Driver/Src/stm32h7xx_hal_dma.c.obj
                0x08005dfc                HAL_DMA_IRQHandler
 .text.DMA_SetConfig
                0x08006c50      0x358 CMakeFiles/DriveControlxLocalisationxStabilityxSTM.dir/Drivers/STM32H7xx_HAL_Driver/Src/stm32h7xx_hal_dma.c.obj
 .text.DMA_CalcBaseAndBitshift
                0x08006fa8      0x164 CMakeFiles/DriveControlxLocalisationxStabilityxSTM.dir/Drivers/STM32H7xx_HAL_Driver/Src/stm32h7xx_hal_dma.c.obj
 .text.DMA_CheckFifoParam
                0x0800710c       0xf8 CMakeFiles/DriveControlxLocalisationxStabilityxSTM.dir/Drivers/STM32H7xx_HAL_Driver/Src/stm32h7xx_hal_dma.c.obj
 .text.DMA_CalcDMAMUXChannelBaseAndMask
                0x08007204      0x134 CMakeFiles/DriveControlxLocalisationxStabilityxSTM.dir/Drivers/STM32H7xx_HAL_Driver/Src/stm32h7xx_hal_dma.c.obj
 .text.DMA_CalcDMAMUXRequestGenBaseAndMask
                0x08007338       0xe8 CMakeFiles/DriveControlxLocalisationxStabilityxSTM.dir/Drivers/STM32H7xx_HAL_Driver/Src/stm32h7xx_hal_dma.c.obj
 .text.HAL_PWREx_ConfigSupply
                0x08007420       0x74 CMakeFiles/DriveControlxLocalisationxStabilityxSTM.dir/Drivers/STM32H7xx_HAL_Driver/Src/stm32h7xx_hal_pwr_ex.c.obj
                0x08007420                HAL_PWREx_ConfigSupply
 .text.HAL_Init
                0x08007494       0x78 CMakeFiles/DriveControlxLocalisationxStabilityxSTM.dir/Drivers/STM32H7xx_HAL_Driver/Src/stm32h7xx_hal.c.obj
                0x08007494                HAL_Init
 .text.HAL_IncTick
                0x0800750c       0x28 CMakeFiles/DriveControlxLocalisationxStabilityxSTM.dir/Drivers/STM32H7xx_HAL_Driver/Src/stm32h7xx_hal.c.obj
                0x0800750c                HAL_IncTick
 .text.HAL_GetTick
                0x08007534       0x18 CMakeFiles/DriveControlxLocalisationxStabilityxSTM.dir/Drivers/STM32H7xx_HAL_Driver/Src/stm32h7xx_hal.c.obj
                0x08007534                HAL_GetTick
 .text.HAL_Delay
                0x0800754c       0x48 CMakeFiles/DriveControlxLocalisationxStabilityxSTM.dir/Drivers/STM32H7xx_HAL_Driver/Src/stm32h7xx_hal.c.obj
                0x0800754c                HAL_Delay
 .text.HAL_GetREVID
                0x08007594       0x18 CMakeFiles/DriveControlxLocalisationxStabilityxSTM.dir/Drivers/STM32H7xx_HAL_Driver/Src/stm32h7xx_hal.c.obj
                0x08007594                HAL_GetREVID
 .text.HAL_TIM_Base_Init
                0x080075ac       0xae CMakeFiles/DriveControlxLocalisationxStabilityxSTM.dir/Drivers/STM32H7xx_HAL_Driver/Src/stm32h7xx_hal_tim.c.obj
                0x080075ac                HAL_TIM_Base_Init
 .text.HAL_TIM_Base_MspInit
                0x0800765a       0x14 CMakeFiles/DriveControlxLocalisationxStabilityxSTM.dir/Drivers/STM32H7xx_HAL_Driver/Src/stm32h7xx_hal_tim.c.obj
                0x0800765a                HAL_TIM_Base_MspInit
 *fill*         0x0800766e        0x2 
 .text.HAL_TIM_Base_Start_IT
                0x08007670       0xf0 CMakeFiles/DriveControlxLocalisationxStabilityxSTM.dir/Drivers/STM32H7xx_HAL_Driver/Src/stm32h7xx_hal_tim.c.obj
                0x08007670                HAL_TIM_Base_Start_IT
 .text.HAL_TIM_PWM_Init
                0x08007760       0xae CMakeFiles/DriveControlxLocalisationxStabilityxSTM.dir/Drivers/STM32H7xx_HAL_Driver/Src/stm32h7xx_hal_tim.c.obj
                0x08007760                HAL_TIM_PWM_Init
 *fill*         0x0800780e        0x2 
 .text.HAL_TIM_PWM_Start
                0x08007810      0x21c CMakeFiles/DriveControlxLocalisationxStabilityxSTM.dir/Drivers/STM32H7xx_HAL_Driver/Src/stm32h7xx_hal_tim.c.obj
                0x08007810                HAL_TIM_PWM_Start
 .text.HAL_TIM_IRQHandler
                0x08007a2c      0x20e CMakeFiles/DriveControlxLocalisationxStabilityxSTM.dir/Drivers/STM32H7xx_HAL_Driver/Src/stm32h7xx_hal_tim.c.obj
                0x08007a2c                HAL_TIM_IRQHandler
 *fill*         0x08007c3a        0x2 
 .text.HAL_TIM_PWM_ConfigChannel
                0x08007c3c      0x228 CMakeFiles/DriveControlxLocalisationxStabilityxSTM.dir/Drivers/STM32H7xx_HAL_Driver/Src/stm32h7xx_hal_tim.c.obj
                0x08007c3c                HAL_TIM_PWM_ConfigChannel
 .text.HAL_TIM_OC_DelayElapsedCallback
                0x08007e64       0x14 CMakeFiles/DriveControlxLocalisationxStabilityxSTM.dir/Drivers/STM32H7xx_HAL_Driver/Src/stm32h7xx_hal_tim.c.obj
                0x08007e64                HAL_TIM_OC_DelayElapsedCallback
 .text.HAL_TIM_IC_CaptureCallback
                0x08007e78       0x14 CMakeFiles/DriveControlxLocalisationxStabilityxSTM.dir/Drivers/STM32H7xx_HAL_Driver/Src/stm32h7xx_hal_tim.c.obj
                0x08007e78                HAL_TIM_IC_CaptureCallback
 .text.HAL_TIM_PWM_PulseFinishedCallback
                0x08007e8c       0x14 CMakeFiles/DriveControlxLocalisationxStabilityxSTM.dir/Drivers/STM32H7xx_HAL_Driver/Src/stm32h7xx_hal_tim.c.obj
                0x08007e8c                HAL_TIM_PWM_PulseFinishedCallback
 .text.HAL_TIM_TriggerCallback
                0x08007ea0       0x14 CMakeFiles/DriveControlxLocalisationxStabilityxSTM.dir/Drivers/STM32H7xx_HAL_Driver/Src/stm32h7xx_hal_tim.c.obj
                0x08007ea0                HAL_TIM_TriggerCallback
 .text.TIM_Base_SetConfig
                0x08007eb4      0x14c CMakeFiles/DriveControlxLocalisationxStabilityxSTM.dir/Drivers/STM32H7xx_HAL_Driver/Src/stm32h7xx_hal_tim.c.obj
                0x08007eb4                TIM_Base_SetConfig
 .text.TIM_OC1_SetConfig
                0x08008000      0x120 CMakeFiles/DriveControlxLocalisationxStabilityxSTM.dir/Drivers/STM32H7xx_HAL_Driver/Src/stm32h7xx_hal_tim.c.obj
 .text.TIM_OC2_SetConfig
                0x08008120      0x114 CMakeFiles/DriveControlxLocalisationxStabilityxSTM.dir/Drivers/STM32H7xx_HAL_Driver/Src/stm32h7xx_hal_tim.c.obj
                0x08008120                TIM_OC2_SetConfig
 .text.TIM_OC3_SetConfig
                0x08008234      0x110 CMakeFiles/DriveControlxLocalisationxStabilityxSTM.dir/Drivers/STM32H7xx_HAL_Driver/Src/stm32h7xx_hal_tim.c.obj
 .text.TIM_OC4_SetConfig
                0x08008344       0xd4 CMakeFiles/DriveControlxLocalisationxStabilityxSTM.dir/Drivers/STM32H7xx_HAL_Driver/Src/stm32h7xx_hal_tim.c.obj
 .text.TIM_OC5_SetConfig
                0x08008418       0xc8 CMakeFiles/DriveControlxLocalisationxStabilityxSTM.dir/Drivers/STM32H7xx_HAL_Driver/Src/stm32h7xx_hal_tim.c.obj
 .text.TIM_OC6_SetConfig
                0x080084e0       0xcc CMakeFiles/DriveControlxLocalisationxStabilityxSTM.dir/Drivers/STM32H7xx_HAL_Driver/Src/stm32h7xx_hal_tim.c.obj
 .text.TIM_CCxChannelCmd
                0x080085ac       0x4a CMakeFiles/DriveControlxLocalisationxStabilityxSTM.dir/Drivers/STM32H7xx_HAL_Driver/Src/stm32h7xx_hal_tim.c.obj
                0x080085ac                TIM_CCxChannelCmd
 *fill*         0x080085f6        0x2 
 .text.HAL_TIMEx_MasterConfigSynchronization
                0x080085f8      0x11c CMakeFiles/DriveControlxLocalisationxStabilityxSTM.dir/Drivers/STM32H7xx_HAL_Driver/Src/stm32h7xx_hal_tim_ex.c.obj
                0x080085f8                HAL_TIMEx_MasterConfigSynchronization
 .text.HAL_TIMEx_ConfigBreakDeadTime
                0x08008714       0xfc CMakeFiles/DriveControlxLocalisationxStabilityxSTM.dir/Drivers/STM32H7xx_HAL_Driver/Src/stm32h7xx_hal_tim_ex.c.obj
                0x08008714                HAL_TIMEx_ConfigBreakDeadTime
 .text.HAL_TIMEx_CommutCallback
                0x08008810       0x14 CMakeFiles/DriveControlxLocalisationxStabilityxSTM.dir/Drivers/STM32H7xx_HAL_Driver/Src/stm32h7xx_hal_tim_ex.c.obj
                0x08008810                HAL_TIMEx_CommutCallback
 .text.HAL_TIMEx_BreakCallback
                0x08008824       0x14 CMakeFiles/DriveControlxLocalisationxStabilityxSTM.dir/Drivers/STM32H7xx_HAL_Driver/Src/stm32h7xx_hal_tim_ex.c.obj
                0x08008824                HAL_TIMEx_BreakCallback
 .text.HAL_TIMEx_Break2Callback
                0x08008838       0x14 CMakeFiles/DriveControlxLocalisationxStabilityxSTM.dir/Drivers/STM32H7xx_HAL_Driver/Src/stm32h7xx_hal_tim_ex.c.obj
                0x08008838                HAL_TIMEx_Break2Callback
 .text.HAL_UART_Init
                0x0800884c       0xa0 CMakeFiles/DriveControlxLocalisationxStabilityxSTM.dir/Drivers/STM32H7xx_HAL_Driver/Src/stm32h7xx_hal_uart.c.obj
                0x0800884c                HAL_UART_Init
 .text.HAL_UART_Receive_DMA
                0x080088ec       0x98 CMakeFiles/DriveControlxLocalisationxStabilityxSTM.dir/Drivers/STM32H7xx_HAL_Driver/Src/stm32h7xx_hal_uart.c.obj
                0x080088ec                HAL_UART_Receive_DMA
 .text.HAL_UART_IRQHandler
                0x08008984      0x774 CMakeFiles/DriveControlxLocalisationxStabilityxSTM.dir/Drivers/STM32H7xx_HAL_Driver/Src/stm32h7xx_hal_uart.c.obj
                0x08008984                HAL_UART_IRQHandler
 .text.HAL_UART_TxCpltCallback
                0x080090f8       0x14 CMakeFiles/DriveControlxLocalisationxStabilityxSTM.dir/Drivers/STM32H7xx_HAL_Driver/Src/stm32h7xx_hal_uart.c.obj
                0x080090f8                HAL_UART_TxCpltCallback
 .text.HAL_UART_RxHalfCpltCallback
                0x0800910c       0x14 CMakeFiles/DriveControlxLocalisationxStabilityxSTM.dir/Drivers/STM32H7xx_HAL_Driver/Src/stm32h7xx_hal_uart.c.obj
                0x0800910c                HAL_UART_RxHalfCpltCallback
 .text.HAL_UARTEx_RxEventCallback
                0x08009120       0x18 CMakeFiles/DriveControlxLocalisationxStabilityxSTM.dir/Drivers/STM32H7xx_HAL_Driver/Src/stm32h7xx_hal_uart.c.obj
                0x08009120                HAL_UARTEx_RxEventCallback
 .text.UART_SetConfig
                0x08009138      0xad0 CMakeFiles/DriveControlxLocalisationxStabilityxSTM.dir/Drivers/STM32H7xx_HAL_Driver/Src/stm32h7xx_hal_uart.c.obj
                0x08009138                UART_SetConfig
 .text.UART_AdvFeatureConfig
                0x08009c08      0x144 CMakeFiles/DriveControlxLocalisationxStabilityxSTM.dir/Drivers/STM32H7xx_HAL_Driver/Src/stm32h7xx_hal_uart.c.obj
                0x08009c08                UART_AdvFeatureConfig
 .text.UART_CheckIdleState
                0x08009d4c      0x154 CMakeFiles/DriveControlxLocalisationxStabilityxSTM.dir/Drivers/STM32H7xx_HAL_Driver/Src/stm32h7xx_hal_uart.c.obj
                0x08009d4c                UART_CheckIdleState
 .text.UART_WaitOnFlagUntilTimeout
                0x08009ea0       0xda CMakeFiles/DriveControlxLocalisationxStabilityxSTM.dir/Drivers/STM32H7xx_HAL_Driver/Src/stm32h7xx_hal_uart.c.obj
                0x08009ea0                UART_WaitOnFlagUntilTimeout
 *fill*         0x08009f7a        0x2 
 .text.UART_Start_Receive_DMA
                0x08009f7c      0x14c CMakeFiles/DriveControlxLocalisationxStabilityxSTM.dir/Drivers/STM32H7xx_HAL_Driver/Src/stm32h7xx_hal_uart.c.obj
                0x08009f7c                UART_Start_Receive_DMA
 .text.UART_EndTxTransfer
                0x0800a0c8       0x82 CMakeFiles/DriveControlxLocalisationxStabilityxSTM.dir/Drivers/STM32H7xx_HAL_Driver/Src/stm32h7xx_hal_uart.c.obj
 *fill*         0x0800a14a        0x2 
 .text.UART_EndRxTransfer
                0x0800a14c       0xcc CMakeFiles/DriveControlxLocalisationxStabilityxSTM.dir/Drivers/STM32H7xx_HAL_Driver/Src/stm32h7xx_hal_uart.c.obj
 .text.UART_DMAReceiveCplt
                0x0800a218      0x128 CMakeFiles/DriveControlxLocalisationxStabilityxSTM.dir/Drivers/STM32H7xx_HAL_Driver/Src/stm32h7xx_hal_uart.c.obj
 .text.UART_DMARxHalfCplt
                0x0800a340       0x3e CMakeFiles/DriveControlxLocalisationxStabilityxSTM.dir/Drivers/STM32H7xx_HAL_Driver/Src/stm32h7xx_hal_uart.c.obj
 .text.UART_DMAError
                0x0800a37e       0x80 CMakeFiles/DriveControlxLocalisationxStabilityxSTM.dir/Drivers/STM32H7xx_HAL_Driver/Src/stm32h7xx_hal_uart.c.obj
 .text.UART_DMAAbortOnError
                0x0800a3fe       0x2c CMakeFiles/DriveControlxLocalisationxStabilityxSTM.dir/Drivers/STM32H7xx_HAL_Driver/Src/stm32h7xx_hal_uart.c.obj
 .text.UART_EndTransmit_IT
                0x0800a42a       0x56 CMakeFiles/DriveControlxLocalisationxStabilityxSTM.dir/Drivers/STM32H7xx_HAL_Driver/Src/stm32h7xx_hal_uart.c.obj
 .text.HAL_UARTEx_WakeupCallback
                0x0800a480       0x14 CMakeFiles/DriveControlxLocalisationxStabilityxSTM.dir/Drivers/STM32H7xx_HAL_Driver/Src/stm32h7xx_hal_uart_ex.c.obj
                0x0800a480                HAL_UARTEx_WakeupCallback
 .text.HAL_UARTEx_RxFifoFullCallback
                0x0800a494       0x14 CMakeFiles/DriveControlxLocalisationxStabilityxSTM.dir/Drivers/STM32H7xx_HAL_Driver/Src/stm32h7xx_hal_uart_ex.c.obj
                0x0800a494                HAL_UARTEx_RxFifoFullCallback
 .text.HAL_UARTEx_TxFifoEmptyCallback
                0x0800a4a8       0x14 CMakeFiles/DriveControlxLocalisationxStabilityxSTM.dir/Drivers/STM32H7xx_HAL_Driver/Src/stm32h7xx_hal_uart_ex.c.obj
                0x0800a4a8                HAL_UARTEx_TxFifoEmptyCallback
 .text.HAL_UARTEx_DisableFifoMode
                0x0800a4bc       0x72 CMakeFiles/DriveControlxLocalisationxStabilityxSTM.dir/Drivers/STM32H7xx_HAL_Driver/Src/stm32h7xx_hal_uart_ex.c.obj
                0x0800a4bc                HAL_UARTEx_DisableFifoMode
 .text.HAL_UARTEx_SetTxFifoThreshold
                0x0800a52e       0x7c CMakeFiles/DriveControlxLocalisationxStabilityxSTM.dir/Drivers/STM32H7xx_HAL_Driver/Src/stm32h7xx_hal_uart_ex.c.obj
                0x0800a52e                HAL_UARTEx_SetTxFifoThreshold
 .text.HAL_UARTEx_SetRxFifoThreshold
                0x0800a5aa       0x7c CMakeFiles/DriveControlxLocalisationxStabilityxSTM.dir/Drivers/STM32H7xx_HAL_Driver/Src/stm32h7xx_hal_uart_ex.c.obj
                0x0800a5aa                HAL_UARTEx_SetRxFifoThreshold
 *fill*         0x0800a626        0x2 
 .text.UARTEx_SetNbDataToProcess
                0x0800a628       0x9c CMakeFiles/DriveControlxLocalisationxStabilityxSTM.dir/Drivers/STM32H7xx_HAL_Driver/Src/stm32h7xx_hal_uart_ex.c.obj
 .text.SystemInit
                0x0800a6c4      0x110 CMakeFiles/DriveControlxLocalisationxStabilityxSTM.dir/Core/Src/system_stm32h7xx.c.obj
                0x0800a6c4                SystemInit
 *fill*         0x0800a7d4        0x4 
 .text.rtIsInf  0x0800a7d8       0x58 CMakeFiles/DriveControlxLocalisationxStabilityxSTM.dir/Core/Src/ReferenceGeneratorxLQRCombinedxPWMGenerator.c.obj
 .text.rtIsNaN  0x0800a830       0x2e CMakeFiles/DriveControlxLocalisationxStabilityxSTM.dir/Core/Src/ReferenceGeneratorxLQRCombinedxPWMGenerator.c.obj
 *fill*         0x0800a85e        0x2 
 .text.rt_atan2d_snf
                0x0800a860      0x134 CMakeFiles/DriveControlxLocalisationxStabilityxSTM.dir/Core/Src/ReferenceGeneratorxLQRCombinedxPWMGenerator.c.obj
                0x0800a860                rt_atan2d_snf
 *fill*         0x0800a994        0x4 
 .text.rt_roundd_snf
                0x0800a998       0xb8 CMakeFiles/DriveControlxLocalisationxStabilityxSTM.dir/Core/Src/ReferenceGeneratorxLQRCombinedxPWMGenerator.c.obj
                0x0800a998                rt_roundd_snf
 .text.ReferenceGeneratorxLQRCombinedxPWMGenerator_step
                0x0800aa50      0x838 CMakeFiles/DriveControlxLocalisationxStabilityxSTM.dir/Core/Src/ReferenceGeneratorxLQRCombinedxPWMGenerator.c.obj
                0x0800aa50                ReferenceGeneratorxLQRCombinedxPWMGenerator_step
 .text.ReferenceGeneratorxLQRCombinedxPWMGenerator_initialize
                0x0800b288        0xe CMakeFiles/DriveControlxLocalisationxStabilityxSTM.dir/Core/Src/ReferenceGeneratorxLQRCombinedxPWMGenerator.c.obj
                0x0800b288                ReferenceGeneratorxLQRCombinedxPWMGenerator_initialize
 *fill*         0x0800b296        0x2 
 .text.Reset_Handler
                0x0800b298       0x50 CMakeFiles/DriveControlxLocalisationxStabilityxSTM.dir/startup_stm32h750xx.s.obj
                0x0800b298                Reset_Handler
 .text.Default_Handler
                0x0800b2e8        0x2 CMakeFiles/DriveControlxLocalisationxStabilityxSTM.dir/startup_stm32h750xx.s.obj
                0x0800b2e8                RTC_Alarm_IRQHandler
                0x0800b2e8                HASH_RNG_IRQHandler
                0x0800b2e8                EXTI2_IRQHandler
                0x0800b2e8                TIM8_CC_IRQHandler
                0x0800b2e8                HRTIM1_Master_IRQHandler
                0x0800b2e8                UART8_IRQHandler
                0x0800b2e8                SPI4_IRQHandler
                0x0800b2e8                TIM1_CC_IRQHandler
                0x0800b2e8                BDMA_Channel6_IRQHandler
                0x0800b2e8                DMA2_Stream5_IRQHandler
                0x0800b2e8                HRTIM1_FLT_IRQHandler
                0x0800b2e8                JPEG_IRQHandler
                0x0800b2e8                DMA1_Stream5_IRQHandler
                0x0800b2e8                BDMA_Channel1_IRQHandler
                0x0800b2e8                HRTIM1_TIMD_IRQHandler
                0x0800b2e8                TAMP_STAMP_IRQHandler
                0x0800b2e8                EXTI3_IRQHandler
                0x0800b2e8                LPTIM4_IRQHandler
                0x0800b2e8                TIM8_TRG_COM_TIM14_IRQHandler
                0x0800b2e8                LPTIM2_IRQHandler
                0x0800b2e8                DFSDM1_FLT1_IRQHandler
                0x0800b2e8                DMAMUX2_OVR_IRQHandler
                0x0800b2e8                TIM8_UP_TIM13_IRQHandler
                0x0800b2e8                I2C3_ER_IRQHandler
                0x0800b2e8                DFSDM1_FLT2_IRQHandler
                0x0800b2e8                MDMA_IRQHandler
                0x0800b2e8                LPTIM3_IRQHandler
                0x0800b2e8                HSEM1_IRQHandler
                0x0800b2e8                EXTI0_IRQHandler
                0x0800b2e8                I2C2_EV_IRQHandler
                0x0800b2e8                DMA1_Stream2_IRQHandler
                0x0800b2e8                FPU_IRQHandler
                0x0800b2e8                OTG_HS_WKUP_IRQHandler
                0x0800b2e8                FDCAN1_IT1_IRQHandler
                0x0800b2e8                LTDC_ER_IRQHandler
                0x0800b2e8                DMA2_Stream2_IRQHandler
                0x0800b2e8                HRTIM1_TIME_IRQHandler
                0x0800b2e8                SPI1_IRQHandler
                0x0800b2e8                TIM6_DAC_IRQHandler
                0x0800b2e8                DCMI_IRQHandler
                0x0800b2e8                HRTIM1_TIMC_IRQHandler
                0x0800b2e8                DMA2_Stream3_IRQHandler
                0x0800b2e8                SAI2_IRQHandler
                0x0800b2e8                DFSDM1_FLT3_IRQHandler
                0x0800b2e8                USART6_IRQHandler
                0x0800b2e8                TIM17_IRQHandler
                0x0800b2e8                USART3_IRQHandler
                0x0800b2e8                BDMA_Channel7_IRQHandler
                0x0800b2e8                CRYP_IRQHandler
                0x0800b2e8                LPTIM5_IRQHandler
                0x0800b2e8                UART5_IRQHandler
                0x0800b2e8                ADC3_IRQHandler
                0x0800b2e8                DMA2_Stream0_IRQHandler
                0x0800b2e8                TIM4_IRQHandler
                0x0800b2e8                BDMA_Channel2_IRQHandler
                0x0800b2e8                QUADSPI_IRQHandler
                0x0800b2e8                I2C1_EV_IRQHandler
                0x0800b2e8                DMA1_Stream6_IRQHandler
                0x0800b2e8                DMAMUX1_OVR_IRQHandler
                0x0800b2e8                DMA1_Stream1_IRQHandler
                0x0800b2e8                TIM16_IRQHandler
                0x0800b2e8                UART4_IRQHandler
                0x0800b2e8                BDMA_Channel5_IRQHandler
                0x0800b2e8                TIM3_IRQHandler
                0x0800b2e8                RCC_IRQHandler
                0x0800b2e8                TIM8_BRK_TIM12_IRQHandler
                0x0800b2e8                TIM1_TRG_COM_IRQHandler
                0x0800b2e8                Default_Handler
                0x0800b2e8                ECC_IRQHandler
                0x0800b2e8                CEC_IRQHandler
                0x0800b2e8                EXTI15_10_IRQHandler
                0x0800b2e8                BDMA_Channel0_IRQHandler
                0x0800b2e8                ADC_IRQHandler
                0x0800b2e8                DMA1_Stream7_IRQHandler
                0x0800b2e8                HRTIM1_TIMA_IRQHandler
                0x0800b2e8                SPI5_IRQHandler
                0x0800b2e8                TIM7_IRQHandler
                0x0800b2e8                SDMMC1_IRQHandler
                0x0800b2e8                TIM5_IRQHandler
                0x0800b2e8                DMA2_Stream7_IRQHandler
                0x0800b2e8                TIM15_IRQHandler
                0x0800b2e8                PVD_AVD_IRQHandler
                0x0800b2e8                I2C3_EV_IRQHandler
                0x0800b2e8                EXTI9_5_IRQHandler
                0x0800b2e8                RTC_WKUP_IRQHandler
                0x0800b2e8                LTDC_IRQHandler
                0x0800b2e8                SAI3_IRQHandler
                0x0800b2e8                ETH_WKUP_IRQHandler
                0x0800b2e8                SPDIF_RX_IRQHandler
                0x0800b2e8                SPI2_IRQHandler
                0x0800b2e8                OTG_HS_EP1_IN_IRQHandler
                0x0800b2e8                CRS_IRQHandler
                0x0800b2e8                EXTI4_IRQHandler
                0x0800b2e8                HRTIM1_TIMB_IRQHandler
                0x0800b2e8                FDCAN2_IT1_IRQHandler
                0x0800b2e8                ETH_IRQHandler
                0x0800b2e8                TIM1_UP_IRQHandler
                0x0800b2e8                BDMA_Channel4_IRQHandler
                0x0800b2e8                OTG_HS_EP1_OUT_IRQHandler
                0x0800b2e8                WWDG_IRQHandler
                0x0800b2e8                SPI6_IRQHandler
                0x0800b2e8                MDIOS_IRQHandler
                0x0800b2e8                I2C4_EV_IRQHandler
                0x0800b2e8                FDCAN2_IT0_IRQHandler
                0x0800b2e8                LPUART1_IRQHandler
                0x0800b2e8                FDCAN1_IT0_IRQHandler
                0x0800b2e8                OTG_FS_WKUP_IRQHandler
                0x0800b2e8                OTG_HS_IRQHandler
                0x0800b2e8                DMA2D_IRQHandler
                0x0800b2e8                TIM1_BRK_IRQHandler
                0x0800b2e8                EXTI1_IRQHandler
                0x0800b2e8                SDMMC2_IRQHandler
                0x0800b2e8                OTG_FS_EP1_OUT_IRQHandler
                0x0800b2e8                BDMA_Channel3_IRQHandler
                0x0800b2e8                UART7_IRQHandler
                0x0800b2e8                MDIOS_WKUP_IRQHandler
                0x0800b2e8                USART2_IRQHandler
                0x0800b2e8                DFSDM1_FLT0_IRQHandler
                0x0800b2e8                SAI4_IRQHandler
                0x0800b2e8                I2C2_ER_IRQHandler
                0x0800b2e8                DMA2_Stream1_IRQHandler
                0x0800b2e8                FLASH_IRQHandler
                0x0800b2e8                DMA2_Stream4_IRQHandler
                0x0800b2e8                OTG_FS_IRQHandler
                0x0800b2e8                SPI3_IRQHandler
                0x0800b2e8                WAKEUP_PIN_IRQHandler
                0x0800b2e8                DMA1_Stream4_IRQHandler
                0x0800b2e8                OTG_FS_EP1_IN_IRQHandler
                0x0800b2e8                I2C1_ER_IRQHandler
                0x0800b2e8                FMC_IRQHandler
                0x0800b2e8                FDCAN_CAL_IRQHandler
                0x0800b2e8                SWPMI1_IRQHandler
                0x0800b2e8                COMP1_IRQHandler
                0x0800b2e8                LPTIM1_IRQHandler
                0x0800b2e8                I2C4_ER_IRQHandler
                0x0800b2e8                DMA2_Stream6_IRQHandler
                0x0800b2e8                SAI1_IRQHandler
                0x0800b2e8                DMA1_Stream3_IRQHandler
 .text.memcpy   0x0800b2ea       0x1c D:/programs/STM32Cube/STM32CUBEIDE/STM32CubeIDE_2.1.1/STM32CubeIDE/plugins/com.st.stm32cube.ide.mcu.externaltools.gnu-tools-for-stm32.14.3.rel1.win32_1.0.100.202602081740/tools/bin/../lib/gcc/arm-none-eabi/14.3.1/../../../../arm-none-eabi/lib/thumb/v7e-m+dp/hard\libg_nano.a(libc_a-memcpy-stub.o)
                0x0800b2ea                memcpy
 *fill*         0x0800b306        0x2 
 .text.atan2    0x0800b308        0x4 D:/programs/STM32Cube/STM32CUBEIDE/STM32CubeIDE_2.1.1/STM32CubeIDE/plugins/com.st.stm32cube.ide.mcu.externaltools.gnu-tools-for-stm32.14.3.rel1.win32_1.0.100.202602081740/tools/bin/../lib/gcc/arm-none-eabi/14.3.1/../../../../arm-none-eabi/lib/thumb/v7e-m+dp/hard\libm.a(libm_a-w_atan2.o)
                0x0800b308                atan2
 *fill*         0x0800b30c        0x4 
 .text.cos      0x0800b310       0x80 D:/programs/STM32Cube/STM32CUBEIDE/STM32CubeIDE_2.1.1/STM32CubeIDE/plugins/com.st.stm32cube.ide.mcu.externaltools.gnu-tools-for-stm32.14.3.rel1.win32_1.0.100.202602081740/tools/bin/../lib/gcc/arm-none-eabi/14.3.1/../../../../arm-none-eabi/lib/thumb/v7e-m+dp/hard\libm.a(libm_a-s_cos.o)
                0x0800b310                cos
 .text.sin      0x0800b390       0x80 D:/programs/STM32Cube/STM32CUBEIDE/STM32CubeIDE_2.1.1/STM32CubeIDE/plugins/com.st.stm32cube.ide.mcu.externaltools.gnu-tools-for-stm32.14.3.rel1.win32_1.0.100.202602081740/tools/bin/../lib/gcc/arm-none-eabi/14.3.1/../../../../arm-none-eabi/lib/thumb/v7e-m+dp/hard\libm.a(libm_a-s_sin.o)
                0x0800b390                sin
 .text.fmax     0x0800b410       0x4c D:/programs/STM32Cube/STM32CUBEIDE/STM32CubeIDE_2.1.1/STM32CubeIDE/plugins/com.st.stm32cube.ide.mcu.externaltools.gnu-tools-for-stm32.14.3.rel1.win32_1.0.100.202602081740/tools/bin/../lib/gcc/arm-none-eabi/14.3.1/../../../../arm-none-eabi/lib/thumb/v7e-m+dp/hard\libm.a(libm_a-s_fmax.o)
                0x0800b410                fmax
 .text.fmin     0x0800b45c       0x4c D:/programs/STM32Cube/STM32CUBEIDE/STM32CubeIDE_2.1.1/STM32CubeIDE/plugins/com.st.stm32cube.ide.mcu.externaltools.gnu-tools-for-stm32.14.3.rel1.win32_1.0.100.202602081740/tools/bin/../lib/gcc/arm-none-eabi/14.3.1/../../../../arm-none-eabi/lib/thumb/v7e-m+dp/hard\libm.a(libm_a-s_fmin.o)
                0x0800b45c                fmin
 .text.__fpclassifyd
                0x0800b4a8       0x5c D:/programs/STM32Cube/STM32CUBEIDE/STM32CubeIDE_2.1.1/STM32CubeIDE/plugins/com.st.stm32cube.ide.mcu.externaltools.gnu-tools-for-stm32.14.3.rel1.win32_1.0.100.202602081740/tools/bin/../lib/gcc/arm-none-eabi/14.3.1/../../../../arm-none-eabi/lib/thumb/v7e-m+dp/hard\libm.a(libm_a-s_fpclassify.o)
                0x0800b4a8                __fpclassifyd
 *fill*         0x0800b504        0x4 
 .text.ceil     0x0800b508      0x108 D:/programs/STM32Cube/STM32CUBEIDE/STM32CubeIDE_2.1.1/STM32CubeIDE/plugins/com.st.stm32cube.ide.mcu.externaltools.gnu-tools-for-stm32.14.3.rel1.win32_1.0.100.202602081740/tools/bin/../lib/gcc/arm-none-eabi/14.3.1/../../../../arm-none-eabi/lib/thumb/v7e-m+dp/hard\libm.a(libm_a-s_ceil.o)
                0x0800b508                ceil
 .text.floor    0x0800b610      0x110 D:/programs/STM32Cube/STM32CUBEIDE/STM32CubeIDE_2.1.1/STM32CubeIDE/plugins/com.st.stm32cube.ide.mcu.externaltools.gnu-tools-for-stm32.14.3.rel1.win32_1.0.100.202602081740/tools/bin/../lib/gcc/arm-none-eabi/14.3.1/../../../../arm-none-eabi/lib/thumb/v7e-m+dp/hard\libm.a(libm_a-s_floor.o)
                0x0800b610                floor
 .text.__kernel_cos
                0x0800b720      0x130 D:/programs/STM32Cube/STM32CUBEIDE/STM32CubeIDE_2.1.1/STM32CubeIDE/plugins/com.st.stm32cube.ide.mcu.externaltools.gnu-tools-for-stm32.14.3.rel1.win32_1.0.100.202602081740/tools/bin/../lib/gcc/arm-none-eabi/14.3.1/../../../../arm-none-eabi/lib/thumb/v7e-m+dp/hard\libm.a(libm_a-k_cos.o)
                0x0800b720                __kernel_cos
 .text.__kernel_sin
                0x0800b850       0xb0 D:/programs/STM32Cube/STM32CUBEIDE/STM32CubeIDE_2.1.1/STM32CubeIDE/plugins/com.st.stm32cube.ide.mcu.externaltools.gnu-tools-for-stm32.14.3.rel1.win32_1.0.100.202602081740/tools/bin/../lib/gcc/arm-none-eabi/14.3.1/../../../../arm-none-eabi/lib/thumb/v7e-m+dp/hard\libm.a(libm_a-k_sin.o)
                0x0800b850                __kernel_sin
 .text.__ieee754_atan2
                0x0800b900      0x19c D:/programs/STM32Cube/STM32CUBEIDE/STM32CubeIDE_2.1.1/STM32CubeIDE/plugins/com.st.stm32cube.ide.mcu.externaltools.gnu-tools-for-stm32.14.3.rel1.win32_1.0.100.202602081740/tools/bin/../lib/gcc/arm-none-eabi/14.3.1/../../../../arm-none-eabi/lib/thumb/v7e-m+dp/hard\libm.a(libm_a-e_atan2.o)
                0x0800b900                __ieee754_atan2
 *fill*         0x0800ba9c        0x4 
 .text.__ieee754_rem_pio2
                0x0800baa0      0x2a4 D:/programs/STM32Cube/STM32CUBEIDE/STM32CubeIDE_2.1.1/STM32CubeIDE/plugins/com.st.stm32cube.ide.mcu.externaltools.gnu-tools-for-stm32.14.3.rel1.win32_1.0.100.202602081740/tools/bin/../lib/gcc/arm-none-eabi/14.3.1/../../../../arm-none-eabi/lib/thumb/v7e-m+dp/hard\libm.a(libm_a-e_rem_pio2.o)
                0x0800baa0                __ieee754_rem_pio2
 *fill*         0x0800bd44        0x4 
 .text.atan     0x0800bd48      0x20c D:/programs/STM32Cube/STM32CUBEIDE/STM32CubeIDE_2.1.1/STM32CubeIDE/plugins/com.st.stm32cube.ide.mcu.externaltools.gnu-tools-for-stm32.14.3.rel1.win32_1.0.100.202602081740/tools/bin/../lib/gcc/arm-none-eabi/14.3.1/../../../../arm-none-eabi/lib/thumb/v7e-m+dp/hard\libm.a(libm_a-s_atan.o)
                0x0800bd48                atan
 .text.fabs     0x0800bf54       0x10 D:/programs/STM32Cube/STM32CUBEIDE/STM32CubeIDE_2.1.1/STM32CubeIDE/plugins/com.st.stm32cube.ide.mcu.externaltools.gnu-tools-for-stm32.14.3.rel1.win32_1.0.100.202602081740/tools/bin/../lib/gcc/arm-none-eabi/14.3.1/../../../../arm-none-eabi/lib/thumb/v7e-m+dp/hard\libm.a(libm_a-s_fabs.o)
                0x0800bf54                fabs
 *fill*         0x0800bf64        0x4 
 .text.__kernel_rem_pio2
                0x0800bf68      0x6a0 D:/programs/STM32Cube/STM32CUBEIDE/STM32CubeIDE_2.1.1/STM32CubeIDE/plugins/com.st.stm32cube.ide.mcu.externaltools.gnu-tools-for-stm32.14.3.rel1.win32_1.0.100.202602081740/tools/bin/../lib/gcc/arm-none-eabi/14.3.1/../../../../arm-none-eabi/lib/thumb/v7e-m+dp/hard\libm.a(libm_a-k_rem_pio2.o)
                0x0800bf68                __kernel_rem_pio2
 .text.scalbn   0x0800c608      0x104 D:/programs/STM32Cube/STM32CUBEIDE/STM32CubeIDE_2.1.1/STM32CubeIDE/plugins/com.st.stm32cube.ide.mcu.externaltools.gnu-tools-for-stm32.14.3.rel1.win32_1.0.100.202602081740/tools/bin/../lib/gcc/arm-none-eabi/14.3.1/../../../../arm-none-eabi/lib/thumb/v7e-m+dp/hard\libm.a(libm_a-s_scalbn.o)
                0x0800c608                scalbn
 *(.glue_7)
 .glue_7        0x0800c70c        0x0 linker stubs
 *(.glue_7t)
 .glue_7t       0x0800c70c        0x0 linker stubs
 *(.eh_frame)
 .eh_frame      0x0800c70c        0x0 D:/programs/STM32Cube/STM32CUBEIDE/STM32CubeIDE_2.1.1/STM32CubeIDE/plugins/com.st.stm32cube.ide.mcu.externaltools.gnu-tools-for-stm32.14.3.rel1.win32_1.0.100.202602081740/tools/bin/../lib/gcc/arm-none-eabi/14.3.1/thumb/v7e-m+dp/hard/crtbegin.o
 *(.init)
 .init          0x0800c70c        0x4 D:/programs/STM32Cube/STM32CUBEIDE/STM32CubeIDE_2.1.1/STM32CubeIDE/plugins/com.st.stm32cube.ide.mcu.externaltools.gnu-tools-for-stm32.14.3.rel1.win32_1.0.100.202602081740/tools/bin/../lib/gcc/arm-none-eabi/14.3.1/thumb/v7e-m+dp/hard/crti.o
                0x0800c70c                _init
 .init          0x0800c710        0x8 D:/programs/STM32Cube/STM32CUBEIDE/STM32CubeIDE_2.1.1/STM32CubeIDE/plugins/com.st.stm32cube.ide.mcu.externaltools.gnu-tools-for-stm32.14.3.rel1.win32_1.0.100.202602081740/tools/bin/../lib/gcc/arm-none-eabi/14.3.1/thumb/v7e-m+dp/hard/crtn.o
 *(.fini)
 .fini          0x0800c718        0x4 D:/programs/STM32Cube/STM32CUBEIDE/STM32CubeIDE_2.1.1/STM32CubeIDE/plugins/com.st.stm32cube.ide.mcu.externaltools.gnu-tools-for-stm32.14.3.rel1.win32_1.0.100.202602081740/tools/bin/../lib/gcc/arm-none-eabi/14.3.1/thumb/v7e-m+dp/hard/crti.o
                0x0800c718                _fini
 .fini          0x0800c71c        0x8 D:/programs/STM32Cube/STM32CUBEIDE/STM32CubeIDE_2.1.1/STM32CubeIDE/plugins/com.st.stm32cube.ide.mcu.externaltools.gnu-tools-for-stm32.14.3.rel1.win32_1.0.100.202602081740/tools/bin/../lib/gcc/arm-none-eabi/14.3.1/thumb/v7e-m+dp/hard/crtn.o
                0x0800c724                        . = ALIGN (0x4)
                0x0800c724                        _etext = .

.vfp11_veneer   0x0800c724        0x0
 .vfp11_veneer  0x0800c724        0x0 linker stubs

.v4_bx          0x0800c724        0x0
 .v4_bx         0x0800c724        0x0 linker stubs

.iplt           0x0800c724        0x0
 .iplt          0x0800c724        0x0 D:/programs/STM32Cube/STM32CUBEIDE/STM32CubeIDE_2.1.1/STM32CubeIDE/plugins/com.st.stm32cube.ide.mcu.externaltools.gnu-tools-for-stm32.14.3.rel1.win32_1.0.100.202602081740/tools/bin/../lib/gcc/arm-none-eabi/14.3.1/thumb/v7e-m+dp/hard/crtbegin.o

.rodata         0x0800c728      0xc48
                0x0800c728                        . = ALIGN (0x4)
 *(.rodata)
 *(.rodata*)
 .rodata.flagBitshiftOffset.0
                0x0800c728        0x8 CMakeFiles/DriveControlxLocalisationxStabilityxSTM.dir/Drivers/STM32H7xx_HAL_Driver/Src/stm32h7xx_hal_dma.c.obj
 .rodata.UARTPrescTable
                0x0800c730       0x18 CMakeFiles/DriveControlxLocalisationxStabilityxSTM.dir/Drivers/STM32H7xx_HAL_Driver/Src/stm32h7xx_hal_uart.c.obj
                0x0800c730                UARTPrescTable
 .rodata.numerator.1
                0x0800c748        0x8 CMakeFiles/DriveControlxLocalisationxStabilityxSTM.dir/Drivers/STM32H7xx_HAL_Driver/Src/stm32h7xx_hal_uart_ex.c.obj
 .rodata.denominator.0
                0x0800c750        0x8 CMakeFiles/DriveControlxLocalisationxStabilityxSTM.dir/Drivers/STM32H7xx_HAL_Driver/Src/stm32h7xx_hal_uart_ex.c.obj
 .rodata.D1CorePrescTable
                0x0800c758       0x10 CMakeFiles/DriveControlxLocalisationxStabilityxSTM.dir/Core/Src/system_stm32h7xx.c.obj
                0x0800c758                D1CorePrescTable
 .rodata.b_0.2  0x0800c768      0x640 CMakeFiles/DriveControlxLocalisationxStabilityxSTM.dir/Core/Src/ReferenceGeneratorxLQRCombinedxPWMGenerator.c.obj
 .rodata.c.1    0x0800cda8      0x320 CMakeFiles/DriveControlxLocalisationxStabilityxSTM.dir/Core/Src/ReferenceGeneratorxLQRCombinedxPWMGenerator.c.obj
 .rodata.a.0    0x0800d0c8       0x60 CMakeFiles/DriveControlxLocalisationxStabilityxSTM.dir/Core/Src/ReferenceGeneratorxLQRCombinedxPWMGenerator.c.obj
 .rodata.CSWTCH.9
                0x0800d128       0x18 D:/programs/STM32Cube/STM32CUBEIDE/STM32CubeIDE_2.1.1/STM32CubeIDE/plugins/com.st.stm32cube.ide.mcu.externaltools.gnu-tools-for-stm32.14.3.rel1.win32_1.0.100.202602081740/tools/bin/../lib/gcc/arm-none-eabi/14.3.1/../../../../arm-none-eabi/lib/thumb/v7e-m+dp/hard\libm.a(libm_a-e_atan2.o)
 .rodata.CSWTCH.8
                0x0800d140       0x18 D:/programs/STM32Cube/STM32CUBEIDE/STM32CubeIDE_2.1.1/STM32CubeIDE/plugins/com.st.stm32cube.ide.mcu.externaltools.gnu-tools-for-stm32.14.3.rel1.win32_1.0.100.202602081740/tools/bin/../lib/gcc/arm-none-eabi/14.3.1/../../../../arm-none-eabi/lib/thumb/v7e-m+dp/hard\libm.a(libm_a-e_atan2.o)
 .rodata.npio2_hw
                0x0800d158       0x80 D:/programs/STM32Cube/STM32CUBEIDE/STM32CubeIDE_2.1.1/STM32CubeIDE/plugins/com.st.stm32cube.ide.mcu.externaltools.gnu-tools-for-stm32.14.3.rel1.win32_1.0.100.202602081740/tools/bin/../lib/gcc/arm-none-eabi/14.3.1/../../../../arm-none-eabi/lib/thumb/v7e-m+dp/hard\libm.a(libm_a-e_rem_pio2.o)
 .rodata.two_over_pi
                0x0800d1d8      0x108 D:/programs/STM32Cube/STM32CUBEIDE/STM32CubeIDE_2.1.1/STM32CubeIDE/plugins/com.st.stm32cube.ide.mcu.externaltools.gnu-tools-for-stm32.14.3.rel1.win32_1.0.100.202602081740/tools/bin/../lib/gcc/arm-none-eabi/14.3.1/../../../../arm-none-eabi/lib/thumb/v7e-m+dp/hard\libm.a(libm_a-e_rem_pio2.o)
 .rodata.atanlo
                0x0800d2e0       0x20 D:/programs/STM32Cube/STM32CUBEIDE/STM32CubeIDE_2.1.1/STM32CubeIDE/plugins/com.st.stm32cube.ide.mcu.externaltools.gnu-tools-for-stm32.14.3.rel1.win32_1.0.100.202602081740/tools/bin/../lib/gcc/arm-none-eabi/14.3.1/../../../../arm-none-eabi/lib/thumb/v7e-m+dp/hard\libm.a(libm_a-s_atan.o)
 .rodata.atanhi
                0x0800d300       0x20 D:/programs/STM32Cube/STM32CUBEIDE/STM32CubeIDE_2.1.1/STM32CubeIDE/plugins/com.st.stm32cube.ide.mcu.externaltools.gnu-tools-for-stm32.14.3.rel1.win32_1.0.100.202602081740/tools/bin/../lib/gcc/arm-none-eabi/14.3.1/../../../../arm-none-eabi/lib/thumb/v7e-m+dp/hard\libm.a(libm_a-s_atan.o)
 .rodata.PIo2   0x0800d320       0x40 D:/programs/STM32Cube/STM32CUBEIDE/STM32CubeIDE_2.1.1/STM32CubeIDE/plugins/com.st.stm32cube.ide.mcu.externaltools.gnu-tools-for-stm32.14.3.rel1.win32_1.0.100.202602081740/tools/bin/../lib/gcc/arm-none-eabi/14.3.1/../../../../arm-none-eabi/lib/thumb/v7e-m+dp/hard\libm.a(libm_a-k_rem_pio2.o)
 .rodata.init_jk
                0x0800d360       0x10 D:/programs/STM32Cube/STM32CUBEIDE/STM32CubeIDE_2.1.1/STM32CubeIDE/plugins/com.st.stm32cube.ide.mcu.externaltools.gnu-tools-for-stm32.14.3.rel1.win32_1.0.100.202602081740/tools/bin/../lib/gcc/arm-none-eabi/14.3.1/../../../../arm-none-eabi/lib/thumb/v7e-m+dp/hard\libm.a(libm_a-k_rem_pio2.o)
                0x0800d370                        . = ALIGN (0x4)

.ARM.extab
 *(.ARM.extab* .gnu.linkonce.armextab.*)

.ARM            0x0800d370        0x8
                0x0800d370                        __exidx_start = .
 *(.ARM.exidx*)
 .ARM.exidx     0x0800d370        0x8 D:/programs/STM32Cube/STM32CUBEIDE/STM32CubeIDE_2.1.1/STM32CubeIDE/plugins/com.st.stm32cube.ide.mcu.externaltools.gnu-tools-for-stm32.14.3.rel1.win32_1.0.100.202602081740/tools/bin/../lib/gcc/arm-none-eabi/14.3.1/thumb/v7e-m+dp/hard\libgcc.a(_udivmoddi4.o)
                0x0800d378                        __exidx_end = .

.rel.dyn        0x0800d378        0x0
 .rel.iplt      0x0800d378        0x0 D:/programs/STM32Cube/STM32CUBEIDE/STM32CubeIDE_2.1.1/STM32CubeIDE/plugins/com.st.stm32cube.ide.mcu.externaltools.gnu-tools-for-stm32.14.3.rel1.win32_1.0.100.202602081740/tools/bin/../lib/gcc/arm-none-eabi/14.3.1/thumb/v7e-m+dp/hard/crtbegin.o

.preinit_array  0x0800d378        0x0
                0x0800d378                        PROVIDE (__preinit_array_start = .)
 *(.preinit_array*)
                0x0800d378                        PROVIDE (__preinit_array_end = .)

.init_array     0x0800d378        0x4
                0x0800d378                        PROVIDE (__init_array_start = .)
 *(SORT_BY_NAME(.init_array.*))
 *(.init_array*)
 .init_array    0x0800d378        0x4 D:/programs/STM32Cube/STM32CUBEIDE/STM32CubeIDE_2.1.1/STM32CubeIDE/plugins/com.st.stm32cube.ide.mcu.externaltools.gnu-tools-for-stm32.14.3.rel1.win32_1.0.100.202602081740/tools/bin/../lib/gcc/arm-none-eabi/14.3.1/thumb/v7e-m+dp/hard/crtbegin.o
                0x0800d37c                        PROVIDE (__init_array_end = .)

.fini_array     0x0800d37c        0x4
                [!provide]                        PROVIDE (__fini_array_start = .)
 *(SORT_BY_NAME(.fini_array.*))
 *(.fini_array*)
 .fini_array    0x0800d37c        0x4 D:/programs/STM32Cube/STM32CUBEIDE/STM32CubeIDE_2.1.1/STM32CubeIDE/plugins/com.st.stm32cube.ide.mcu.externaltools.gnu-tools-for-stm32.14.3.rel1.win32_1.0.100.202602081740/tools/bin/../lib/gcc/arm-none-eabi/14.3.1/thumb/v7e-m+dp/hard/crtbegin.o
                [!provide]                        PROVIDE (__fini_array_end = .)
                0x0800d380                        _sidata = LOADADDR (.data)

.data           0x20000000       0x20 load address 0x0800d380
                0x20000000                        . = ALIGN (0x4)
                0x20000000                        _sdata = .
 *(.data)
 *(.data*)
 .data.uwTickPrio
                0x20000000        0x4 CMakeFiles/DriveControlxLocalisationxStabilityxSTM.dir/Drivers/STM32H7xx_HAL_Driver/Src/stm32h7xx_hal.c.obj
                0x20000000                uwTickPrio
 .data.uwTickFreq
                0x20000004        0x1 CMakeFiles/DriveControlxLocalisationxStabilityxSTM.dir/Drivers/STM32H7xx_HAL_Driver/Src/stm32h7xx_hal.c.obj
                0x20000004                uwTickFreq
 *fill*         0x20000005        0x3 
 .data.SystemCoreClock
                0x20000008        0x4 CMakeFiles/DriveControlxLocalisationxStabilityxSTM.dir/Core/Src/system_stm32h7xx.c.obj
                0x20000008                SystemCoreClock
 .data.SystemD2Clock
                0x2000000c        0x4 CMakeFiles/DriveControlxLocalisationxStabilityxSTM.dir/Core/Src/system_stm32h7xx.c.obj
                0x2000000c                SystemD2Clock
 .data.rtNaN    0x20000010        0x8 CMakeFiles/DriveControlxLocalisationxStabilityxSTM.dir/Core/Src/ReferenceGeneratorxLQRCombinedxPWMGenerator.c.obj
                0x20000010                rtNaN
 .data.rtInf    0x20000018        0x8 CMakeFiles/DriveControlxLocalisationxStabilityxSTM.dir/Core/Src/ReferenceGeneratorxLQRCombinedxPWMGenerator.c.obj
                0x20000018                rtInf
                0x20000020                        . = ALIGN (0x4)
                0x20000020                        _edata = .

.igot.plt       0x20000020        0x0 load address 0x0800d3a0
 .igot.plt      0x20000020        0x0 D:/programs/STM32Cube/STM32CUBEIDE/STM32CubeIDE_2.1.1/STM32CubeIDE/plugins/com.st.stm32cube.ide.mcu.externaltools.gnu-tools-for-stm32.14.3.rel1.win32_1.0.100.202602081740/tools/bin/../lib/gcc/arm-none-eabi/14.3.1/thumb/v7e-m+dp/hard/crtbegin.o
                0x20000020                        . = ALIGN (0x4)

.bss            0x20000020      0x280 load address 0x0800d3a0
                0x20000020                        _sbss = .
                0x20000020                        __bss_start__ = _sbss
 *(.bss)
 .bss           0x20000020       0x1c D:/programs/STM32Cube/STM32CUBEIDE/STM32CubeIDE_2.1.1/STM32CubeIDE/plugins/com.st.stm32cube.ide.mcu.externaltools.gnu-tools-for-stm32.14.3.rel1.win32_1.0.100.202602081740/tools/bin/../lib/gcc/arm-none-eabi/14.3.1/thumb/v7e-m+dp/hard/crtbegin.o
 *(.bss*)
 .bss.htim1     0x2000003c       0x4c CMakeFiles/DriveControlxLocalisationxStabilityxSTM.dir/Core/Src/main.c.obj
                0x2000003c                htim1
 .bss.htim8     0x20000088       0x4c CMakeFiles/DriveControlxLocalisationxStabilityxSTM.dir/Core/Src/main.c.obj
                0x20000088                htim8
 .bss.huart1    0x200000d4       0x94 CMakeFiles/DriveControlxLocalisationxStabilityxSTM.dir/Core/Src/main.c.obj
                0x200000d4                huart1
 .bss.hdma_usart1_rx
                0x20000168       0x78 CMakeFiles/DriveControlxLocalisationxStabilityxSTM.dir/Core/Src/main.c.obj
                0x20000168                hdma_usart1_rx
 .bss.data_ready
                0x200001e0        0x1 CMakeFiles/DriveControlxLocalisationxStabilityxSTM.dir/Core/Src/main.c.obj
                0x200001e0                data_ready
 *fill*         0x200001e1        0x3 
 .bss.last_packet_time
                0x200001e4        0x4 CMakeFiles/DriveControlxLocalisationxStabilityxSTM.dir/Core/Src/main.c.obj
                0x200001e4                last_packet_time
 .bss.last_byte.0
                0x200001e8        0x1 CMakeFiles/DriveControlxLocalisationxStabilityxSTM.dir/Core/Src/main.c.obj
 *fill*         0x200001e9        0x3 
 .bss.htim2     0x200001ec       0x4c CMakeFiles/DriveControlxLocalisationxStabilityxSTM.dir/Core/Src/stm32h7xx_hal_timebase_tim.c.obj
                0x200001ec                htim2
 .bss.uwTick    0x20000238        0x4 CMakeFiles/DriveControlxLocalisationxStabilityxSTM.dir/Drivers/STM32H7xx_HAL_Driver/Src/stm32h7xx_hal.c.obj
                0x20000238                uwTick
 *fill*         0x2000023c        0x4 
 .bss.rtU       0x20000240       0x40 CMakeFiles/DriveControlxLocalisationxStabilityxSTM.dir/Core/Src/ReferenceGeneratorxLQRCombinedxPWMGenerator.c.obj
                0x20000240                rtU
 .bss.rtY       0x20000280       0x20 CMakeFiles/DriveControlxLocalisationxStabilityxSTM.dir/Core/Src/ReferenceGeneratorxLQRCombinedxPWMGenerator.c.obj
                0x20000280                rtY
 *(COMMON)
                0x200002a0                        . = ALIGN (0x4)
                0x200002a0                        _ebss = .
                0x200002a0                        __bss_end__ = _ebss

._user_heap_stack
                0x200002a0      0x600 load address 0x0800d3a0
                0x200002a0                        . = ALIGN (0x8)
                [!provide]                        PROVIDE (end = .)
                0x200002a0                        PROVIDE (_end = .)
                0x200004a0                        . = (. + _Min_Heap_Size)
 *fill*         0x200002a0      0x200 
                0x200008a0                        . = (. + _Min_Stack_Size)
 *fill*         0x200004a0      0x400 
                0x200008a0                        . = ALIGN (0x8)

/DISCARD/
 libc.a(*)
 libm.a(*)
 libgcc.a(*)

.ARM.attributes
                0x00000000       0x2e
 *(.ARM.attributes)
 .ARM.attributes
                0x00000000       0x20 D:/programs/STM32Cube/STM32CUBEIDE/STM32CubeIDE_2.1.1/STM32CubeIDE/plugins/com.st.stm32cube.ide.mcu.externaltools.gnu-tools-for-stm32.14.3.rel1.win32_1.0.100.202602081740/tools/bin/../lib/gcc/arm-none-eabi/14.3.1/thumb/v7e-m+dp/hard/crti.o
 .ARM.attributes
                0x00000020       0x32 D:/programs/STM32Cube/STM32CUBEIDE/STM32CubeIDE_2.1.1/STM32CubeIDE/plugins/com.st.stm32cube.ide.mcu.externaltools.gnu-tools-for-stm32.14.3.rel1.win32_1.0.100.202602081740/tools/bin/../lib/gcc/arm-none-eabi/14.3.1/thumb/v7e-m+dp/hard/crtbegin.o
 .ARM.attributes
                0x00000052       0x32 D:/programs/STM32Cube/STM32CUBEIDE/STM32CubeIDE_2.1.1/STM32CubeIDE/plugins/com.st.stm32cube.ide.mcu.externaltools.gnu-tools-for-stm32.14.3.rel1.win32_1.0.100.202602081740/tools/bin/../lib/gcc/arm-none-eabi/14.3.1/../../../../arm-none-eabi/lib/thumb/v7e-m+dp/hard\libc_nano.a(libc_a-memset.o)
 .ARM.attributes
                0x00000084       0x32 D:/programs/STM32Cube/STM32CUBEIDE/STM32CubeIDE_2.1.1/STM32CubeIDE/plugins/com.st.stm32cube.ide.mcu.externaltools.gnu-tools-for-stm32.14.3.rel1.win32_1.0.100.202602081740/tools/bin/../lib/gcc/arm-none-eabi/14.3.1/../../../../arm-none-eabi/lib/thumb/v7e-m+dp/hard\libc_nano.a(libc_a-init.o)
 .ARM.attributes
                0x000000b6       0x32 CMakeFiles/DriveControlxLocalisationxStabilityxSTM.dir/Core/Src/main.c.obj
 .ARM.attributes
                0x000000e8       0x32 CMakeFiles/DriveControlxLocalisationxStabilityxSTM.dir/Core/Src/stm32h7xx_it.c.obj
 .ARM.attributes
                0x0000011a       0x32 CMakeFiles/DriveControlxLocalisationxStabilityxSTM.dir/Core/Src/stm32h7xx_hal_msp.c.obj
 .ARM.attributes
                0x0000014c       0x32 CMakeFiles/DriveControlxLocalisationxStabilityxSTM.dir/Core/Src/stm32h7xx_hal_timebase_tim.c.obj
 .ARM.attributes
                0x0000017e       0x32 CMakeFiles/DriveControlxLocalisationxStabilityxSTM.dir/Drivers/STM32H7xx_HAL_Driver/Src/stm32h7xx_hal_cortex.c.obj
 .ARM.attributes
                0x000001b0       0x32 CMakeFiles/DriveControlxLocalisationxStabilityxSTM.dir/Drivers/STM32H7xx_HAL_Driver/Src/stm32h7xx_hal_rcc.c.obj
 .ARM.attributes
                0x000001e2       0x32 CMakeFiles/DriveControlxLocalisationxStabilityxSTM.dir/Drivers/STM32H7xx_HAL_Driver/Src/stm32h7xx_hal_rcc_ex.c.obj
 .ARM.attributes
                0x00000214       0x32 CMakeFiles/DriveControlxLocalisationxStabilityxSTM.dir/Drivers/STM32H7xx_HAL_Driver/Src/stm32h7xx_hal_gpio.c.obj
 .ARM.attributes
                0x00000246       0x32 CMakeFiles/DriveControlxLocalisationxStabilityxSTM.dir/Drivers/STM32H7xx_HAL_Driver/Src/stm32h7xx_hal_dma.c.obj
 .ARM.attributes
                0x00000278       0x32 CMakeFiles/DriveControlxLocalisationxStabilityxSTM.dir/Drivers/STM32H7xx_HAL_Driver/Src/stm32h7xx_hal_pwr_ex.c.obj
 .ARM.attributes
                0x000002aa       0x32 CMakeFiles/DriveControlxLocalisationxStabilityxSTM.dir/Drivers/STM32H7xx_HAL_Driver/Src/stm32h7xx_hal.c.obj
 .ARM.attributes
                0x000002dc       0x32 CMakeFiles/DriveControlxLocalisationxStabilityxSTM.dir/Drivers/STM32H7xx_HAL_Driver/Src/stm32h7xx_hal_tim.c.obj
 .ARM.attributes
                0x0000030e       0x32 CMakeFiles/DriveControlxLocalisationxStabilityxSTM.dir/Drivers/STM32H7xx_HAL_Driver/Src/stm32h7xx_hal_tim_ex.c.obj
 .ARM.attributes
                0x00000340       0x32 CMakeFiles/DriveControlxLocalisationxStabilityxSTM.dir/Drivers/STM32H7xx_HAL_Driver/Src/stm32h7xx_hal_uart.c.obj
 .ARM.attributes
                0x00000372       0x32 CMakeFiles/DriveControlxLocalisationxStabilityxSTM.dir/Drivers/STM32H7xx_HAL_Driver/Src/stm32h7xx_hal_uart_ex.c.obj
 .ARM.attributes
                0x000003a4       0x32 CMakeFiles/DriveControlxLocalisationxStabilityxSTM.dir/Core/Src/system_stm32h7xx.c.obj
 .ARM.attributes
                0x000003d6       0x32 CMakeFiles/DriveControlxLocalisationxStabilityxSTM.dir/Core/Src/ReferenceGeneratorxLQRCombinedxPWMGenerator.c.obj
 .ARM.attributes
                0x00000408       0x21 CMakeFiles/DriveControlxLocalisationxStabilityxSTM.dir/startup_stm32h750xx.s.obj
 .ARM.attributes
                0x00000429       0x20 D:/programs/STM32Cube/STM32CUBEIDE/STM32CubeIDE_2.1.1/STM32CubeIDE/plugins/com.st.stm32cube.ide.mcu.externaltools.gnu-tools-for-stm32.14.3.rel1.win32_1.0.100.202602081740/tools/bin/../lib/gcc/arm-none-eabi/14.3.1/thumb/v7e-m+dp/hard\libgcc.a(_aeabi_uldivmod.o)
 .ARM.attributes
                0x00000449       0x32 D:/programs/STM32Cube/STM32CUBEIDE/STM32CubeIDE_2.1.1/STM32CubeIDE/plugins/com.st.stm32cube.ide.mcu.externaltools.gnu-tools-for-stm32.14.3.rel1.win32_1.0.100.202602081740/tools/bin/../lib/gcc/arm-none-eabi/14.3.1/thumb/v7e-m+dp/hard\libgcc.a(_udivmoddi4.o)
 .ARM.attributes
                0x0000047b       0x20 D:/programs/STM32Cube/STM32CUBEIDE/STM32CubeIDE_2.1.1/STM32CubeIDE/plugins/com.st.stm32cube.ide.mcu.externaltools.gnu-tools-for-stm32.14.3.rel1.win32_1.0.100.202602081740/tools/bin/../lib/gcc/arm-none-eabi/14.3.1/thumb/v7e-m+dp/hard\libgcc.a(_dvmd_tls.o)
 .ARM.attributes
                0x0000049b       0x32 D:/programs/STM32Cube/STM32CUBEIDE/STM32CubeIDE_2.1.1/STM32CubeIDE/plugins/com.st.stm32cube.ide.mcu.externaltools.gnu-tools-for-stm32.14.3.rel1.win32_1.0.100.202602081740/tools/bin/../lib/gcc/arm-none-eabi/14.3.1/../../../../arm-none-eabi/lib/thumb/v7e-m+dp/hard\libg_nano.a(libc_a-memcpy-stub.o)
 .ARM.attributes
                0x000004cd       0x20 D:/programs/STM32Cube/STM32CUBEIDE/STM32CubeIDE_2.1.1/STM32CubeIDE/plugins/com.st.stm32cube.ide.mcu.externaltools.gnu-tools-for-stm32.14.3.rel1.win32_1.0.100.202602081740/tools/bin/../lib/gcc/arm-none-eabi/14.3.1/thumb/v7e-m+dp/hard/crtn.o
OUTPUT(DriveControlxLocalisationxStabilityxSTM.elf elf32-littlearm)
LOAD linker stubs
LOAD D:/programs/STM32Cube/STM32CUBEIDE/STM32CubeIDE_2.1.1/STM32CubeIDE/plugins/com.st.stm32cube.ide.mcu.externaltools.gnu-tools-for-stm32.14.3.rel1.win32_1.0.100.202602081740/tools/bin/../lib/gcc/arm-none-eabi/14.3.1/../../../../arm-none-eabi/lib/thumb/v7e-m+dp/hard\libc.a
LOAD D:/programs/STM32Cube/STM32CUBEIDE/STM32CubeIDE_2.1.1/STM32CubeIDE/plugins/com.st.stm32cube.ide.mcu.externaltools.gnu-tools-for-stm32.14.3.rel1.win32_1.0.100.202602081740/tools/bin/../lib/gcc/arm-none-eabi/14.3.1/../../../../arm-none-eabi/lib/thumb/v7e-m+dp/hard\libm.a
LOAD D:/programs/STM32Cube/STM32CUBEIDE/STM32CubeIDE_2.1.1/STM32CubeIDE/plugins/com.st.stm32cube.ide.mcu.externaltools.gnu-tools-for-stm32.14.3.rel1.win32_1.0.100.202602081740/tools/bin/../lib/gcc/arm-none-eabi/14.3.1/thumb/v7e-m+dp/hard\libgcc.a

.debug_frame    0x00000000     0x4500
 .debug_frame   0x00000000       0x20 D:/programs/STM32Cube/STM32CUBEIDE/STM32CubeIDE_2.1.1/STM32CubeIDE/plugins/com.st.stm32cube.ide.mcu.externaltools.gnu-tools-for-stm32.14.3.rel1.win32_1.0.100.202602081740/tools/bin/../lib/gcc/arm-none-eabi/14.3.1/../../../../arm-none-eabi/lib/thumb/v7e-m+dp/hard\libc_nano.a(libc_a-memset.o)
 .debug_frame   0x00000020       0x2c D:/programs/STM32Cube/STM32CUBEIDE/STM32CubeIDE_2.1.1/STM32CubeIDE/plugins/com.st.stm32cube.ide.mcu.externaltools.gnu-tools-for-stm32.14.3.rel1.win32_1.0.100.202602081740/tools/bin/../lib/gcc/arm-none-eabi/14.3.1/../../../../arm-none-eabi/lib/thumb/v7e-m+dp/hard\libc_nano.a(libc_a-init.o)
 .debug_frame   0x0000004c      0x1a8 CMakeFiles/DriveControlxLocalisationxStabilityxSTM.dir/Core/Src/main.c.obj
 .debug_frame   0x000001f4      0x150 CMakeFiles/DriveControlxLocalisationxStabilityxSTM.dir/Core/Src/stm32h7xx_it.c.obj
 .debug_frame   0x00000344       0xec CMakeFiles/DriveControlxLocalisationxStabilityxSTM.dir/Core/Src/stm32h7xx_hal_msp.c.obj
 .debug_frame   0x00000430       0x6c CMakeFiles/DriveControlxLocalisationxStabilityxSTM.dir/Core/Src/stm32h7xx_hal_timebase_tim.c.obj
 .debug_frame   0x0000049c      0x4b8 CMakeFiles/DriveControlxLocalisationxStabilityxSTM.dir/Drivers/STM32H7xx_HAL_Driver/Src/stm32h7xx_hal_cortex.c.obj
 .debug_frame   0x00000954      0x1e4 CMakeFiles/DriveControlxLocalisationxStabilityxSTM.dir/Drivers/STM32H7xx_HAL_Driver/Src/stm32h7xx_hal_rcc.c.obj
 .debug_frame   0x00000b38      0x3d4 CMakeFiles/DriveControlxLocalisationxStabilityxSTM.dir/Drivers/STM32H7xx_HAL_Driver/Src/stm32h7xx_hal_rcc_ex.c.obj
 .debug_frame   0x00000f0c      0x130 CMakeFiles/DriveControlxLocalisationxStabilityxSTM.dir/Drivers/STM32H7xx_HAL_Driver/Src/stm32h7xx_hal_gpio.c.obj
 .debug_frame   0x0000103c      0x290 CMakeFiles/DriveControlxLocalisationxStabilityxSTM.dir/Drivers/STM32H7xx_HAL_Driver/Src/stm32h7xx_hal_dma.c.obj
 .debug_frame   0x000012cc      0x500 CMakeFiles/DriveControlxLocalisationxStabilityxSTM.dir/Drivers/STM32H7xx_HAL_Driver/Src/stm32h7xx_hal_pwr_ex.c.obj
 .debug_frame   0x000017cc      0x5e8 CMakeFiles/DriveControlxLocalisationxStabilityxSTM.dir/Drivers/STM32H7xx_HAL_Driver/Src/stm32h7xx_hal.c.obj
 .debug_frame   0x00001db4     0x1144 CMakeFiles/DriveControlxLocalisationxStabilityxSTM.dir/Drivers/STM32H7xx_HAL_Driver/Src/stm32h7xx_hal_tim.c.obj
 .debug_frame   0x00002ef8      0x690 CMakeFiles/DriveControlxLocalisationxStabilityxSTM.dir/Drivers/STM32H7xx_HAL_Driver/Src/stm32h7xx_hal_tim_ex.c.obj
 .debug_frame   0x00003588      0xa18 CMakeFiles/DriveControlxLocalisationxStabilityxSTM.dir/Drivers/STM32H7xx_HAL_Driver/Src/stm32h7xx_hal_uart.c.obj
 .debug_frame   0x00003fa0      0x29c CMakeFiles/DriveControlxLocalisationxStabilityxSTM.dir/Drivers/STM32H7xx_HAL_Driver/Src/stm32h7xx_hal_uart_ex.c.obj
 .debug_frame   0x0000423c       0x50 CMakeFiles/DriveControlxLocalisationxStabilityxSTM.dir/Core/Src/system_stm32h7xx.c.obj
 .debug_frame   0x0000428c      0x1ec CMakeFiles/DriveControlxLocalisationxStabilityxSTM.dir/Core/Src/ReferenceGeneratorxLQRCombinedxPWMGenerator.c.obj
 .debug_frame   0x00004478       0x2c D:/programs/STM32Cube/STM32CUBEIDE/STM32CubeIDE_2.1.1/STM32CubeIDE/plugins/com.st.stm32cube.ide.mcu.externaltools.gnu-tools-for-stm32.14.3.rel1.win32_1.0.100.202602081740/tools/bin/../lib/gcc/arm-none-eabi/14.3.1/thumb/v7e-m+dp/hard\libgcc.a(_aeabi_uldivmod.o)
 .debug_frame   0x000044a4       0x34 D:/programs/STM32Cube/STM32CUBEIDE/STM32CubeIDE_2.1.1/STM32CubeIDE/plugins/com.st.stm32cube.ide.mcu.externaltools.gnu-tools-for-stm32.14.3.rel1.win32_1.0.100.202602081740/tools/bin/../lib/gcc/arm-none-eabi/14.3.1/thumb/v7e-m+dp/hard\libgcc.a(_udivmoddi4.o)
 .debug_frame   0x000044d8       0x28 D:/programs/STM32Cube/STM32CUBEIDE/STM32CubeIDE_2.1.1/STM32CubeIDE/plugins/com.st.stm32cube.ide.mcu.externaltools.gnu-tools-for-stm32.14.3.rel1.win32_1.0.100.202602081740/tools/bin/../lib/gcc/arm-none-eabi/14.3.1/../../../../arm-none-eabi/lib/thumb/v7e-m+dp/hard\libg_nano.a(libc_a-memcpy-stub.o)

.debug_info     0x00000000    0x17df8
 .debug_info    0x00000000     0x25db CMakeFiles/DriveControlxLocalisationxStabilityxSTM.dir/Core/Src/main.c.obj
 .debug_info    0x000025db      0xc38 CMakeFiles/DriveControlxLocalisationxStabilityxSTM.dir/Core/Src/stm32h7xx_it.c.obj
 .debug_info    0x00003213     0x195d CMakeFiles/DriveControlxLocalisationxStabilityxSTM.dir/Core/Src/stm32h7xx_hal_msp.c.obj
 .debug_info    0x00004b70     0x10af CMakeFiles/DriveControlxLocalisationxStabilityxSTM.dir/Core/Src/stm32h7xx_hal_timebase_tim.c.obj
 .debug_info    0x00005c1f     0x10b2 CMakeFiles/DriveControlxLocalisationxStabilityxSTM.dir/Drivers/STM32H7xx_HAL_Driver/Src/stm32h7xx_hal_cortex.c.obj
 .debug_info    0x00006cd1      0xe5b CMakeFiles/DriveControlxLocalisationxStabilityxSTM.dir/Drivers/STM32H7xx_HAL_Driver/Src/stm32h7xx_hal_rcc.c.obj
 .debug_info    0x00007b2c     0x1216 CMakeFiles/DriveControlxLocalisationxStabilityxSTM.dir/Drivers/STM32H7xx_HAL_Driver/Src/stm32h7xx_hal_rcc_ex.c.obj
 .debug_info    0x00008d42      0xc4b CMakeFiles/DriveControlxLocalisationxStabilityxSTM.dir/Drivers/STM32H7xx_HAL_Driver/Src/stm32h7xx_hal_gpio.c.obj
 .debug_info    0x0000998d      0xc27 CMakeFiles/DriveControlxLocalisationxStabilityxSTM.dir/Drivers/STM32H7xx_HAL_Driver/Src/stm32h7xx_hal_dma.c.obj
 .debug_info    0x0000a5b4     0x1008 CMakeFiles/DriveControlxLocalisationxStabilityxSTM.dir/Drivers/STM32H7xx_HAL_Driver/Src/stm32h7xx_hal_pwr_ex.c.obj
 .debug_info    0x0000b5bc     0x1541 CMakeFiles/DriveControlxLocalisationxStabilityxSTM.dir/Drivers/STM32H7xx_HAL_Driver/Src/stm32h7xx_hal.c.obj
 .debug_info    0x0000cafd     0x2bae CMakeFiles/DriveControlxLocalisationxStabilityxSTM.dir/Drivers/STM32H7xx_HAL_Driver/Src/stm32h7xx_hal_tim.c.obj
 .debug_info    0x0000f6ab     0x17eb CMakeFiles/DriveControlxLocalisationxStabilityxSTM.dir/Drivers/STM32H7xx_HAL_Driver/Src/stm32h7xx_hal_tim_ex.c.obj
 .debug_info    0x00010e96     0x4b13 CMakeFiles/DriveControlxLocalisationxStabilityxSTM.dir/Drivers/STM32H7xx_HAL_Driver/Src/stm32h7xx_hal_uart.c.obj
 .debug_info    0x000159a9      0xfbf CMakeFiles/DriveControlxLocalisationxStabilityxSTM.dir/Drivers/STM32H7xx_HAL_Driver/Src/stm32h7xx_hal_uart_ex.c.obj
 .debug_info    0x00016968      0xcef CMakeFiles/DriveControlxLocalisationxStabilityxSTM.dir/Core/Src/system_stm32h7xx.c.obj
 .debug_info    0x00017657      0x650 CMakeFiles/DriveControlxLocalisationxStabilityxSTM.dir/Core/Src/ReferenceGeneratorxLQRCombinedxPWMGenerator.c.obj
 .debug_info    0x00017ca7       0x30 CMakeFiles/DriveControlxLocalisationxStabilityxSTM.dir/startup_stm32h750xx.s.obj
 .debug_info    0x00017cd7      0x121 D:/programs/STM32Cube/STM32CUBEIDE/STM32CubeIDE_2.1.1/STM32CubeIDE/plugins/com.st.stm32cube.ide.mcu.externaltools.gnu-tools-for-stm32.14.3.rel1.win32_1.0.100.202602081740/tools/bin/../lib/gcc/arm-none-eabi/14.3.1/../../../../arm-none-eabi/lib/thumb/v7e-m+dp/hard\libg_nano.a(libc_a-memcpy-stub.o)

.debug_abbrev   0x00000000     0x2b49
 .debug_abbrev  0x00000000      0x3bb CMakeFiles/DriveControlxLocalisationxStabilityxSTM.dir/Core/Src/main.c.obj
 .debug_abbrev  0x000003bb      0x198 CMakeFiles/DriveControlxLocalisationxStabilityxSTM.dir/Core/Src/stm32h7xx_it.c.obj
 .debug_abbrev  0x00000553      0x27f CMakeFiles/DriveControlxLocalisationxStabilityxSTM.dir/Core/Src/stm32h7xx_hal_msp.c.obj
 .debug_abbrev  0x000007d2      0x212 CMakeFiles/DriveControlxLocalisationxStabilityxSTM.dir/Core/Src/stm32h7xx_hal_timebase_tim.c.obj
 .debug_abbrev  0x000009e4      0x339 CMakeFiles/DriveControlxLocalisationxStabilityxSTM.dir/Drivers/STM32H7xx_HAL_Driver/Src/stm32h7xx_hal_cortex.c.obj
 .debug_abbrev  0x00000d1d      0x2c8 CMakeFiles/DriveControlxLocalisationxStabilityxSTM.dir/Drivers/STM32H7xx_HAL_Driver/Src/stm32h7xx_hal_rcc.c.obj
 .debug_abbrev  0x00000fe5      0x269 CMakeFiles/DriveControlxLocalisationxStabilityxSTM.dir/Drivers/STM32H7xx_HAL_Driver/Src/stm32h7xx_hal_rcc_ex.c.obj
 .debug_abbrev  0x0000124e      0x1fe CMakeFiles/DriveControlxLocalisationxStabilityxSTM.dir/Drivers/STM32H7xx_HAL_Driver/Src/stm32h7xx_hal_gpio.c.obj
 .debug_abbrev  0x0000144c      0x248 CMakeFiles/DriveControlxLocalisationxStabilityxSTM.dir/Drivers/STM32H7xx_HAL_Driver/Src/stm32h7xx_hal_dma.c.obj
 .debug_abbrev  0x00001694      0x2a7 CMakeFiles/DriveControlxLocalisationxStabilityxSTM.dir/Drivers/STM32H7xx_HAL_Driver/Src/stm32h7xx_hal_pwr_ex.c.obj
 .debug_abbrev  0x0000193b      0x295 CMakeFiles/DriveControlxLocalisationxStabilityxSTM.dir/Drivers/STM32H7xx_HAL_Driver/Src/stm32h7xx_hal.c.obj
 .debug_abbrev  0x00001bd0      0x276 CMakeFiles/DriveControlxLocalisationxStabilityxSTM.dir/Drivers/STM32H7xx_HAL_Driver/Src/stm32h7xx_hal_tim.c.obj
 .debug_abbrev  0x00001e46      0x281 CMakeFiles/DriveControlxLocalisationxStabilityxSTM.dir/Drivers/STM32H7xx_HAL_Driver/Src/stm32h7xx_hal_tim_ex.c.obj
 .debug_abbrev  0x000020c7      0x33d CMakeFiles/DriveControlxLocalisationxStabilityxSTM.dir/Drivers/STM32H7xx_HAL_Driver/Src/stm32h7xx_hal_uart.c.obj
 .debug_abbrev  0x00002404      0x2d2 CMakeFiles/DriveControlxLocalisationxStabilityxSTM.dir/Drivers/STM32H7xx_HAL_Driver/Src/stm32h7xx_hal_uart_ex.c.obj
 .debug_abbrev  0x000026d6      0x14c CMakeFiles/DriveControlxLocalisationxStabilityxSTM.dir/Core/Src/system_stm32h7xx.c.obj
 .debug_abbrev  0x00002822      0x242 CMakeFiles/DriveControlxLocalisationxStabilityxSTM.dir/Core/Src/ReferenceGeneratorxLQRCombinedxPWMGenerator.c.obj
 .debug_abbrev  0x00002a64       0x24 CMakeFiles/DriveControlxLocalisationxStabilityxSTM.dir/startup_stm32h750xx.s.obj
 .debug_abbrev  0x00002a88       0xc1 D:/programs/STM32Cube/STM32CUBEIDE/STM32CubeIDE_2.1.1/STM32CubeIDE/plugins/com.st.stm32cube.ide.mcu.externaltools.gnu-tools-for-stm32.14.3.rel1.win32_1.0.100.202602081740/tools/bin/../lib/gcc/arm-none-eabi/14.3.1/../../../../arm-none-eabi/lib/thumb/v7e-m+dp/hard\libg_nano.a(libc_a-memcpy-stub.o)

.debug_aranges  0x00000000     0x1150
 .debug_aranges
                0x00000000       0x78 CMakeFiles/DriveControlxLocalisationxStabilityxSTM.dir/Core/Src/main.c.obj
 .debug_aranges
                0x00000078       0x78 CMakeFiles/DriveControlxLocalisationxStabilityxSTM.dir/Core/Src/stm32h7xx_it.c.obj
 .debug_aranges
                0x000000f0       0x48 CMakeFiles/DriveControlxLocalisationxStabilityxSTM.dir/Core/Src/stm32h7xx_hal_msp.c.obj
 .debug_aranges
                0x00000138       0x30 CMakeFiles/DriveControlxLocalisationxStabilityxSTM.dir/Core/Src/stm32h7xx_hal_timebase_tim.c.obj
 .debug_aranges
                0x00000168      0x130 CMakeFiles/DriveControlxLocalisationxStabilityxSTM.dir/Drivers/STM32H7xx_HAL_Driver/Src/stm32h7xx_hal_cortex.c.obj
 .debug_aranges
                0x00000298       0x88 CMakeFiles/DriveControlxLocalisationxStabilityxSTM.dir/Drivers/STM32H7xx_HAL_Driver/Src/stm32h7xx_hal_rcc.c.obj
 .debug_aranges
                0x00000320       0xf8 CMakeFiles/DriveControlxLocalisationxStabilityxSTM.dir/Drivers/STM32H7xx_HAL_Driver/Src/stm32h7xx_hal_rcc_ex.c.obj
 .debug_aranges
                0x00000418       0x58 CMakeFiles/DriveControlxLocalisationxStabilityxSTM.dir/Drivers/STM32H7xx_HAL_Driver/Src/stm32h7xx_hal_gpio.c.obj
 .debug_aranges
                0x00000470       0xa0 CMakeFiles/DriveControlxLocalisationxStabilityxSTM.dir/Drivers/STM32H7xx_HAL_Driver/Src/stm32h7xx_hal_dma.c.obj
 .debug_aranges
                0x00000510      0x158 CMakeFiles/DriveControlxLocalisationxStabilityxSTM.dir/Drivers/STM32H7xx_HAL_Driver/Src/stm32h7xx_hal_pwr_ex.c.obj
 .debug_aranges
                0x00000668      0x198 CMakeFiles/DriveControlxLocalisationxStabilityxSTM.dir/Drivers/STM32H7xx_HAL_Driver/Src/stm32h7xx_hal.c.obj
 .debug_aranges
                0x00000800      0x3e0 CMakeFiles/DriveControlxLocalisationxStabilityxSTM.dir/Drivers/STM32H7xx_HAL_Driver/Src/stm32h7xx_hal_tim.c.obj
 .debug_aranges
                0x00000be0      0x188 CMakeFiles/DriveControlxLocalisationxStabilityxSTM.dir/Drivers/STM32H7xx_HAL_Driver/Src/stm32h7xx_hal_tim_ex.c.obj
 .debug_aranges
                0x00000d68      0x248 CMakeFiles/DriveControlxLocalisationxStabilityxSTM.dir/Drivers/STM32H7xx_HAL_Driver/Src/stm32h7xx_hal_uart.c.obj
 .debug_aranges
                0x00000fb0       0xa8 CMakeFiles/DriveControlxLocalisationxStabilityxSTM.dir/Drivers/STM32H7xx_HAL_Driver/Src/stm32h7xx_hal_uart_ex.c.obj
 .debug_aranges
                0x00001058       0x28 CMakeFiles/DriveControlxLocalisationxStabilityxSTM.dir/Core/Src/system_stm32h7xx.c.obj
 .debug_aranges
                0x00001080       0x88 CMakeFiles/DriveControlxLocalisationxStabilityxSTM.dir/Core/Src/ReferenceGeneratorxLQRCombinedxPWMGenerator.c.obj
 .debug_aranges
                0x00001108       0x28 CMakeFiles/DriveControlxLocalisationxStabilityxSTM.dir/startup_stm32h750xx.s.obj
 .debug_aranges
                0x00001130       0x20 D:/programs/STM32Cube/STM32CUBEIDE/STM32CubeIDE_2.1.1/STM32CubeIDE/plugins/com.st.stm32cube.ide.mcu.externaltools.gnu-tools-for-stm32.14.3.rel1.win32_1.0.100.202602081740/tools/bin/../lib/gcc/arm-none-eabi/14.3.1/../../../../arm-none-eabi/lib/thumb/v7e-m+dp/hard\libg_nano.a(libc_a-memcpy-stub.o)

.debug_rnglists
                0x00000000      0xd8c
 .debug_rnglists
                0x00000000       0x5c CMakeFiles/DriveControlxLocalisationxStabilityxSTM.dir/Core/Src/main.c.obj
 .debug_rnglists
                0x0000005c       0x55 CMakeFiles/DriveControlxLocalisationxStabilityxSTM.dir/Core/Src/stm32h7xx_it.c.obj
 .debug_rnglists
                0x000000b1       0x33 CMakeFiles/DriveControlxLocalisationxStabilityxSTM.dir/Core/Src/stm32h7xx_hal_msp.c.obj
 .debug_rnglists
                0x000000e4       0x20 CMakeFiles/DriveControlxLocalisationxStabilityxSTM.dir/Core/Src/stm32h7xx_hal_timebase_tim.c.obj
 .debug_rnglists
                0x00000104       0xe0 CMakeFiles/DriveControlxLocalisationxStabilityxSTM.dir/Drivers/STM32H7xx_HAL_Driver/Src/stm32h7xx_hal_cortex.c.obj
 .debug_rnglists
                0x000001e4       0x68 CMakeFiles/DriveControlxLocalisationxStabilityxSTM.dir/Drivers/STM32H7xx_HAL_Driver/Src/stm32h7xx_hal_rcc.c.obj
 .debug_rnglists
                0x0000024c       0xc0 CMakeFiles/DriveControlxLocalisationxStabilityxSTM.dir/Drivers/STM32H7xx_HAL_Driver/Src/stm32h7xx_hal_rcc_ex.c.obj
 .debug_rnglists
                0x0000030c       0x3f CMakeFiles/DriveControlxLocalisationxStabilityxSTM.dir/Drivers/STM32H7xx_HAL_Driver/Src/stm32h7xx_hal_gpio.c.obj
 .debug_rnglists
                0x0000034b       0x82 CMakeFiles/DriveControlxLocalisationxStabilityxSTM.dir/Drivers/STM32H7xx_HAL_Driver/Src/stm32h7xx_hal_dma.c.obj
 .debug_rnglists
                0x000003cd      0x103 CMakeFiles/DriveControlxLocalisationxStabilityxSTM.dir/Drivers/STM32H7xx_HAL_Driver/Src/stm32h7xx_hal_pwr_ex.c.obj
 .debug_rnglists
                0x000004d0      0x131 CMakeFiles/DriveControlxLocalisationxStabilityxSTM.dir/Drivers/STM32H7xx_HAL_Driver/Src/stm32h7xx_hal.c.obj
 .debug_rnglists
                0x00000601      0x328 CMakeFiles/DriveControlxLocalisationxStabilityxSTM.dir/Drivers/STM32H7xx_HAL_Driver/Src/stm32h7xx_hal_tim.c.obj
 .debug_rnglists
                0x00000929      0x13f CMakeFiles/DriveControlxLocalisationxStabilityxSTM.dir/Drivers/STM32H7xx_HAL_Driver/Src/stm32h7xx_hal_tim_ex.c.obj
 .debug_rnglists
                0x00000a68      0x1fa CMakeFiles/DriveControlxLocalisationxStabilityxSTM.dir/Drivers/STM32H7xx_HAL_Driver/Src/stm32h7xx_hal_uart.c.obj
 .debug_rnglists
                0x00000c62       0x7f CMakeFiles/DriveControlxLocalisationxStabilityxSTM.dir/Drivers/STM32H7xx_HAL_Driver/Src/stm32h7xx_hal_uart_ex.c.obj
 .debug_rnglists
                0x00000ce1       0x1b CMakeFiles/DriveControlxLocalisationxStabilityxSTM.dir/Core/Src/system_stm32h7xx.c.obj
 .debug_rnglists
                0x00000cfc       0x64 CMakeFiles/DriveControlxLocalisationxStabilityxSTM.dir/Core/Src/ReferenceGeneratorxLQRCombinedxPWMGenerator.c.obj
 .debug_rnglists
                0x00000d60       0x19 CMakeFiles/DriveControlxLocalisationxStabilityxSTM.dir/startup_stm32h750xx.s.obj
 .debug_rnglists
                0x00000d79       0x13 D:/programs/STM32Cube/STM32CUBEIDE/STM32CubeIDE_2.1.1/STM32CubeIDE/plugins/com.st.stm32cube.ide.mcu.externaltools.gnu-tools-for-stm32.14.3.rel1.win32_1.0.100.202602081740/tools/bin/../lib/gcc/arm-none-eabi/14.3.1/../../../../arm-none-eabi/lib/thumb/v7e-m+dp/hard\libg_nano.a(libc_a-memcpy-stub.o)

.debug_macro    0x00000000    0x3756c
 .debug_macro   0x00000000      0x2f2 CMakeFiles/DriveControlxLocalisationxStabilityxSTM.dir/Core/Src/main.c.obj
 .debug_macro   0x000002f2      0xaf0 CMakeFiles/DriveControlxLocalisationxStabilityxSTM.dir/Core/Src/main.c.obj
 .debug_macro   0x00000de2      0x238 CMakeFiles/DriveControlxLocalisationxStabilityxSTM.dir/Core/Src/main.c.obj
 .debug_macro   0x0000101a       0x2e CMakeFiles/DriveControlxLocalisationxStabilityxSTM.dir/Core/Src/main.c.obj
 .debug_macro   0x00001048       0x3b CMakeFiles/DriveControlxLocalisationxStabilityxSTM.dir/Core/Src/main.c.obj
 .debug_macro   0x00001083       0x22 CMakeFiles/DriveControlxLocalisationxStabilityxSTM.dir/Core/Src/main.c.obj
 .debug_macro   0x000010a5       0x8e CMakeFiles/DriveControlxLocalisationxStabilityxSTM.dir/Core/Src/main.c.obj
 .debug_macro   0x00001133       0x51 CMakeFiles/DriveControlxLocalisationxStabilityxSTM.dir/Core/Src/main.c.obj
 .debug_macro   0x00001184      0x103 CMakeFiles/DriveControlxLocalisationxStabilityxSTM.dir/Core/Src/main.c.obj
 .debug_macro   0x00001287       0x6a CMakeFiles/DriveControlxLocalisationxStabilityxSTM.dir/Core/Src/main.c.obj
 .debug_macro   0x000012f1      0x1df CMakeFiles/DriveControlxLocalisationxStabilityxSTM.dir/Core/Src/main.c.obj
 .debug_macro   0x000014d0       0x1c CMakeFiles/DriveControlxLocalisationxStabilityxSTM.dir/Core/Src/main.c.obj
 .debug_macro   0x000014ec       0x22 CMakeFiles/DriveControlxLocalisationxStabilityxSTM.dir/Core/Src/main.c.obj
 .debug_macro   0x0000150e       0xfb CMakeFiles/DriveControlxLocalisationxStabilityxSTM.dir/Core/Src/main.c.obj
 .debug_macro   0x00001609     0x1305 CMakeFiles/DriveControlxLocalisationxStabilityxSTM.dir/Core/Src/main.c.obj
 .debug_macro   0x0000290e      0x11f CMakeFiles/DriveControlxLocalisationxStabilityxSTM.dir/Core/Src/main.c.obj
 .debug_macro   0x00002a2d       0x27 CMakeFiles/DriveControlxLocalisationxStabilityxSTM.dir/Core/Src/main.c.obj
 .debug_macro   0x00002a54    0x25eee CMakeFiles/DriveControlxLocalisationxStabilityxSTM.dir/Core/Src/main.c.obj
 .debug_macro   0x00028942       0x6d CMakeFiles/DriveControlxLocalisationxStabilityxSTM.dir/Core/Src/main.c.obj
 .debug_macro   0x000289af     0x3d79 CMakeFiles/DriveControlxLocalisationxStabilityxSTM.dir/Core/Src/main.c.obj
 .debug_macro   0x0002c728      0x190 CMakeFiles/DriveControlxLocalisationxStabilityxSTM.dir/Core/Src/main.c.obj
 .debug_macro   0x0002c8b8       0x74 CMakeFiles/DriveControlxLocalisationxStabilityxSTM.dir/Core/Src/main.c.obj
 .debug_macro   0x0002c92c       0x29 CMakeFiles/DriveControlxLocalisationxStabilityxSTM.dir/Core/Src/main.c.obj
 .debug_macro   0x0002c955       0x3c CMakeFiles/DriveControlxLocalisationxStabilityxSTM.dir/Core/Src/main.c.obj