Archive member included to satisfy reference by file (symbol)

D:/programs/STM32Cube/STM32CUBEIDE/STM32CubeIDE_2.1.1/STM32CubeIDE/plugins/com.st.stm32cube.ide.mcu.externaltools.gnu-tools-for-stm32.14.3.rel1.win32_1.0.100.202602081740/tools/bin/../lib/gcc/arm-none-eabi/14.3.1/../../../../arm-none-eabi/lib/thumb/v7e-m+dp/hard\libc_nano.a(libc_a-exit.o)
                              D:/programs/STM32Cube/STM32CUBEIDE/STM32CubeIDE_2.1.1/STM32CubeIDE/plugins/com.st.stm32cube.ide.mcu.externaltools.gnu-tools-for-stm32.14.3.rel1.win32_1.0.100.202602081740/tools/bin/../lib/gcc/arm-none-eabi/14.3.1/../../../../arm-none-eabi/lib/thumb/v7e-m+dp/hard/crt0.o (exit)
D:/programs/STM32Cube/STM32CUBEIDE/STM32CubeIDE_2.1.1/STM32CubeIDE/plugins/com.st.stm32cube.ide.mcu.externaltools.gnu-tools-for-stm32.14.3.rel1.win32_1.0.100.202602081740/tools/bin/../lib/gcc/arm-none-eabi/14.3.1/../../../../arm-none-eabi/lib/thumb/v7e-m+dp/hard\libc_nano.a(libc_a-findfp.o)
                              D:/programs/STM32Cube/STM32CUBEIDE/STM32CubeIDE_2.1.1/STM32CubeIDE/plugins/com.st.stm32cube.ide.mcu.externaltools.gnu-tools-for-stm32.14.3.rel1.win32_1.0.100.202602081740/tools/bin/../lib/gcc/arm-none-eabi/14.3.1/../../../../arm-none-eabi/lib/thumb/v7e-m+dp/hard\libc_nano.a(libc_a-exit.o) (__stdio_exit_handler)
D:/programs/STM32Cube/STM32CUBEIDE/STM32CubeIDE_2.1.1/STM32CubeIDE/plugins/com.st.stm32cube.ide.mcu.externaltools.gnu-tools-for-stm32.14.3.rel1.win32_1.0.100.202602081740/tools/bin/../lib/gcc/arm-none-eabi/14.3.1/../../../../arm-none-eabi/lib/thumb/v7e-m+dp/hard\libc_nano.a(libc_a-fwalk.o)
                              D:/programs/STM32Cube/STM32CUBEIDE/STM32CubeIDE_2.1.1/STM32CubeIDE/plugins/com.st.stm32cube.ide.mcu.externaltools.gnu-tools-for-stm32.14.3.rel1.win32_1.0.100.202602081740/tools/bin/../lib/gcc/arm-none-eabi/14.3.1/../../../../arm-none-eabi/lib/thumb/v7e-m+dp/hard\libc_nano.a(libc_a-findfp.o) (_fwalk_sglue)
D:/programs/STM32Cube/STM32CUBEIDE/STM32CubeIDE_2.1.1/STM32CubeIDE/plugins/com.st.stm32cube.ide.mcu.externaltools.gnu-tools-for-stm32.14.3.rel1.win32_1.0.100.202602081740/tools/bin/../lib/gcc/arm-none-eabi/14.3.1/../../../../arm-none-eabi/lib/thumb/v7e-m+dp/hard\libc_nano.a(libc_a-stdio.o)
                              D:/programs/STM32Cube/STM32CUBEIDE/STM32CubeIDE_2.1.1/STM32CubeIDE/plugins/com.st.stm32cube.ide.mcu.externaltools.gnu-tools-for-stm32.14.3.rel1.win32_1.0.100.202602081740/tools/bin/../lib/gcc/arm-none-eabi/14.3.1/../../../../arm-none-eabi/lib/thumb/v7e-m+dp/hard\libc_nano.a(libc_a-findfp.o) (__sread)
D:/programs/STM32Cube/STM32CUBEIDE/STM32CubeIDE_2.1.1/STM32CubeIDE/plugins/com.st.stm32cube.ide.mcu.externaltools.gnu-tools-for-stm32.14.3.rel1.win32_1.0.100.202602081740/tools/bin/../lib/gcc/arm-none-eabi/14.3.1/../../../../arm-none-eabi/lib/thumb/v7e-m+dp/hard\libc_nano.a(libc_a-memset.o)
                              D:/programs/STM32Cube/STM32CUBEIDE/STM32CubeIDE_2.1.1/STM32CubeIDE/plugins/com.st.stm32cube.ide.mcu.externaltools.gnu-tools-for-stm32.14.3.rel1.win32_1.0.100.202602081740/tools/bin/../lib/gcc/arm-none-eabi/14.3.1/../../../../arm-none-eabi/lib/thumb/v7e-m+dp/hard/crt0.o (memset)
D:/programs/STM32Cube/STM32CUBEIDE/STM32CubeIDE_2.1.1/STM32CubeIDE/plugins/com.st.stm32cube.ide.mcu.externaltools.gnu-tools-for-stm32.14.3.rel1.win32_1.0.100.202602081740/tools/bin/../lib/gcc/arm-none-eabi/14.3.1/../../../../arm-none-eabi/lib/thumb/v7e-m+dp/hard\libc_nano.a(libc_a-closer.o)
                              D:/programs/STM32Cube/STM32CUBEIDE/STM32CubeIDE_2.1.1/STM32CubeIDE/plugins/com.st.stm32cube.ide.mcu.externaltools.gnu-tools-for-stm32.14.3.rel1.win32_1.0.100.202602081740/tools/bin/../lib/gcc/arm-none-eabi/14.3.1/../../../../arm-none-eabi/lib/thumb/v7e-m+dp/hard\libc_nano.a(libc_a-stdio.o) (_close_r)
D:/programs/STM32Cube/STM32CUBEIDE/STM32CubeIDE_2.1.1/STM32CubeIDE/plugins/com.st.stm32cube.ide.mcu.externaltools.gnu-tools-for-stm32.14.3.rel1.win32_1.0.100.202602081740/tools/bin/../lib/gcc/arm-none-eabi/14.3.1/../../../../arm-none-eabi/lib/thumb/v7e-m+dp/hard\libc_nano.a(libc_a-reent.o)
                              D:/programs/STM32Cube/STM32CUBEIDE/STM32CubeIDE_2.1.1/STM32CubeIDE/plugins/com.st.stm32cube.ide.mcu.externaltools.gnu-tools-for-stm32.14.3.rel1.win32_1.0.100.202602081740/tools/bin/../lib/gcc/arm-none-eabi/14.3.1/../../../../arm-none-eabi/lib/thumb/v7e-m+dp/hard\libc_nano.a(libc_a-closer.o) (errno)
D:/programs/STM32Cube/STM32CUBEIDE/STM32CubeIDE_2.1.1/STM32CubeIDE/plugins/com.st.stm32cube.ide.mcu.externaltools.gnu-tools-for-stm32.14.3.rel1.win32_1.0.100.202602081740/tools/bin/../lib/gcc/arm-none-eabi/14.3.1/../../../../arm-none-eabi/lib/thumb/v7e-m+dp/hard\libc_nano.a(libc_a-impure.o)
[...]
Memory Configuration

Name             Origin             Length             Attributes
DTCMRAM          0x20000000         0x00020000         xrw
RAM              0x24000000         0x00080000         xrw
RAM_D2           0x30000000         0x00048000         xrw
RAM_D3           0x38000000         0x00010000         xrw
ITCMRAM          0x00000000         0x00010000         xrw
FLASH            0x08000000         0x00020000         xr
*default*        0x00000000         0xffffffff

Linker script and memory map

LOAD D:/programs/STM32Cube/STM32CUBEIDE/STM32CubeIDE_2.1.1/STM32CubeIDE/plugins/com.st.stm32cube.ide.mcu.externaltools.gnu-tools-for-stm32.14.3.rel1.win32_1.0.100.202602081740/tools/bin/../lib/gcc/arm-none-eabi/14.3.1/thumb/v7e-m+dp/hard/crti.o
LOAD D:/programs/STM32Cube/STM32CUBEIDE/STM32CubeIDE_2.1.1/STM32CubeIDE/plugins/com.st.stm32cube.ide.mcu.externaltools.gnu-tools-for-stm32.14.3.rel1.win32_1.0.100.202602081740/tools/bin/../lib/gcc/arm-none-eabi/14.3.1/thumb/v7e-m+dp/hard/crtbegin.o
LOAD D:/programs/STM32Cube/STM32CUBEIDE/STM32CubeIDE_2.1.1/STM32CubeIDE/plugins/com.st.stm32cube.ide.mcu.externaltools.gnu-tools-for-stm32.14.3.rel1.win32_1.0.100.202602081740/tools/bin/../lib/gcc/arm-none-eabi/14.3.1/../../../../arm-none-eabi/lib/thumb/v7e-m+dp/hard/crt0.o
START GROUP
LOAD D:/programs/STM32Cube/STM32CUBEIDE/STM32CubeIDE_2.1.1/STM32CubeIDE/plugins/com.st.stm32cube.ide.mcu.externaltools.gnu-tools-for-stm32.14.3.rel1.win32_1.0.100.202602081740/tools/bin/../lib/gcc/arm-none-eabi/14.3.1/../../../../arm-none-eabi/lib/thumb/v7e-m+dp/hard\libc_nano.a
LOAD D:/programs/STM32Cube/STM32CUBEIDE/STM32CubeIDE_2.1.1/STM32CubeIDE/plugins/com.st.stm32cube.ide.mcu.externaltools.gnu-tools-for-stm32.14.3.rel1.win32_1.0.100.202602081740/tools/bin/../lib/gcc/arm-none-eabi/14.3.1/../../../../arm-none-eabi/lib/thumb/v7e-m+dp/hard\libm.a
END GROUP
LOAD CMakeFiles/LQRxSTM.dir/Core/Src/main.c.obj
LOAD CMakeFiles/LQRxSTM.dir/Core/Src/stm32h7xx_it.c.obj
LOAD CMakeFiles/LQRxSTM.dir/Core/Src/stm32h7xx_hal_msp.c.obj
LOAD CMakeFiles/LQRxSTM.dir/Core/Src/stm32h7xx_hal_timebase_tim.c.obj
LOAD CMakeFiles/LQRxSTM.dir/Drivers/STM32H7xx_HAL_Driver/Src/stm32h7xx_hal_cortex.c.obj
LOAD CMakeFiles/LQRxSTM.dir/Drivers/STM32H7xx_HAL_Driver/Src/stm32h7xx_hal_rcc.c.obj
LOAD CMakeFiles/LQRxSTM.dir/Drivers/STM32H7xx_HAL_Driver/Src/stm32h7xx_hal_rcc_ex.c.obj
LOAD CMakeFiles/LQRxSTM.dir/Drivers/STM32H7xx_HAL_Driver/Src/stm32h7xx_hal_flash.c.obj
LOAD CMakeFiles/LQRxSTM.dir/Drivers/STM32H7xx_HAL_Driver/Src/stm32h7xx_hal_flash_ex.c.obj
LOAD CMakeFiles/LQRxSTM.dir/Drivers/STM32H7xx_HAL_Driver/Src/stm32h7xx_hal_gpio.c.obj
LOAD CMakeFiles/LQRxSTM.dir/Drivers/STM32H7xx_HAL_Driver/Src/stm32h7xx_hal_hsem.c.obj
LOAD CMakeFiles/LQRxSTM.dir/Drivers/STM32H7xx_HAL_Driver/Src/stm32h7xx_hal_dma.c.obj
LOAD CMakeFiles/LQRxSTM.dir/Drivers/STM32H7xx_HAL_Driver/Src/stm32h7xx_hal_dma_ex.c.obj
LOAD CMakeFiles/LQRxSTM.dir/Drivers/STM32H7xx_HAL_Driver/Src/stm32h7xx_hal_mdma.c.obj
LOAD CMakeFiles/LQRxSTM.dir/Drivers/STM32H7xx_HAL_Driver/Src/stm32h7xx_hal_pwr.c.obj
LOAD CMakeFiles/LQRxSTM.dir/Drivers/STM32H7xx_HAL_Driver/Src/stm32h7xx_hal_pwr_ex.c.obj
LOAD CMakeFiles/LQRxSTM.dir/Drivers/STM32H7xx_HAL_Driver/Src/stm32h7xx_hal.c.obj
LOAD CMakeFiles/LQRxSTM.dir/Drivers/STM32H7xx_HAL_Driver/Src/stm32h7xx_hal_i2c.c.obj
LOAD CMakeFiles/LQRxSTM.dir/Drivers/STM32H7xx_HAL_Driver/Src/stm32h7xx_hal_i2c_ex.c.obj
LOAD CMakeFiles/LQRxSTM.dir/Drivers/STM32H7xx_HAL_Driver/Src/stm32h7xx_hal_exti.c.obj
LOAD CMakeFiles/LQRxSTM.dir/Drivers/STM32H7xx_HAL_Driver/Src/stm32h7xx_hal_tim.c.obj
LOAD CMakeFiles/LQRxSTM.dir/Drivers/STM32H7xx_HAL_Driver/Src/stm32h7xx_hal_tim_ex.c.obj
LOAD CMakeFiles/LQRxSTM.dir/Drivers/STM32H7xx_HAL_Driver/Src/stm32h7xx_hal_uart.c.obj
LOAD CMakeFiles/LQRxSTM.dir/Drivers/STM32H7xx_HAL_Driver/Src/stm32h7xx_hal_uart_ex.c.obj
LOAD CMakeFiles/LQRxSTM.dir/Core/Src/system_stm32h7xx.c.obj
LOAD CMakeFiles/LQRxSTM.dir/Core/Src/sysmem.c.obj
LOAD CMakeFiles/LQRxSTM.dir/Core/Src/syscalls.c.obj
LOAD CMakeFiles/LQRxSTM.dir/startup_stm32h750xx.s.obj
LOAD CMakeFiles/LQRxSTM.dir/Core/Src/LQRxSTM.c.obj
LOAD CMakeFiles/LQRxSTM.dir/Core/Src/LQRxSTM_data.c.obj
LOAD CMakeFiles/LQRxSTM.dir/Core/Src/path_planner.c.obj
START GROUP
LOAD D:/programs/STM32Cube/STM32CUBEIDE/STM32CubeIDE_2.1.1/STM32CubeIDE/plugins/com.st.stm32cube.ide.mcu.externaltools.gnu-tools-for-stm32.14.3.rel1.win32_1.0.100.202602081740/tools/bin/../lib/gcc/arm-none-eabi/14.3.1/thumb/v7e-m+dp/hard\libgcc.a
LOAD D:/programs/STM32Cube/STM32CUBEIDE/STM32CubeIDE_2.1.1/STM32CubeIDE/plugins/com.st.stm32cube.ide.mcu.externaltools.gnu-tools-for-stm32.14.3.rel1.win32_1.0.100.202602081740/tools/bin/../lib/gcc/arm-none-eabi/14.3.1/../../../../arm-none-eabi/lib/thumb/v7e-m+dp/hard\libg_nano.a
LOAD D:/programs/STM32Cube/STM32CUBEIDE/STM32CubeIDE_2.1.1/STM32CubeIDE/plugins/com.st.stm32cube.ide.mcu.externaltools.gnu-tools-for-stm32.14.3.rel1.win32_1.0.100.202602081740/tools/bin/../lib/gcc/arm-none-eabi/14.3.1/../../../../arm-none-eabi/lib/thumb/v7e-m+dp/hard\libc_nano.a
END GROUP
START GROUP
LOAD D:/programs/STM32Cube/STM32CUBEIDE/STM32CubeIDE_2.1.1/STM32CubeIDE/plugins/com.st.stm32cube.ide.mcu.externaltools.gnu-tools-for-stm32.14.3.rel1.win32_1.0.100.202602081740/tools/bin/../lib/gcc/arm-none-eabi/14.3.1/thumb/v7e-m+dp/hard\libgcc.a
LOAD D:/programs/STM32Cube/STM32CUBEIDE/STM32CubeIDE_2.1.1/STM32CubeIDE/plugins/com.st.stm32cube.ide.mcu.externaltools.gnu-tools-for-stm32.14.3.rel1.win32_1.0.100.202602081740/tools/bin/../lib/gcc/arm-none-eabi/14.3.1/../../../../arm-none-eabi/lib/thumb/v7e-m+dp/hard\libc_nano.a
END GROUP
LOAD D:/programs/STM32Cube/STM32CUBEIDE/STM32CubeIDE_2.1.1/STM32CubeIDE/plugins/com.st.stm32cube.ide.mcu.externaltools.gnu-tools-for-stm32.14.3.rel1.win32_1.0.100.202602081740/tools/bin/../lib/gcc/arm-none-eabi/14.3.1/thumb/v7e-m+dp/hard/crtend.o
LOAD D:/programs/STM32Cube/STM32CUBEIDE/STM32CubeIDE_2.1.1/STM32CubeIDE/plugins/com.st.stm32cube.ide.mcu.externaltools.gnu-tools-for-stm32.14.3.rel1.win32_1.0.100.202602081740/tools/bin/../lib/gcc/arm-none-eabi/14.3.1/thumb/v7e-m+dp/hard/crtn.o
                0x20020000                        _estack = (ORIGIN (DTCMRAM) + LENGTH (DTCMRAM))
                0x00000200                        _Min_Heap_Size = 0x200
                0x00000400                        _Min_Stack_Size = 0x400

.isr_vector     0x08000000      0x298
                0x08000000                        . = ALIGN (0x4)
 *(.isr_vector)
 .isr_vector    0x08000000      0x298 CMakeFiles/LQRxSTM.dir/startup_stm32h750xx.s.obj
                0x08000000                g_pfnVectors
                0x08000298                        . = ALIGN (0x4)

.text           0x08000298      0x730
                0x08000298                        . = ALIGN (0x4)
 *(.text)
 .text          0x08000298       0x40 D:/programs/STM32Cube/STM32CUBEIDE/STM32CubeIDE_2.1.1/STM32CubeIDE/plugins/com.st.stm32cube.ide.mcu.externaltools.gnu-tools-for-stm32.14.3.rel1.win32_1.0.100.202602081740/tools/bin/../lib/gcc/arm-none-eabi/14.3.1/thumb/v7e-m+dp/hard/crtbegin.o
 *(.text*)
 .text.__libc_init_array
                0x080002d8       0x48 D:/programs/STM32Cube/STM32CUBEIDE/STM32CubeIDE_2.1.1/STM32CubeIDE/plugins/com.st.stm32cube.ide.mcu.externaltools.gnu-tools-for-stm32.14.3.rel1.win32_1.0.100.202602081740/tools/bin/../lib/gcc/arm-none-eabi/14.3.1/../../../../arm-none-eabi/lib/thumb/v7e-m+dp/hard\libc_nano.a(libc_a-init.o)
                0x080002d8                __libc_init_array
 .text.HAL_TIM_PeriodElapsedCallback
                0x08000320        0xe CMakeFiles/LQRxSTM.dir/Core/Src/main.c.obj
                0x08000320                HAL_TIM_PeriodElapsedCallback
 .text.NMI_Handler
                0x0800032e        0x8 CMakeFiles/LQRxSTM.dir/Core/Src/stm32h7xx_it.c.obj
                0x0800032e                NMI_Handler
 .text.HardFault_Handler
                0x08000336        0x2 CMakeFiles/LQRxSTM.dir/Core/Src/stm32h7xx_it.c.obj
                0x08000336                HardFault_Handler
 .text.MemManage_Handler
                0x08000338        0x2 CMakeFiles/LQRxSTM.dir/Core/Src/stm32h7xx_it.c.obj
                0x08000338                MemManage_Handler
 .text.BusFault_Handler
                0x0800033a        0x2 CMakeFiles/LQRxSTM.dir/Core/Src/stm32h7xx_it.c.obj
                0x0800033a                BusFault_Handler
 .text.UsageFault_Handler
                0x0800033c        0x2 CMakeFiles/LQRxSTM.dir/Core/Src/stm32h7xx_it.c.obj
                0x0800033c                UsageFault_Handler
 .text.SVC_Handler
                0x0800033e        0x2 CMakeFiles/LQRxSTM.dir/Core/Src/stm32h7xx_it.c.obj
                0x0800033e                SVC_Handler
 .text.DebugMon_Handler
                0x08000340        0x2 CMakeFiles/LQRxSTM.dir/Core/Src/stm32h7xx_it.c.obj
                0x08000340                DebugMon_Handler
 .text.PendSV_Handler
                0x08000342        0x2 CMakeFiles/LQRxSTM.dir/Core/Src/stm32h7xx_it.c.obj
                0x08000342                PendSV_Handler
 .text.SysTick_Handler
                0x08000344        0x2 CMakeFiles/LQRxSTM.dir/Core/Src/stm32h7xx_it.c.obj
                0x08000344                SysTick_Handler
 *fill*         0x08000346        0x2 
 .text.DMA1_Stream0_IRQHandler
                0x08000348        0xc CMakeFiles/LQRxSTM.dir/Core/Src/stm32h7xx_it.c.obj
                0x08000348                DMA1_Stream0_IRQHandler
 .text.DMA1_Stream1_IRQHandler
                0x08000354        0xc CMakeFiles/LQRxSTM.dir/Core/Src/stm32h7xx_it.c.obj
                0x08000354                DMA1_Stream1_IRQHandler
 .text.TIM2_IRQHandler
                0x08000360        0xc CMakeFiles/LQRxSTM.dir/Core/Src/stm32h7xx_it.c.obj
                0x08000360                TIM2_IRQHandler
 .text.HAL_RCC_CSSCallback
                0x0800036c        0x2 CMakeFiles/LQRxSTM.dir/Drivers/STM32H7xx_HAL_Driver/Src/stm32h7xx_hal_rcc.c.obj
                0x0800036c                HAL_RCC_CSSCallback
 *fill*         0x0800036e        0x2 
 .text.HAL_RCC_NMI_IRQHandler
                0x08000370       0x1c CMakeFiles/LQRxSTM.dir/Drivers/STM32H7xx_HAL_Driver/Src/stm32h7xx_hal_rcc.c.obj
                0x08000370                HAL_RCC_NMI_IRQHandler
 .text.HAL_DMA_IRQHandler
                0x0800038c      0x3a8 CMakeFiles/LQRxSTM.dir/Drivers/STM32H7xx_HAL_Driver/Src/stm32h7xx_hal_dma.c.obj
                0x0800038c                HAL_DMA_IRQHandler
 .text.HAL_IncTick
                0x08000734       0x18 CMakeFiles/LQRxSTM.dir/Drivers/STM32H7xx_HAL_Driver/Src/stm32h7xx_hal.c.obj
                0x08000734                HAL_IncTick
 .text.HAL_TIM_OC_DelayElapsedCallback
                0x0800074c        0x2 CMakeFiles/LQRxSTM.dir/Drivers/STM32H7xx_HAL_Driver/Src/stm32h7xx_hal_tim.c.obj
                0x0800074c                HAL_TIM_OC_DelayElapsedCallback
 .text.HAL_TIM_IC_CaptureCallback
                0x0800074e        0x2 CMakeFiles/LQRxSTM.dir/Drivers/STM32H7xx_HAL_Driver/Src/stm32h7xx_hal_tim.c.obj
                0x0800074e                HAL_TIM_IC_CaptureCallback
 .text.HAL_TIM_PWM_PulseFinishedCallback
                0x08000750        0x2 CMakeFiles/LQRxSTM.dir/Drivers/STM32H7xx_HAL_Driver/Src/stm32h7xx_hal_tim.c.obj
                0x08000750                HAL_TIM_PWM_PulseFinishedCallback
 .text.HAL_TIM_TriggerCallback
                0x08000752        0x2 CMakeFiles/LQRxSTM.dir/Drivers/STM32H7xx_HAL_Driver/Src/stm32h7xx_hal_tim.c.obj
                0x08000752                HAL_TIM_TriggerCallback
 .text.HAL_TIM_IRQHandler
                0x08000754      0x140 CMakeFiles/LQRxSTM.dir/Drivers/STM32H7xx_HAL_Driver/Src/stm32h7xx_hal_tim.c.obj
                0x08000754                HAL_TIM_IRQHandler
 .text.HAL_TIMEx_CommutCallback
                0x08000894        0x2 CMakeFiles/LQRxSTM.dir/Drivers/STM32H7xx_HAL_Driver/Src/stm32h7xx_hal_tim_ex.c.obj
                0x08000894                HAL_TIMEx_CommutCallback
 .text.HAL_TIMEx_BreakCallback
                0x08000896        0x2 CMakeFiles/LQRxSTM.dir/Drivers/STM32H7xx_HAL_Driver/Src/stm32h7xx_hal_tim_ex.c.obj
                0x08000896                HAL_TIMEx_BreakCallback
 .text.HAL_TIMEx_Break2Callback
                0x08000898        0x2 CMakeFiles/LQRxSTM.dir/Drivers/STM32H7xx_HAL_Driver/Src/stm32h7xx_hal_tim_ex.c.obj
                0x08000898                HAL_TIMEx_Break2Callback
 *fill*         0x0800089a        0x2 
 .text.SystemInit
                0x0800089c       0xc0 CMakeFiles/LQRxSTM.dir/Core/Src/system_stm32h7xx.c.obj
                0x0800089c                SystemInit
 .text.Reset_Handler
                0x0800095c       0x50 CMakeFiles/LQRxSTM.dir/startup_stm32h750xx.s.obj
                0x0800095c                Reset_Handler
 .text.Default_Handler
                0x080009ac        0x2 CMakeFiles/LQRxSTM.dir/startup_stm32h750xx.s.obj
                0x080009ac                RTC_Alarm_IRQHandler
                0x080009ac                HASH_RNG_IRQHandler
                0x080009ac                EXTI2_IRQHandler
                0x080009ac                TIM8_CC_IRQHandler
                0x080009ac                HRTIM1_Master_IRQHandler
                0x080009ac                UART8_IRQHandler
                0x080009ac                SPI4_IRQHandler
                0x080009ac                TIM1_CC_IRQHandler
                0x080009ac                BDMA_Channel6_IRQHandler
                0x080009ac                DMA2_Stream5_IRQHandler
                0x080009ac                HRTIM1_FLT_IRQHandler
                0x080009ac                JPEG_IRQHandler
                0x080009ac                DMA1_Stream5_IRQHandler
                0x080009ac                BDMA_Channel1_IRQHandler
                0x080009ac                HRTIM1_TIMD_IRQHandler
                0x080009ac                TAMP_STAMP_IRQHandler
                0x080009ac                EXTI3_IRQHandler
                0x080009ac                LPTIM4_IRQHandler
                0x080009ac                TIM8_TRG_COM_TIM14_IRQHandler
                0x080009ac                LPTIM2_IRQHandler
                0x080009ac                DFSDM1_FLT1_IRQHandler
                0x080009ac                DMAMUX2_OVR_IRQHandler
                0x080009ac                TIM8_UP_TIM13_IRQHandler
                0x080009ac                I2C3_ER_IRQHandler
                0x080009ac                DFSDM1_FLT2_IRQHandler
                0x080009ac                MDMA_IRQHandler
                0x080009ac                LPTIM3_IRQHandler
                0x080009ac                HSEM1_IRQHandler
                0x080009ac                EXTI0_IRQHandler
                0x080009ac                I2C2_EV_IRQHandler
                0x080009ac                DMA1_Stream2_IRQHandler
                0x080009ac                FPU_IRQHandler
                0x080009ac                OTG_HS_WKUP_IRQHandler
                0x080009ac                FDCAN1_IT1_IRQHandler
                0x080009ac                LTDC_ER_IRQHandler
                0x080009ac                DMA2_Stream2_IRQHandler
                0x080009ac                HRTIM1_TIME_IRQHandler
                0x080009ac                SPI1_IRQHandler
                0x080009ac                TIM6_DAC_IRQHandler
                0x080009ac                DCMI_IRQHandler
                0x080009ac                HRTIM1_TIMC_IRQHandler
                0x080009ac                DMA2_Stream3_IRQHandler
                0x080009ac                SAI2_IRQHandler
                0x080009ac                DFSDM1_FLT3_IRQHandler
                0x080009ac                USART6_IRQHandler
                0x080009ac                TIM17_IRQHandler
                0x080009ac                USART3_IRQHandler
                0x080009ac                BDMA_Channel7_IRQHandler
                0x080009ac                CRYP_IRQHandler
                0x080009ac                LPTIM5_IRQHandler
                0x080009ac                UART5_IRQHandler
                0x080009ac                ADC3_IRQHandler
                0x080009ac                DMA2_Stream0_IRQHandler
                0x080009ac                TIM4_IRQHandler
                0x080009ac                BDMA_Channel2_IRQHandler
                0x080009ac                QUADSPI_IRQHandler
                0x080009ac                I2C1_EV_IRQHandler
                0x080009ac                DMA1_Stream6_IRQHandler
                0x080009ac                DMAMUX1_OVR_IRQHandler
                0x080009ac                TIM16_IRQHandler
                0x080009ac                UART4_IRQHandler
                0x080009ac                BDMA_Channel5_IRQHandler
                0x080009ac                TIM3_IRQHandler
                0x080009ac                RCC_IRQHandler
                0x080009ac                TIM8_BRK_TIM12_IRQHandler
                0x080009ac                TIM1_TRG_COM_IRQHandler
                0x080009ac                Default_Handler
                0x080009ac                ECC_IRQHandler
                0x080009ac                CEC_IRQHandler
                0x080009ac                EXTI15_10_IRQHandler
                0x080009ac                BDMA_Channel0_IRQHandler
                0x080009ac                ADC_IRQHandler
                0x080009ac                DMA1_Stream7_IRQHandler
                0x080009ac                HRTIM1_TIMA_IRQHandler
                0x080009ac                SPI5_IRQHandler
                0x080009ac                TIM7_IRQHandler
                0x080009ac                SDMMC1_IRQHandler
                0x080009ac                TIM5_IRQHandler
                0x080009ac                DMA2_Stream7_IRQHandler
                0x080009ac                TIM15_IRQHandler
                0x080009ac                PVD_AVD_IRQHandler
                0x080009ac                I2C3_EV_IRQHandler
                0x080009ac                EXTI9_5_IRQHandler
                0x080009ac                RTC_WKUP_IRQHandler
                0x080009ac                LTDC_IRQHandler
                0x080009ac                SAI3_IRQHandler
                0x080009ac                ETH_WKUP_IRQHandler
                0x080009ac                SPDIF_RX_IRQHandler
                0x080009ac                SPI2_IRQHandler
                0x080009ac                OTG_HS_EP1_IN_IRQHandler
                0x080009ac                CRS_IRQHandler
                0x080009ac                EXTI4_IRQHandler
                0x080009ac                HRTIM1_TIMB_IRQHandler
                0x080009ac                FDCAN2_IT1_IRQHandler
                0x080009ac                ETH_IRQHandler
                0x080009ac                TIM1_UP_IRQHandler
                0x080009ac                BDMA_Channel4_IRQHandler
                0x080009ac                OTG_HS_EP1_OUT_IRQHandler
                0x080009ac                WWDG_IRQHandler
                0x080009ac                SPI6_IRQHandler
                0x080009ac                MDIOS_IRQHandler
                0x080009ac                I2C4_EV_IRQHandler
                0x080009ac                FDCAN2_IT0_IRQHandler
                0x080009ac                LPUART1_IRQHandler
                0x080009ac                FDCAN1_IT0_IRQHandler
                0x080009ac                OTG_FS_WKUP_IRQHandler
                0x080009ac                OTG_HS_IRQHandler
                0x080009ac                DMA2D_IRQHandler
                0x080009ac                TIM1_BRK_IRQHandler
                0x080009ac                EXTI1_IRQHandler
                0x080009ac                SDMMC2_IRQHandler
                0x080009ac                OTG_FS_EP1_OUT_IRQHandler
                0x080009ac                BDMA_Channel3_IRQHandler
                0x080009ac                UART7_IRQHandler
                0x080009ac                MDIOS_WKUP_IRQHandler
                0x080009ac                USART2_IRQHandler
                0x080009ac                DFSDM1_FLT0_IRQHandler
                0x080009ac                SAI4_IRQHandler
                0x080009ac                I2C2_ER_IRQHandler
                0x080009ac                DMA2_Stream1_IRQHandler
                0x080009ac                FLASH_IRQHandler
                0x080009ac                DMA2_Stream4_IRQHandler
                0x080009ac                USART1_IRQHandler
                0x080009ac                OTG_FS_IRQHandler
                0x080009ac                SPI3_IRQHandler
                0x080009ac                WAKEUP_PIN_IRQHandler
                0x080009ac                DMA1_Stream4_IRQHandler
                0x080009ac                OTG_FS_EP1_IN_IRQHandler
                0x080009ac                I2C1_ER_IRQHandler
                0x080009ac                FMC_IRQHandler
                0x080009ac                FDCAN_CAL_IRQHandler
                0x080009ac                SWPMI1_IRQHandler
                0x080009ac                COMP1_IRQHandler
                0x080009ac                LPTIM1_IRQHandler
                0x080009ac                I2C4_ER_IRQHandler
                0x080009ac                DMA2_Stream6_IRQHandler
                0x080009ac                SAI1_IRQHandler
                0x080009ac                DMA1_Stream3_IRQHandler
 *(.glue_7)
 .glue_7        0x080009ae        0x0 linker stubs
 *(.glue_7t)
 .glue_7t       0x080009ae        0x0 linker stubs
 *(.eh_frame)
 *fill*         0x080009ae        0x2 
 .eh_frame      0x080009b0        0x0 D:/programs/STM32Cube/STM32CUBEIDE/STM32CubeIDE_2.1.1/STM32CubeIDE/plugins/com.st.stm32cube.ide.mcu.externaltools.gnu-tools-for-stm32.14.3.rel1.win32_1.0.100.202602081740/tools/bin/../lib/gcc/arm-none-eabi/14.3.1/thumb/v7e-m+dp/hard/crtbegin.o
 *(.init)
 .init          0x080009b0        0x4 D:/programs/STM32Cube/STM32CUBEIDE/STM32CubeIDE_2.1.1/STM32CubeIDE/plugins/com.st.stm32cube.ide.mcu.externaltools.gnu-tools-for-stm32.14.3.rel1.win32_1.0.100.202602081740/tools/bin/../lib/gcc/arm-none-eabi/14.3.1/thumb/v7e-m+dp/hard/crti.o
                0x080009b0                _init
 .init          0x080009b4        0x8 D:/programs/STM32Cube/STM32CUBEIDE/STM32CubeIDE_2.1.1/STM32CubeIDE/plugins/com.st.stm32cube.ide.mcu.externaltools.gnu-tools-for-stm32.14.3.rel1.win32_1.0.100.202602081740/tools/bin/../lib/gcc/arm-none-eabi/14.3.1/thumb/v7e-m+dp/hard/crtn.o
 *(.fini)
 .fini          0x080009bc        0x4 D:/programs/STM32Cube/STM32CUBEIDE/STM32CubeIDE_2.1.1/STM32CubeIDE/plugins/com.st.stm32cube.ide.mcu.externaltools.gnu-tools-for-stm32.14.3.rel1.win32_1.0.100.202602081740/tools/bin/../lib/gcc/arm-none-eabi/14.3.1/thumb/v7e-m+dp/hard/crti.o
                0x080009bc                _fini
 .fini          0x080009c0        0x8 D:/programs/STM32Cube/STM32CUBEIDE/STM32CubeIDE_2.1.1/STM32CubeIDE/plugins/com.st.stm32cube.ide.mcu.externaltools.gnu-tools-for-stm32.14.3.rel1.win32_1.0.100.202602081740/tools/bin/../lib/gcc/arm-none-eabi/14.3.1/thumb/v7e-m+dp/hard/crtn.o
                0x080009c8                        . = ALIGN (0x4)
                0x080009c8                        _etext = .

.vfp11_veneer   0x080009c8        0x0
 .vfp11_veneer  0x080009c8        0x0 linker stubs

.v4_bx          0x080009c8        0x0
 .v4_bx         0x080009c8        0x0 linker stubs

.iplt           0x080009c8        0x0
 .iplt          0x080009c8        0x0 D:/programs/STM32Cube/STM32CUBEIDE/STM32CubeIDE_2.1.1/STM32CubeIDE/plugins/com.st.stm32cube.ide.mcu.externaltools.gnu-tools-for-stm32.14.3.rel1.win32_1.0.100.202602081740/tools/bin/../lib/gcc/arm-none-eabi/14.3.1/thumb/v7e-m+dp/hard/crtbegin.o

.rel.dyn        0x080009c8        0x0
 .rel.iplt      0x080009c8        0x0 D:/programs/STM32Cube/STM32CUBEIDE/STM32CubeIDE_2.1.1/STM32CubeIDE/plugins/com.st.stm32cube.ide.mcu.externaltools.gnu-tools-for-stm32.14.3.rel1.win32_1.0.100.202602081740/tools/bin/../lib/gcc/arm-none-eabi/14.3.1/thumb/v7e-m+dp/hard/crtbegin.o

.rodata         0x080009c8        0x0
                0x080009c8                        . = ALIGN (0x4)
 *(.rodata)
 *(.rodata*)
                0x080009c8                        . = ALIGN (0x4)

.ARM.extab
 *(.ARM.extab* .gnu.linkonce.armextab.*)

.ARM            0x080009c8        0x0
                0x080009c8                        __exidx_start = .
 *(.ARM.exidx*)
                0x080009c8                        __exidx_end = .

.preinit_array  0x080009c8        0x0
                0x080009c8                        PROVIDE (__preinit_array_start = .)
 *(.preinit_array*)
                0x080009c8                        PROVIDE (__preinit_array_end = .)

.init_array     0x080009c8        0x4
                0x080009c8                        PROVIDE (__init_array_start = .)
 *(SORT_BY_NAME(.init_array.*))
 *(.init_array*)
 .init_array    0x080009c8        0x4 D:/programs/STM32Cube/STM32CUBEIDE/STM32CubeIDE_2.1.1/STM32CubeIDE/plugins/com.st.stm32cube.ide.mcu.externaltools.gnu-tools-for-stm32.14.3.rel1.win32_1.0.100.202602081740/tools/bin/../lib/gcc/arm-none-eabi/14.3.1/thumb/v7e-m+dp/hard/crtbegin.o
                0x080009cc                        PROVIDE (__init_array_end = .)

.fini_array     0x080009cc        0x4
                [!provide]                        PROVIDE (__fini_array_start = .)
 *(SORT_BY_NAME(.fini_array.*))
 *(.fini_array*)
 .fini_array    0x080009cc        0x4 D:/programs/STM32Cube/STM32CUBEIDE/STM32CubeIDE_2.1.1/STM32CubeIDE/plugins/com.st.stm32cube.ide.mcu.externaltools.gnu-tools-for-stm32.14.3.rel1.win32_1.0.100.202602081740/tools/bin/../lib/gcc/arm-none-eabi/14.3.1/thumb/v7e-m+dp/hard/crtbegin.o
                [!provide]                        PROVIDE (__fini_array_end = .)
                0x080009d0                        _sidata = LOADADDR (.data)

.data           0x24000000        0x8 load address 0x080009d0
                0x24000000                        . = ALIGN (0x4)
                0x24000000                        _sdata = .
 *(.data)
 *(.data*)
 .data.uwTickFreq
                0x24000000        0x1 CMakeFiles/LQRxSTM.dir/Drivers/STM32H7xx_HAL_Driver/Src/stm32h7xx_hal.c.obj
                0x24000000                uwTickFreq
 *fill*         0x24000001        0x3 
 .data.SystemCoreClock
                0x24000004        0x4 CMakeFiles/LQRxSTM.dir/Core/Src/system_stm32h7xx.c.obj
                0x24000004                SystemCoreClock
                0x24000008                        . = ALIGN (0x4)
                0x24000008                        _edata = .

.igot.plt       0x24000008        0x0 load address 0x080009d8
 .igot.plt      0x24000008        0x0 D:/programs/STM32Cube/STM32CUBEIDE/STM32CubeIDE_2.1.1/STM32CubeIDE/plugins/com.st.stm32cube.ide.mcu.externaltools.gnu-tools-for-stm32.14.3.rel1.win32_1.0.100.202602081740/tools/bin/../lib/gcc/arm-none-eabi/14.3.1/thumb/v7e-m+dp/hard/crtbegin.o
                0x24000008                        . = ALIGN (0x4)

.bss            0x24000008      0x15c load address 0x080009d8
                0x24000008                        _sbss = .
                0x24000008                        __bss_start__ = _sbss
 *(.bss)
 .bss           0x24000008       0x1c D:/programs/STM32Cube/STM32CUBEIDE/STM32CubeIDE_2.1.1/STM32CubeIDE/plugins/com.st.stm32cube.ide.mcu.externaltools.gnu-tools-for-stm32.14.3.rel1.win32_1.0.100.202602081740/tools/bin/../lib/gcc/arm-none-eabi/14.3.1/thumb/v7e-m+dp/hard/crtbegin.o
 *(.bss*)
 .bss.hdma_usart2_rx
                0x24000024       0x78 CMakeFiles/LQRxSTM.dir/Core/Src/main.c.obj
                0x24000024                hdma_usart2_rx
 .bss.hdma_usart1_rx
                0x2400009c       0x78 CMakeFiles/LQRxSTM.dir/Core/Src/main.c.obj
                0x2400009c                hdma_usart1_rx
 .bss.htim2     0x24000114       0x4c CMakeFiles/LQRxSTM.dir/Core/Src/stm32h7xx_hal_timebase_tim.c.obj
                0x24000114                htim2
 .bss.uwTick    0x24000160        0x4 CMakeFiles/LQRxSTM.dir/Drivers/STM32H7xx_HAL_Driver/Src/stm32h7xx_hal.c.obj
                0x24000160                uwTick
 *(COMMON)
                0x24000164                        . = ALIGN (0x4)
                0x24000164                        _ebss = .
                0x24000164                        __bss_end__ = _ebss

.ram_d2         0x30000000        0x0
                0x30000000                        . = ALIGN (0x4)
 *(.ram_d2)
 *(.ram_d2*)
                0x30000000                        . = ALIGN (0x4)

.ram_d3         0x38000000        0x0
                0x38000000                        . = ALIGN (0x4)
 *(.ram_d3)
 *(.ram_d3*)
                0x38000000                        . = ALIGN (0x4)

._user_heap_stack
                0x24000164      0x604
                0x24000168                        . = ALIGN (0x8)
 *fill*         0x24000164        0x4 
                [!provide]                        PROVIDE (end = .)
                0x24000168                        PROVIDE (_end = .)
                0x24000368                        . = (. + _Min_Heap_Size)
 *fill*         0x24000168      0x200 
                0x24000768                        . = (. + _Min_Stack_Size)
 *fill*         0x24000368      0x400 
                0x24000768                        . = ALIGN (0x8)

/DISCARD/
 libc.a(*)
 libm.a(*)
 libgcc.a(*)

.ARM.attributes
                0x00000000       0x2e
 *(.ARM.attributes)
 .ARM.attributes
                0x00000000       0x20 D:/programs/STM32Cube/STM32CUBEIDE/STM32CubeIDE_2.1.1/STM32CubeIDE/plugins/com.st.stm32cube.ide.mcu.externaltools.gnu-tools-for-stm32.14.3.rel1.win32_1.0.100.202602081740/tools/bin/../lib/gcc/arm-none-eabi/14.3.1/thumb/v7e-m+dp/hard/crti.o
 .ARM.attributes
                0x00000020       0x32 D:/programs/STM32Cube/STM32CUBEIDE/STM32CubeIDE_2.1.1/STM32CubeIDE/plugins/com.st.stm32cube.ide.mcu.externaltools.gnu-tools-for-stm32.14.3.rel1.win32_1.0.100.202602081740/tools/bin/../lib/gcc/arm-none-eabi/14.3.1/thumb/v7e-m+dp/hard/crtbegin.o
 .ARM.attributes
                0x00000052       0x32 D:/programs/STM32Cube/STM32CUBEIDE/STM32CubeIDE_2.1.1/STM32CubeIDE/plugins/com.st.stm32cube.ide.mcu.externaltools.gnu-tools-for-stm32.14.3.rel1.win32_1.0.100.202602081740/tools/bin/../lib/gcc/arm-none-eabi/14.3.1/../../../../arm-none-eabi/lib/thumb/v7e-m+dp/hard\libc_nano.a(libc_a-init.o)
 .ARM.attributes
                0x00000084       0x32 CMakeFiles/LQRxSTM.dir/Core/Src/main.c.obj
 .ARM.attributes
                0x000000b6       0x32 CMakeFiles/LQRxSTM.dir/Core/Src/stm32h7xx_it.c.obj
 .ARM.attributes
                0x000000e8       0x32 CMakeFiles/LQRxSTM.dir/Core/Src/stm32h7xx_hal_timebase_tim.c.obj
 .ARM.attributes
                0x0000011a       0x32 CMakeFiles/LQRxSTM.dir/Drivers/STM32H7xx_HAL_Driver/Src/stm32h7xx_hal_rcc.c.obj
 .ARM.attributes
                0x0000014c       0x32 CMakeFiles/LQRxSTM.dir/Drivers/STM32H7xx_HAL_Driver/Src/stm32h7xx_hal_dma.c.obj
 .ARM.attributes
                0x0000017e       0x32 CMakeFiles/LQRxSTM.dir/Drivers/STM32H7xx_HAL_Driver/Src/stm32h7xx_hal.c.obj
 .ARM.attributes
                0x000001b0       0x32 CMakeFiles/LQRxSTM.dir/Drivers/STM32H7xx_HAL_Driver/Src/stm32h7xx_hal_tim.c.obj
 .ARM.attributes
                0x000001e2       0x32 CMakeFiles/LQRxSTM.dir/Drivers/STM32H7xx_HAL_Driver/Src/stm32h7xx_hal_tim_ex.c.obj
 .ARM.attributes
                0x00000214       0x32 CMakeFiles/LQRxSTM.dir/Core/Src/system_stm32h7xx.c.obj
 .ARM.attributes
                0x00000246       0x21 CMakeFiles/LQRxSTM.dir/startup_stm32h750xx.s.obj
 .ARM.attributes
                0x00000267       0x20 D:/programs/STM32Cube/STM32CUBEIDE/STM32CubeIDE_2.1.1/STM32CubeIDE/plugins/com.st.stm32cube.ide.mcu.externaltools.gnu-tools-for-stm32.14.3.rel1.win32_1.0.100.202602081740/tools/bin/../lib/gcc/arm-none-eabi/14.3.1/thumb/v7e-m+dp/hard/crtn.o
OUTPUT(LQRxSTM.elf elf32-littlearm)
LOAD linker stubs
LOAD D:/programs/STM32Cube/STM32CUBEIDE/STM32CubeIDE_2.1.1/STM32CubeIDE/plugins/com.st.stm32cube.ide.mcu.externaltools.gnu-tools-for-stm32.14.3.rel1.win32_1.0.100.202602081740/tools/bin/../lib/gcc/arm-none-eabi/14.3.1/../../../../arm-none-eabi/lib/thumb/v7e-m+dp/hard\libc.a
LOAD D:/programs/STM32Cube/STM32CUBEIDE/STM32CubeIDE_2.1.1/STM32CubeIDE/plugins/com.st.stm32cube.ide.mcu.externaltools.gnu-tools-for-stm32.14.3.rel1.win32_1.0.100.202602081740/tools/bin/../lib/gcc/arm-none-eabi/14.3.1/../../../../arm-none-eabi/lib/thumb/v7e-m+dp/hard\libm.a
LOAD D:/programs/STM32Cube/STM32CUBEIDE/STM32CubeIDE_2.1.1/STM32CubeIDE/plugins/com.st.stm32cube.ide.mcu.externaltools.gnu-tools-for-stm32.14.3.rel1.win32_1.0.100.202602081740/tools/bin/../lib/gcc/arm-none-eabi/14.3.1/thumb/v7e-m+dp/hard\libgcc.a

.debug_frame    0x00000000     0x17a0
 .debug_frame   0x00000000       0x2c D:/programs/STM32Cube/STM32CUBEIDE/STM32CubeIDE_2.1.1/STM32CubeIDE/plugins/com.st.stm32cube.ide.mcu.externaltools.gnu-tools-for-stm32.14.3.rel1.win32_1.0.100.202602081740/tools/bin/../lib/gcc/arm-none-eabi/14.3.1/../../../../arm-none-eabi/lib/thumb/v7e-m+dp/hard\libc_nano.a(libc_a-init.o)
 .debug_frame   0x0000002c      0x110 CMakeFiles/LQRxSTM.dir/Core/Src/main.c.obj
 .debug_frame   0x0000013c       0xd8 CMakeFiles/LQRxSTM.dir/Core/Src/stm32h7xx_it.c.obj
 .debug_frame   0x00000214       0x50 CMakeFiles/LQRxSTM.dir/Core/Src/stm32h7xx_hal_timebase_tim.c.obj
 .debug_frame   0x00000264      0x178 CMakeFiles/LQRxSTM.dir/Drivers/STM32H7xx_HAL_Driver/Src/stm32h7xx_hal_rcc.c.obj
 .debug_frame   0x000003dc      0x1c8 CMakeFiles/LQRxSTM.dir/Drivers/STM32H7xx_HAL_Driver/Src/stm32h7xx_hal_dma.c.obj
 .debug_frame   0x000005a4      0x370 CMakeFiles/LQRxSTM.dir/Drivers/STM32H7xx_HAL_Driver/Src/stm32h7xx_hal.c.obj
 .debug_frame   0x00000914      0xa24 CMakeFiles/LQRxSTM.dir/Drivers/STM32H7xx_HAL_Driver/Src/stm32h7xx_hal_tim.c.obj
 .debug_frame   0x00001338      0x42c CMakeFiles/LQRxSTM.dir/Drivers/STM32H7xx_HAL_Driver/Src/stm32h7xx_hal_tim_ex.c.obj
 .debug_frame   0x00001764       0x3c CMakeFiles/LQRxSTM.dir/Core/Src/system_stm32h7xx.c.obj

.debug_info     0x00000000     0xe411
 .debug_info    0x00000000     0x2625 CMakeFiles/LQRxSTM.dir/Core/Src/main.c.obj
 .debug_info    0x00002625      0x884 CMakeFiles/LQRxSTM.dir/Core/Src/stm32h7xx_it.c.obj
 .debug_info    0x00002ea9     0x1151 CMakeFiles/LQRxSTM.dir/Core/Src/stm32h7xx_hal_timebase_tim.c.obj
 .debug_info    0x00003ffa     0x11bc CMakeFiles/LQRxSTM.dir/Drivers/STM32H7xx_HAL_Driver/Src/stm32h7xx_hal_rcc.c.obj
 .debug_info    0x000051b6      0xe81 CMakeFiles/LQRxSTM.dir/Drivers/STM32H7xx_HAL_Driver/Src/stm32h7xx_hal_dma.c.obj
 .debug_info    0x00006037     0x1678 CMakeFiles/LQRxSTM.dir/Drivers/STM32H7xx_HAL_Driver/Src/stm32h7xx_hal.c.obj
 .debug_info    0x000076af     0x43e7 CMakeFiles/LQRxSTM.dir/Drivers/STM32H7xx_HAL_Driver/Src/stm32h7xx_hal_tim.c.obj
 .debug_info    0x0000ba96     0x1c2f CMakeFiles/LQRxSTM.dir/Drivers/STM32H7xx_HAL_Driver/Src/stm32h7xx_hal_tim_ex.c.obj
 .debug_info    0x0000d6c5      0xd1c CMakeFiles/LQRxSTM.dir/Core/Src/system_stm32h7xx.c.obj
 .debug_info    0x0000e3e1       0x30 CMakeFiles/LQRxSTM.dir/startup_stm32h750xx.s.obj

.debug_abbrev   0x00000000     0x1924
 .debug_abbrev  0x00000000      0x3e4 CMakeFiles/LQRxSTM.dir/Core/Src/main.c.obj
 .debug_abbrev  0x000003e4      0x1de CMakeFiles/LQRxSTM.dir/Core/Src/stm32h7xx_it.c.obj
 .debug_abbrev  0x000005c2      0x249 CMakeFiles/LQRxSTM.dir/Core/Src/stm32h7xx_hal_timebase_tim.c.obj
 .debug_abbrev  0x0000080b      0x31c CMakeFiles/LQRxSTM.dir/Drivers/STM32H7xx_HAL_Driver/Src/stm32h7xx_hal_rcc.c.obj
 .debug_abbrev  0x00000b27      0x30a CMakeFiles/LQRxSTM.dir/Drivers/STM32H7xx_HAL_Driver/Src/stm32h7xx_hal_dma.c.obj
 .debug_abbrev  0x00000e31      0x315 CMakeFiles/LQRxSTM.dir/Drivers/STM32H7xx_HAL_Driver/Src/stm32h7xx_hal.c.obj
 .debug_abbrev  0x00001146      0x37f CMakeFiles/LQRxSTM.dir/Drivers/STM32H7xx_HAL_Driver/Src/stm32h7xx_hal_tim.c.obj
 .debug_abbrev  0x000014c5      0x2e9 CMakeFiles/LQRxSTM.dir/Drivers/STM32H7xx_HAL_Driver/Src/stm32h7xx_hal_tim_ex.c.obj
 .debug_abbrev  0x000017ae      0x152 CMakeFiles/LQRxSTM.dir/Core/Src/system_stm32h7xx.c.obj
 .debug_abbrev  0x00001900       0x24 CMakeFiles/LQRxSTM.dir/startup_stm32h750xx.s.obj

.debug_loclists
                0x00000000     0x522c
 .debug_loclists
                0x00000000       0x30 CMakeFiles/LQRxSTM.dir/Core/Src/main.c.obj
 .debug_loclists
                0x00000030       0x7e CMakeFiles/LQRxSTM.dir/Core/Src/stm32h7xx_hal_timebase_tim.c.obj
 .debug_loclists
                0x000000ae      0x531 CMakeFiles/LQRxSTM.dir/Drivers/STM32H7xx_HAL_Driver/Src/stm32h7xx_hal_rcc.c.obj
 .debug_loclists
                0x000005df      0x82c CMakeFiles/LQRxSTM.dir/Drivers/STM32H7xx_HAL_Driver/Src/stm32h7xx_hal_dma.c.obj
 .debug_loclists
                0x00000e0b      0x2c0 CMakeFiles/LQRxSTM.dir/Drivers/STM32H7xx_HAL_Driver/Src/stm32h7xx_hal.c.obj
 .debug_loclists
                0x000010cb     0x30b4 CMakeFiles/LQRxSTM.dir/Drivers/STM32H7xx_HAL_Driver/Src/stm32h7xx_hal_tim.c.obj
 .debug_loclists
                0x0000417f      0xf6e CMakeFiles/LQRxSTM.dir/Drivers/STM32H7xx_HAL_Driver/Src/stm32h7xx_hal_tim_ex.c.obj
 .debug_loclists
                0x000050ed      0x13f CMakeFiles/LQRxSTM.dir/Core/Src/system_stm32h7xx.c.obj

.debug_aranges  0x00000000      0x958
 .debug_aranges
                0x00000000       0x70 CMakeFiles/LQRxSTM.dir/Core/Src/main.c.obj
 .debug_aranges
                0x00000070       0x78 CMakeFiles/LQRxSTM.dir/Core/Src/stm32h7xx_it.c.obj
 .debug_aranges
                0x000000e8       0x30 CMakeFiles/LQRxSTM.dir/Core/Src/stm32h7xx_hal_timebase_tim.c.obj
 .debug_aranges
                0x00000118       0x88 CMakeFiles/LQRxSTM.dir/Drivers/STM32H7xx_HAL_Driver/Src/stm32h7xx_hal_rcc.c.obj
 .debug_aranges
                0x000001a0       0x98 CMakeFiles/LQRxSTM.dir/Drivers/STM32H7xx_HAL_Driver/Src/stm32h7xx_hal_dma.c.obj
 .debug_aranges
                0x00000238      0x198 CMakeFiles/LQRxSTM.dir/Drivers/STM32H7xx_HAL_Driver/Src/stm32h7xx_hal.c.obj
 .debug_aranges
                0x000003d0      0x3b0 CMakeFiles/LQRxSTM.dir/Drivers/STM32H7xx_HAL_Driver/Src/stm32h7xx_hal_tim.c.obj
 .debug_aranges
                0x00000780      0x188 CMakeFiles/LQRxSTM.dir/Drivers/STM32H7xx_HAL_Driver/Src/stm32h7xx_hal_tim_ex.c.obj
 .debug_aranges
                0x00000908       0x28 CMakeFiles/LQRxSTM.dir/Core/Src/system_stm32h7xx.c.obj
 .debug_aranges
                0x00000930       0x28 CMakeFiles/LQRxSTM.dir/startup_stm32h750xx.s.obj

.debug_rnglists
                0x00000000      0x844
 .debug_rnglists
                0x00000000       0x80 CMakeFiles/LQRxSTM.dir/Core/Src/main.c.obj
 .debug_rnglists
                0x00000080       0x55 CMakeFiles/LQRxSTM.dir/Core/Src/stm32h7xx_it.c.obj
 .debug_rnglists
                0x000000d5       0x20 CMakeFiles/LQRxSTM.dir/Core/Src/stm32h7xx_hal_timebase_tim.c.obj
 .debug_rnglists
                0x000000f5       0xa3 CMakeFiles/LQRxSTM.dir/Drivers/STM32H7xx_HAL_Driver/Src/stm32h7xx_hal_rcc.c.obj
 .debug_rnglists
                0x00000198       0x90 CMakeFiles/LQRxSTM.dir/Drivers/STM32H7xx_HAL_Driver/Src/stm32h7xx_hal_dma.c.obj
 .debug_rnglists
                0x00000228      0x12e CMakeFiles/LQRxSTM.dir/Drivers/STM32H7xx_HAL_Driver/Src/stm32h7xx_hal.c.obj
 .debug_rnglists
                0x00000356      0x38c CMakeFiles/LQRxSTM.dir/Drivers/STM32H7xx_HAL_Driver/Src/stm32h7xx_hal_tim.c.obj
 .debug_rnglists
                0x000006e2      0x12e CMakeFiles/LQRxSTM.dir/Drivers/STM32H7xx_HAL_Driver/Src/stm32h7xx_hal_tim_ex.c.obj
 .debug_rnglists
                0x00000810       0x1b CMakeFiles/LQRxSTM.dir/Core/Src/system_stm32h7xx.c.obj
 .debug_rnglists
                0x0000082b       0x19 CMakeFiles/LQRxSTM.dir/startup_stm32h750xx.s.obj

.debug_macro    0x00000000    0x3620c
 .debug_macro   0x00000000      0x315 CMakeFiles/LQRxSTM.dir/Core/Src/main.c.obj
 .debug_macro   0x00000315      0xaf6 CMakeFiles/LQRxSTM.dir/Core/Src/main.c.obj
 .debug_macro   0x00000e0b      0x238 CMakeFiles/LQRxSTM.dir/Core/Src/main.c.obj
 .debug_macro   0x00001043       0x2e CMakeFiles/LQRxSTM.dir/Core/Src/main.c.obj
 .debug_macro   0x00001071       0x3b CMakeFiles/LQRxSTM.dir/Core/Src/main.c.obj
 .debug_macro   0x000010ac       0x22 CMakeFiles/LQRxSTM.dir/Core/Src/main.c.obj
 .debug_macro   0x000010ce       0x8e CMakeFiles/LQRxSTM.dir/Core/Src/main.c.obj
 .debug_macro   0x0000115c       0x51 CMakeFiles/LQRxSTM.dir/Core/Src/main.c.obj
 .debug_macro   0x000011ad      0x103 CMakeFiles/LQRxSTM.dir/Core/Src/main.c.obj
 .debug_macro   0x000012b0       0x6a CMakeFiles/LQRxSTM.dir/Core/Src/main.c.obj
 .debug_macro   0x0000131a      0x1df CMakeFiles/LQRxSTM.dir/Core/Src/main.c.obj
 .debug_macro   0x000014f9       0x1c CMakeFiles/LQRxSTM.dir/Core/Src/main.c.obj
 .debug_macro   0x00001515       0x22 CMakeFiles/LQRxSTM.dir/Core/Src/main.c.obj
 .debug_macro   0x00001537       0xfb CMakeFiles/LQRxSTM.dir/Core/Src/main.c.obj
 .debug_macro   0x00001632     0x1305 CMakeFiles/LQRxSTM.dir/Core/Src/main.c.obj
 .debug_macro   0x00002937      0x11f CMakeFiles/LQRxSTM.dir/Core/Src/main.c.obj
 .debug_macro   0x00002a56       0x27 CMakeFiles/LQRxSTM.dir/Core/Src/main.c.obj
 .debug_macro   0x00002a7d    0x25eee CMakeFiles/LQRxSTM.dir/Core/Src/main.c.obj
 .debug_macro   0x0002896b       0x6d CMakeFiles/LQRxSTM.dir/Core/Src/main.c.obj
 .debug_macro   0x000289d8     0x3d79 CMakeFiles/LQRxSTM.dir/Core/Src/main.c.obj
 .debug_macro   0x0002c751      0x190 CMakeFiles/LQRxSTM.dir/Core/Src/main.c.obj
 .debug_macro   0x0002c8e1       0x74 CMakeFiles/LQRxSTM.dir/Core/Src/main.c.obj
 .debug_macro   0x0002c955       0x29 CMakeFiles/LQRxSTM.dir/Core/Src/main.c.obj
 .debug_macro   0x0002c97e       0x3c CMakeFiles/LQRxSTM.dir/Core/Src/main.c.obj
 .debug_macro   0x0002c9ba       0x34 CMakeFiles/LQRxSTM.dir/Core/Src/main.c.obj
 .debug_macro   0x0002c9ee      0x364 CMakeFiles/LQRxSTM.dir/Core/Src/main.c.obj
 .debug_macro   0x0002cd52       0x16 CMakeFiles/LQRxSTM.dir/Core/Src/main.c.obj
 .debug_macro   0x0002cd68       0x4a CMakeFiles/LQRxSTM.dir/Core/Src/main.c.obj
 .debug_macro   0x0002cdb2       0x34 CMakeFiles/LQRxSTM.dir/Core/Src/main.c.obj
 .debug_macro   0x0002cde6       0x10 CMakeFiles/LQRxSTM.dir/Core/Src/main.c.obj
 .debug_macro   0x0002cdf6       0x58 CMakeFiles/LQRxSTM.dir/Core/Src/main.c.obj
 .debug_macro   0x0002ce4e      0x1de CMakeFiles/LQRxSTM.dir/Core/Src/main.c.obj
 .debug_macro   0x0002d02c      0x19b CMakeFiles/LQRxSTM.dir/Core/Src/main.c.obj
 .debug_macro   0x0002d1c7       0x5d CMakeFiles/LQRxSTM.dir/Core/Src/main.c.obj
 .debug_macro   0x0002d224     0x240e CMakeFiles/LQRxSTM.dir/Core/Src/main.c.obj
 .debug_macro   0x0002f632     0x102c CMakeFiles/LQRxSTM.dir/Core/Src/main.c.obj
 .debug_macro   0x0003065e      0x154 CMakeFiles/LQRxSTM.dir/Core/Src/main.c.obj
 .debug_macro   0x000307b2      0x114 CMakeFiles/LQRxSTM.dir/Core/Src/main.c.obj
 .debug_macro   0x000308c6      0x3b6 CMakeFiles/LQRxSTM.dir/Core/Src/main.c.obj
 .debug_macro   0x00030c7c       0xac CMakeFiles/LQRxSTM.dir/Core/Src/main.c.obj
 .debug_macro   0x00030d28      0x72d CMakeFiles/LQRxSTM.dir/Core/Src/main.c.obj
 .debug_macro   0x00031455      0x228 CMakeFiles/LQRxSTM.dir/Core/Src/main.c.obj
 .debug_macro   0x0003167d       0x66 CMakeFiles/LQRxSTM.dir/Core/Src/main.c.obj
 .debug_macro   0x000316e3      0x3bb CMakeFiles/LQRxSTM.dir/Core/Src/main.c.obj
 .debug_macro   0x00031a9e      0x3e4 CMakeFiles/LQRxSTM.dir/Core/Src/main.c.obj
 .debug_macro   0x00031e82      0x275 CMakeFiles/LQRxSTM.dir/Core/Src/main.c.obj
 .debug_macro   0x000320f7      0x3ca CMakeFiles/LQRxSTM.dir/Core/Src/main.c.obj
 .debug_macro   0x000324c1      0x3de CMakeFiles/LQRxSTM.dir/Core/Src/main.c.obj
 .debug_macro   0x0003289f       0x3c CMakeFiles/LQRxSTM.dir/Core/Src/main.c.obj
 .debug_macro   0x000328db       0x4a CMakeFiles/LQRxSTM.dir/Core/Src/main.c.obj
 .debug_macro   0x00032925      0x22c CMakeFiles/LQRxSTM.dir/Core/Src/main.c.obj
 .debug_macro   0x00032b51       0x67 CMakeFiles/LQRxSTM.dir/Core/Src/main.c.obj
 .debug_macro   0x00032bb8       0xa5 CMakeFiles/LQRxSTM.dir/Core/Src/main.c.obj
 .debug_macro   0x00032c5d      0x1c4 CMakeFiles/LQRxSTM.dir/Core/Src/main.c.obj
 .debug_macro   0x00032e21      0x25e CMakeFiles/LQRxSTM.dir/Core/Src/main.c.obj
 .debug_macro   0x0003307f       0x35 CMakeFiles/LQRxSTM.dir/Core/Src/main.c.obj
 .debug_macro   0x000330b4      0xafa CMakeFiles/LQRxSTM.dir/Core/Src/main.c.obj
 .debug_macro   0x00033bae      0x29f CMakeFiles/LQRxSTM.dir/Core/Src/main.c.obj
 .debug_macro   0x00033e4d      0x693 CMakeFiles/LQRxSTM.dir/Core/Src/main.c.obj
 .debug_macro   0x000344e0       0xa6 CMakeFiles/LQRxSTM.dir/Core/Src/main.c.obj
 .debug_macro   0x00034586      0x5a0 CMakeFiles/LQRxSTM.dir/Core/Src/main.c.obj
 .debug_macro   0x00034b26       0x28 CMakeFiles/LQRxSTM.dir/Core/Src/main.c.obj
 .debug_macro   0x00034b4e       0x10 CMakeFiles/LQRxSTM.dir/Core/Src/main.c.obj
 .debug_macro   0x00034b5e       0x5e CMakeFiles/LQRxSTM.dir/Core/Src/main.c.obj
 .debug_macro   0x00034bbc       0x16 CMakeFiles/LQRxSTM.dir/Core/Src/main.c.obj
 .debug_macro   0x00034bd2       0x22 CMakeFiles/LQRxSTM.dir/Core/Src/main.c.obj
 .debug_macro   0x00034bf4       0x22 CMakeFiles/LQRxSTM.dir/Core/Src/main.c.obj
 .debug_macro   0x00034c16       0x16 CMakeFiles/LQRxSTM.dir/Core/Src/main.c.obj
 .debug_macro   0x00034c2c       0x3c CMakeFiles/LQRxSTM.dir/Core/Src/main.c.obj
 .debug_macro   0x00034c68       0x20 CMakeFiles/LQRxSTM.dir/Core/Src/main.c.obj
 .debug_macro   0x00034c88      0x2b2 CMakeFiles/LQRxSTM.dir/Core/Src/stm32h7xx_it.c.obj
 .debug_macro   0x00034f3a      0x299 CMakeFiles/LQRxSTM.dir/Core/Src/stm32h7xx_hal_timebase_tim.c.obj
 .debug_macro   0x000351d3      0x2bd CMakeFiles/LQRxSTM.dir/Drivers/STM32H7xx_HAL_Driver/Src/stm32h7xx_hal_rcc.c.obj
 .debug_macro   0x00035490      0x2ed CMakeFiles/LQRxSTM.dir/Drivers/STM32H7xx_HAL_Driver/Src/stm32h7xx_hal_dma.c.obj
 .debug_macro   0x0003577d      0x2c3 CMakeFiles/LQRxSTM.dir/Drivers/STM32H7xx_HAL_Driver/Src/stm32h7xx_hal.c.obj
 .debug_macro   0x00035a40      0x29a CMakeFiles/LQRxSTM.dir/Drivers/STM32H7xx_HAL_Driver/Src/stm32h7xx_hal_tim.c.obj
 .debug_macro   0x00035cda      0x299 CMakeFiles/LQRxSTM.dir/Drivers/STM32H7xx_HAL_Driver/Src/stm32h7xx_hal_tim_ex.c.obj
 .debug_macro   0x00035f73      0x299 CMakeFiles/LQRxSTM.dir/Core/Src/system_stm32h7xx.c.obj

.debug_line     0x00000000     0xf7a6
 .debug_line    0x00000000     0x13ce CMakeFiles/LQRxSTM.dir/Core/Src/main.c.obj
 .debug_line    0x000013ce      0xb9b CMakeFiles/LQRxSTM.dir/Core/Src/stm32h7xx_it.c.obj
 .debug_line    0x00001f69      0xb6d CMakeFiles/LQRxSTM.dir/Core/Src/stm32h7xx_hal_timebase_tim.c.obj
 .debug_line    0x00002ad6     0x1bd1 CMakeFiles/LQRxSTM.dir/Drivers/STM32H7xx_HAL_Driver/Src/stm32h7xx_hal_rcc.c.obj
 .debug_line    0x000046a7     0x25a2 CMakeFiles/LQRxSTM.dir/Drivers/STM32H7xx_HAL_Driver/Src/stm32h7xx_hal_dma.c.obj
 .debug_line    0x00006c49     0x11db CMakeFiles/LQRxSTM.dir/Drivers/STM32H7xx_HAL_Driver/Src/stm32h7xx_hal.c.obj
 .debug_line    0x00007e24     0x4d10 CMakeFiles/LQRxSTM.dir/Drivers/STM32H7xx_HAL_Driver/Src/stm32h7xx_hal_tim.c.obj
 .debug_line    0x0000cb34     0x1f2b CMakeFiles/LQRxSTM.dir/Drivers/STM32H7xx_HAL_Driver/Src/stm32h7xx_hal_tim_ex.c.obj
 .debug_line    0x0000ea5f      0xccd CMakeFiles/LQRxSTM.dir/Core/Src/system_stm32h7xx.c.obj
 .debug_line    0x0000f72c       0x7a CMakeFiles/LQRxSTM.dir/startup_stm32h750xx.s.obj

.debug_str      0x00000000   0x162332
 .debug_str     0x00000000   0x162332 CMakeFiles/LQRxSTM.dir/Core/Src/main.c.obj
                             0x15fa8a (size before relaxing)
 .debug_str     0x00162332   0x15e39b CMakeFiles/LQRxSTM.dir/Core/Src/stm32h7xx_it.c.obj
 .debug_str     0x00162332   0x15edee CMakeFiles/LQRxSTM.dir/Core/Src/stm32h7xx_hal_timebase_tim.c.obj
 .debug_str     0x00162332   0x15e49f CMakeFiles/LQRxSTM.dir/Drivers/STM32H7xx_HAL_Driver/Src/stm32h7xx_hal_rcc.c.obj
 .debug_str     0x00162332   0x15e83e CMakeFiles/LQRxSTM.dir/Drivers/STM32H7xx_HAL_Driver/Src/stm32h7xx_hal_dma.c.obj
 .debug_str     0x00162332   0x15f029 CMakeFiles/LQRxSTM.dir/Drivers/STM32H7xx_HAL_Driver/Src/stm32h7xx_hal.c.obj
 .debug_str     0x00162332   0x15f23e CMakeFiles/LQRxSTM.dir/Drivers/STM32H7xx_HAL_Driver/Src/stm32h7xx_hal_tim.c.obj
 .debug_str     0x00162332   0x15eb66 CMakeFiles/LQRxSTM.dir/Drivers/STM32H7xx_HAL_Driver/Src/stm32h7xx_hal_tim_ex.c.obj
 .debug_str     0x00162332   0x15e104 CMakeFiles/LQRxSTM.dir/Core/Src/system_stm32h7xx.c.obj
 .debug_str     0x00162332       0xfa CMakeFiles/LQRxSTM.dir/startup_stm32h750xx.s.obj

.comment        0x00000000       0x43
 .comment       0x00000000       0x43 CMakeFiles/LQRxSTM.dir/Core/Src/main.c.obj
                                 0x44 (size before relaxing)
 .comment       0x00000043       0x44 CMakeFiles/LQRxSTM.dir/Core/Src/stm32h7xx_it.c.obj
 .comment       0x00000043       0x44 CMakeFiles/LQRxSTM.dir/Core/Src/stm32h7xx_hal_timebase_tim.c.obj
 .comment       0x00000043       0x44 CMakeFiles/LQRxSTM.dir/Drivers/STM32H7xx_HAL_Driver/Src/stm32h7xx_hal_rcc.c.obj
 .comment       0x00000043       0x44 CMakeFiles/LQRxSTM.dir/Drivers/STM32H7xx_HAL_Driver/Src/stm32h7xx_hal_dma.c.obj
 .comment       0x00000043       0x44 CMakeFiles/LQRxSTM.dir/Drivers/STM32H7xx_HAL_Driver/Src/stm32h7xx_hal.c.obj
 .comment       0x00000043       0x44 CMakeFiles/LQRxSTM.dir/Drivers/STM32H7xx_HAL_Driver/Src/stm32h7xx_hal_tim.c.obj
 .comment       0x00000043       0x44 CMakeFiles/LQRxSTM.dir/Drivers/STM32H7xx_HAL_Driver/Src/stm32h7xx_hal_tim_ex.c.obj
 .comment       0x00000043       0x44 CMakeFiles/LQRxSTM.dir/Core/Src/system_stm32h7xx.c.obj

.debug_line_str
                0x00000000       0xde
 .debug_line_str
                0x00000000       0xde CMakeFiles/LQRxSTM.dir/startup_stm32h750xx.s.obj
